[2025-04-11T09:50:17.321+0900][0.015s][info][gc,heap] Heap region size: 4M
[2025-04-11T09:50:17.321+0900][0.015s][debug][gc,heap] Minimum heap 6442450944  Initial heap 6442450944  Maximum heap 6442450944
[2025-04-11T09:50:17.336+0900][0.030s][info ][gc     ] Using G1
[2025-04-11T09:50:17.336+0900][0.030s][info ][gc,heap,coops] Heap address: 0x0000000680000000, size: 6144 MB, Compressed Oops mode: Zero based, Oop shift amount: 3
[2025-04-11T09:50:17.336+0900][0.031s][info ][gc,cds       ] Mark closed archive regions in map: [0x00000007ffc00000, 0x00000007ffc6bff8]
[2025-04-11T09:50:17.336+0900][0.031s][info ][gc,cds       ] Mark open archive regions in map: [0x00000007ffb00000, 0x00000007ffb48ff8]
[2025-04-11T09:50:19.433+0900][2.127s][debug][gc,heap      ] GC(0) Heap before GC invocations=0 (full 0): garbage-first heap   total 6291456K, used 315092K [0x0000000680000000, 0x0000000800000000)
[2025-04-11T09:50:19.433+0900][2.127s][debug][gc,heap      ] GC(0)   region size 4096K, 76 young (311296K), 0 survivors (0K)
[2025-04-11T09:50:19.433+0900][2.127s][debug][gc,heap      ] GC(0)  Metaspace       used 15646K, capacity 16310K, committed 16512K, reserved 1064960K
[2025-04-11T09:50:19.433+0900][2.127s][debug][gc,heap      ] GC(0)   class space    used 1621K, capacity 1851K, committed 1920K, reserved 1048576K
[2025-04-11T09:50:19.433+0900][2.127s][info ][gc,start     ] GC(0) Pause Young (Normal) (G1 Evacuation Pause)
[2025-04-11T09:50:19.433+0900][2.127s][info ][gc,task      ] GC(0) Using 4 workers of 4 for evacuation
[2025-04-11T09:50:19.433+0900][2.127s][debug][gc,age       ] GC(0) Desired survivor size 20971520 bytes, new threshold 15 (max threshold 15)
[2025-04-11T09:50:19.453+0900][2.147s][debug][gc,ref       ] GC(0) Skipped phase1 of Reference Processing due to unavailable references
[2025-04-11T09:50:19.454+0900][2.148s][info ][gc,phases    ] GC(0)   Pre Evacuate Collection Set: 0.1ms
[2025-04-11T09:50:19.454+0900][2.148s][debug][gc,phases    ] GC(0)     Prepare TLABs: 0.0ms
[2025-04-11T09:50:19.454+0900][2.148s][debug][gc,phases    ] GC(0)     Choose Collection Set: 0.0ms
[2025-04-11T09:50:19.454+0900][2.148s][debug][gc,phases    ] GC(0)     Humongous Register: 0.1ms
[2025-04-11T09:50:19.454+0900][2.148s][info ][gc,phases    ] GC(0)   Evacuate Collection Set: 19.4ms
[2025-04-11T09:50:19.454+0900][2.148s][debug][gc,phases    ] GC(0)     Ext Root Scanning (ms):   Min:  0.9, Avg:  3.9, Max: 10.4, Diff:  9.5, Sum: 15.5, Workers: 4
[2025-04-11T09:50:19.454+0900][2.148s][debug][gc,phases    ] GC(0)     Update RS (ms):           Min:  0.0, Avg:  2.3, Max:  7.8, Diff:  7.8, Sum:  9.2, Workers: 4
[2025-04-11T09:50:19.454+0900][2.148s][debug][gc,phases    ] GC(0)       Processed Buffers:        Min: 0, Avg:  1.0, Max: 2, Diff: 2, Sum: 4, Workers: 4
[2025-04-11T09:50:19.454+0900][2.148s][debug][gc,phases    ] GC(0)       Scanned Cards:            Min: 0, Avg: 96.8, Max: 256, Diff: 256, Sum: 387, Workers: 4
[2025-04-11T09:50:19.454+0900][2.148s][debug][gc,phases    ] GC(0)       Skipped Cards:            Min: 0, Avg:  0.0, Max: 0, Diff: 0, Sum: 0, Workers: 4
[2025-04-11T09:50:19.454+0900][2.148s][debug][gc,phases    ] GC(0)     Scan RS (ms):             Min:  0.0, Avg:  0.0, Max:  0.0, Diff:  0.0, Sum:  0.0, Workers: 4
[2025-04-11T09:50:19.454+0900][2.148s][debug][gc,phases    ] GC(0)       Scanned Cards:            Min: 0, Avg:  0.0, Max: 0, Diff: 0, Sum: 0, Workers: 4
[2025-04-11T09:50:19.454+0900][2.148s][debug][gc,phases    ] GC(0)       Claimed Cards:            Min: 0, Avg:  0.0, Max: 0, Diff: 0, Sum: 0, Workers: 4
[2025-04-11T09:50:19.454+0900][2.148s][debug][gc,phases    ] GC(0)       Skipped Cards:            Min: 0, Avg:  0.0, Max: 0, Diff: 0, Sum: 0, Workers: 4
[2025-04-11T09:50:19.454+0900][2.148s][debug][gc,phases    ] GC(0)     Code Root Scanning (ms):  Min:  0.0, Avg:  0.6, Max:  1.4, Diff:  1.4, Sum:  2.2, Workers: 4
[2025-04-11T09:50:19.454+0900][2.148s][debug][gc,phases    ] GC(0)     AOT Root Scanning (ms):   skipped
[2025-04-11T09:50:19.454+0900][2.148s][debug][gc,phases    ] GC(0)     Object Copy (ms):         Min:  3.0, Avg:  9.4, Max: 15.4, Diff: 12.4, Sum: 37.7, Workers: 4
[2025-04-11T09:50:19.454+0900][2.148s][debug][gc,phases    ] GC(0)     Termination (ms):         Min:  0.0, Avg:  1.3, Max:  2.8, Diff:  2.8, Sum:  5.0, Workers: 4
[2025-04-11T09:50:19.454+0900][2.148s][debug][gc,phases    ] GC(0)       Termination Attempts:     Min: 1, Avg: 21.2, Max: 42, Diff: 41, Sum: 85, Workers: 4
[2025-04-11T09:50:19.454+0900][2.148s][debug][gc,phases    ] GC(0)     GC Worker Other (ms):     Min:  0.0, Avg:  0.0, Max:  0.0, Diff:  0.0, Sum:  0.1, Workers: 4
[2025-04-11T09:50:19.454+0900][2.148s][debug][gc,phases    ] GC(0)     GC Worker Total (ms):     Min: 11.7, Avg: 17.4, Max: 19.4, Diff:  7.7, Sum: 69.8, Workers: 4
[2025-04-11T09:50:19.454+0900][2.148s][info ][gc,phases    ] GC(0)   Post Evacuate Collection Set: 1.1ms
[2025-04-11T09:50:19.454+0900][2.148s][debug][gc,phases    ] GC(0)     Code Roots Fixup: 0.1ms
[2025-04-11T09:50:19.454+0900][2.148s][debug][gc,phases    ] GC(0)     Clear Card Table: 0.1ms
[2025-04-11T09:50:19.454+0900][2.148s][debug][gc,phases    ] GC(0)     Reference Processing: 0.6ms
[2025-04-11T09:50:19.454+0900][2.149s][debug][gc,phases    ] GC(0)     Weak Processing: 0.1ms
[2025-04-11T09:50:19.454+0900][2.149s][debug][gc,phases    ] GC(0)     Merge Per-Thread State: 0.0ms
[2025-04-11T09:50:19.454+0900][2.149s][debug][gc,phases    ] GC(0)     Code Roots Purge: 0.0ms
[2025-04-11T09:50:19.454+0900][2.149s][debug][gc,phases    ] GC(0)     Redirty Cards: 0.0ms
[2025-04-11T09:50:19.454+0900][2.149s][debug][gc,phases    ] GC(0)     DerivedPointerTable Update: 0.0ms
[2025-04-11T09:50:19.454+0900][2.149s][debug][gc,phases    ] GC(0)     Free Collection Set: 0.3ms
[2025-04-11T09:50:19.454+0900][2.149s][debug][gc,phases    ] GC(0)     Humongous Reclaim: 0.0ms
[2025-04-11T09:50:19.454+0900][2.149s][debug][gc,phases    ] GC(0)     Start New Collection Set: 0.0ms
[2025-04-11T09:50:19.454+0900][2.149s][debug][gc,phases    ] GC(0)     Resize TLABs: 0.0ms
[2025-04-11T09:50:19.454+0900][2.149s][debug][gc,phases    ] GC(0)     Expand Heap After Collection: 0.0ms
[2025-04-11T09:50:19.454+0900][2.149s][info ][gc,phases    ] GC(0)   Other: 0.6ms
[2025-04-11T09:50:19.454+0900][2.149s][info ][gc,heap      ] GC(0) Eden regions: 76->0(72)
[2025-04-11T09:50:19.454+0900][2.149s][info ][gc,heap      ] GC(0) Survivor regions: 0->4(10)
[2025-04-11T09:50:19.454+0900][2.149s][info ][gc,heap      ] GC(0) Old regions: 2->2
[2025-04-11T09:50:19.454+0900][2.149s][info ][gc,heap      ] GC(0) Humongous regions: 0->0
[2025-04-11T09:50:19.454+0900][2.149s][info ][gc,metaspace ] GC(0) Metaspace: 15646K->15646K(1064960K)
[2025-04-11T09:50:19.454+0900][2.149s][debug][gc,heap      ] GC(0) Heap after GC invocations=1 (full 0): garbage-first heap   total 6291456K, used 18349K [0x0000000680000000, 0x0000000800000000)
[2025-04-11T09:50:19.454+0900][2.149s][debug][gc,heap      ] GC(0)   region size 4096K, 4 young (16384K), 4 survivors (16384K)
[2025-04-11T09:50:19.454+0900][2.149s][debug][gc,heap      ] GC(0)  Metaspace       used 15646K, capacity 16310K, committed 16512K, reserved 1064960K
[2025-04-11T09:50:19.454+0900][2.149s][debug][gc,heap      ] GC(0)   class space    used 1621K, capacity 1851K, committed 1920K, reserved 1048576K
[2025-04-11T09:50:19.455+0900][2.149s][info ][gc           ] GC(0) Pause Young (Normal) (G1 Evacuation Pause) 307M->17M(6144M) 21.425ms
[2025-04-11T09:50:19.455+0900][2.149s][info ][gc,cpu       ] GC(0) User=0.08s Sys=0.01s Real=0.02s
[2025-04-11T09:50:20.234+0900][2.928s][debug][gc,heap      ] GC(1) Heap before GC invocations=1 (full 0): garbage-first heap   total 6291456K, used 313261K [0x0000000680000000, 0x0000000800000000)
[2025-04-11T09:50:20.234+0900][2.928s][debug][gc,heap      ] GC(1)   region size 4096K, 76 young (311296K), 4 survivors (16384K)
[2025-04-11T09:50:20.234+0900][2.928s][debug][gc,heap      ] GC(1)  Metaspace       used 15729K, capacity 16408K, committed 16768K, reserved 1064960K
[2025-04-11T09:50:20.234+0900][2.928s][debug][gc,heap      ] GC(1)   class space    used 1624K, capacity 1885K, committed 1920K, reserved 1048576K
[2025-04-11T09:50:20.234+0900][2.928s][info ][gc,start     ] GC(1) Pause Young (Normal) (G1 Evacuation Pause)
[2025-04-11T09:50:20.234+0900][2.928s][info ][gc,task      ] GC(1) Using 4 workers of 4 for evacuation
[2025-04-11T09:50:20.234+0900][2.928s][debug][gc,age       ] GC(1) Desired survivor size 20971520 bytes, new threshold 15 (max threshold 15)
[2025-04-11T09:50:20.250+0900][2.944s][debug][gc,ref       ] GC(1) Skipped phase1 of Reference Processing due to unavailable references
[2025-04-11T09:50:20.251+0900][2.945s][info ][gc,phases    ] GC(1)   Pre Evacuate Collection Set: 0.1ms
[2025-04-11T09:50:20.251+0900][2.945s][debug][gc,phases    ] GC(1)     Prepare TLABs: 0.0ms
[2025-04-11T09:50:20.251+0900][2.945s][debug][gc,phases    ] GC(1)     Choose Collection Set: 0.0ms
[2025-04-11T09:50:20.251+0900][2.945s][debug][gc,phases    ] GC(1)     Humongous Register: 0.1ms
[2025-04-11T09:50:20.251+0900][2.945s][info ][gc,phases    ] GC(1)   Evacuate Collection Set: 15.6ms
[2025-04-11T09:50:20.251+0900][2.945s][debug][gc,phases    ] GC(1)     Ext Root Scanning (ms):   Min:  0.0, Avg:  0.4, Max:  0.8, Diff:  0.8, Sum:  1.8, Workers: 4
[2025-04-11T09:50:20.251+0900][2.945s][debug][gc,phases    ] GC(1)     Update RS (ms):           Min:  0.0, Avg:  3.7, Max:  6.2, Diff:  6.2, Sum: 14.9, Workers: 4
[2025-04-11T09:50:20.251+0900][2.945s][debug][gc,phases    ] GC(1)       Processed Buffers:        Min: 0, Avg:  1.0, Max: 2, Diff: 2, Sum: 4, Workers: 4
[2025-04-11T09:50:20.251+0900][2.945s][debug][gc,phases    ] GC(1)       Scanned Cards:            Min: 0, Avg: 96.8, Max: 214, Diff: 214, Sum: 387, Workers: 4
[2025-04-11T09:50:20.251+0900][2.945s][debug][gc,phases    ] GC(1)       Skipped Cards:            Min: 0, Avg: 46.0, Max: 92, Diff: 92, Sum: 184, Workers: 4
[2025-04-11T09:50:20.251+0900][2.945s][debug][gc,phases    ] GC(1)     Scan RS (ms):             Min:  0.0, Avg:  0.8, Max:  3.1, Diff:  3.1, Sum:  3.1, Workers: 4
[2025-04-11T09:50:20.251+0900][2.945s][debug][gc,phases    ] GC(1)       Scanned Cards:            Min: 0, Avg: 31.2, Max: 125, Diff: 125, Sum: 125, Workers: 4
[2025-04-11T09:50:20.251+0900][2.945s][debug][gc,phases    ] GC(1)       Claimed Cards:            Min: 0, Avg: 50.5, Max: 202, Diff: 202, Sum: 202, Workers: 4
[2025-04-11T09:50:20.251+0900][2.945s][debug][gc,phases    ] GC(1)       Skipped Cards:            Min: 0, Avg: 37.2, Max: 149, Diff: 149, Sum: 149, Workers: 4
[2025-04-11T09:50:20.251+0900][2.945s][debug][gc,phases    ] GC(1)     Code Root Scanning (ms):  Min:  0.0, Avg:  0.6, Max:  1.5, Diff:  1.5, Sum:  2.4, Workers: 4
[2025-04-11T09:50:20.251+0900][2.945s][debug][gc,phases    ] GC(1)     AOT Root Scanning (ms):   skipped
[2025-04-11T09:50:20.251+0900][2.945s][debug][gc,phases    ] GC(1)     Object Copy (ms):         Min:  1.4, Avg:  7.3, Max: 13.5, Diff: 12.1, Sum: 29.0, Workers: 4
[2025-04-11T09:50:20.251+0900][2.945s][debug][gc,phases    ] GC(1)     Termination (ms):         Min:  0.0, Avg:  0.3, Max:  0.4, Diff:  0.4, Sum:  1.1, Workers: 4
[2025-04-11T09:50:20.251+0900][2.945s][debug][gc,phases    ] GC(1)       Termination Attempts:     Min: 1, Avg:  2.2, Max: 5, Diff: 4, Sum: 9, Workers: 4
[2025-04-11T09:50:20.251+0900][2.945s][debug][gc,phases    ] GC(1)     GC Worker Other (ms):     Min:  0.0, Avg:  0.0, Max:  0.0, Diff:  0.0, Sum:  0.1, Workers: 4
[2025-04-11T09:50:20.251+0900][2.945s][debug][gc,phases    ] GC(1)     GC Worker Total (ms):     Min:  5.9, Avg: 13.1, Max: 15.6, Diff:  9.7, Sum: 52.5, Workers: 4
[2025-04-11T09:50:20.251+0900][2.945s][info ][gc,phases    ] GC(1)   Post Evacuate Collection Set: 1.0ms
[2025-04-11T09:50:20.251+0900][2.945s][debug][gc,phases    ] GC(1)     Code Roots Fixup: 0.1ms
[2025-04-11T09:50:20.251+0900][2.945s][debug][gc,phases    ] GC(1)     Clear Card Table: 0.1ms
[2025-04-11T09:50:20.251+0900][2.945s][debug][gc,phases    ] GC(1)     Reference Processing: 0.4ms
[2025-04-11T09:50:20.251+0900][2.945s][debug][gc,phases    ] GC(1)     Weak Processing: 0.1ms
[2025-04-11T09:50:20.251+0900][2.946s][debug][gc,phases    ] GC(1)     Merge Per-Thread State: 0.0ms
[2025-04-11T09:50:20.251+0900][2.946s][debug][gc,phases    ] GC(1)     Code Roots Purge: 0.0ms
[2025-04-11T09:50:20.251+0900][2.946s][debug][gc,phases    ] GC(1)     Redirty Cards: 0.0ms
[2025-04-11T09:50:20.251+0900][2.946s][debug][gc,phases    ] GC(1)     DerivedPointerTable Update: 0.0ms
[2025-04-11T09:50:20.251+0900][2.946s][debug][gc,phases    ] GC(1)     Free Collection Set: 0.2ms
[2025-04-11T09:50:20.251+0900][2.946s][debug][gc,phases    ] GC(1)     Humongous Reclaim: 0.0ms
[2025-04-11T09:50:20.251+0900][2.946s][debug][gc,phases    ] GC(1)     Start New Collection Set: 0.0ms
[2025-04-11T09:50:20.251+0900][2.946s][debug][gc,phases    ] GC(1)     Resize TLABs: 0.0ms
[2025-04-11T09:50:20.251+0900][2.946s][debug][gc,phases    ] GC(1)     Expand Heap After Collection: 0.0ms
[2025-04-11T09:50:20.251+0900][2.946s][info ][gc,phases    ] GC(1)   Other: 0.3ms
[2025-04-11T09:50:20.251+0900][2.946s][info ][gc,heap      ] GC(1) Eden regions: 72->0(80)
[2025-04-11T09:50:20.251+0900][2.946s][info ][gc,heap      ] GC(1) Survivor regions: 4->5(10)
[2025-04-11T09:50:20.251+0900][2.946s][info ][gc,heap      ] GC(1) Old regions: 2->2
[2025-04-11T09:50:20.251+0900][2.946s][info ][gc,heap      ] GC(1) Humongous regions: 0->0
[2025-04-11T09:50:20.251+0900][2.946s][info ][gc,metaspace ] GC(1) Metaspace: 15729K->15729K(1064960K)
[2025-04-11T09:50:20.251+0900][2.946s][debug][gc,heap      ] GC(1) Heap after GC invocations=2 (full 0): garbage-first heap   total 6291456K, used 21199K [0x0000000680000000, 0x0000000800000000)
[2025-04-11T09:50:20.251+0900][2.946s][debug][gc,heap      ] GC(1)   region size 4096K, 5 young (20480K), 5 survivors (20480K)
[2025-04-11T09:50:20.251+0900][2.946s][debug][gc,heap      ] GC(1)  Metaspace       used 15729K, capacity 16408K, committed 16768K, reserved 1064960K
[2025-04-11T09:50:20.251+0900][2.946s][debug][gc,heap      ] GC(1)   class space    used 1624K, capacity 1885K, committed 1920K, reserved 1048576K
[2025-04-11T09:50:20.252+0900][2.946s][info ][gc           ] GC(1) Pause Young (Normal) (G1 Evacuation Pause) 305M->20M(6144M) 17.177ms
[2025-04-11T09:50:20.252+0900][2.946s][info ][gc,cpu       ] GC(1) User=0.07s Sys=0.00s Real=0.01s
[2025-04-11T09:50:20.895+0900][3.589s][debug][gc,heap      ] GC(2) Heap before GC invocations=2 (full 0): garbage-first heap   total 6291456K, used 185039K [0x0000000680000000, 0x0000000800000000)
[2025-04-11T09:50:20.895+0900][3.589s][debug][gc,heap      ] GC(2)   region size 4096K, 46 young (188416K), 5 survivors (20480K)
[2025-04-11T09:50:20.895+0900][3.589s][debug][gc,heap      ] GC(2)  Metaspace       used 20280K, capacity 20971K, committed 21296K, reserved 1069056K
[2025-04-11T09:50:20.895+0900][3.589s][debug][gc,heap      ] GC(2)   class space    used 2171K, capacity 2418K, committed 2432K, reserved 1048576K
[2025-04-11T09:50:20.895+0900][3.589s][info ][gc,start     ] GC(2) Pause Young (Concurrent Start) (Metadata GC Threshold)
[2025-04-11T09:50:20.895+0900][3.589s][info ][gc,task      ] GC(2) Using 4 workers of 4 for evacuation
[2025-04-11T09:50:20.895+0900][3.589s][debug][gc,age       ] GC(2) Desired survivor size 23068672 bytes, new threshold 15 (max threshold 15)
[2025-04-11T09:50:20.908+0900][3.602s][debug][gc,ref       ] GC(2) Skipped phase1 of Reference Processing due to unavailable references
[2025-04-11T09:50:20.908+0900][3.603s][info ][gc,phases    ] GC(2)   Pre Evacuate Collection Set: 0.0ms
[2025-04-11T09:50:20.908+0900][3.603s][debug][gc,phases    ] GC(2)     Prepare TLABs: 0.0ms
[2025-04-11T09:50:20.908+0900][3.603s][debug][gc,phases    ] GC(2)     Choose Collection Set: 0.0ms
[2025-04-11T09:50:20.908+0900][3.603s][debug][gc,phases    ] GC(2)     Humongous Register: 0.0ms
[2025-04-11T09:50:20.908+0900][3.603s][debug][gc,phases    ] GC(2)     Clear Claimed Marks: 0.0ms
[2025-04-11T09:50:20.908+0900][3.603s][info ][gc,phases    ] GC(2)   Evacuate Collection Set: 11.9ms
[2025-04-11T09:50:20.908+0900][3.603s][debug][gc,phases    ] GC(2)     Ext Root Scanning (ms):   Min:  0.7, Avg:  2.5, Max:  4.3, Diff:  3.7, Sum: 10.2, Workers: 4
[2025-04-11T09:50:20.908+0900][3.603s][debug][gc,phases    ] GC(2)     Update RS (ms):           Min:  0.0, Avg:  0.5, Max:  1.0, Diff:  1.0, Sum:  2.0, Workers: 4
[2025-04-11T09:50:20.908+0900][3.603s][debug][gc,phases    ] GC(2)       Processed Buffers:        Min: 0, Avg:  1.5, Max: 3, Diff: 3, Sum: 6, Workers: 4
[2025-04-11T09:50:20.908+0900][3.603s][debug][gc,phases    ] GC(2)       Scanned Cards:            Min: 0, Avg: 19.8, Max: 34, Diff: 34, Sum: 79, Workers: 4
[2025-04-11T09:50:20.908+0900][3.603s][debug][gc,phases    ] GC(2)       Skipped Cards:            Min: 0, Avg:  6.0, Max: 13, Diff: 13, Sum: 24, Workers: 4
[2025-04-11T09:50:20.908+0900][3.603s][debug][gc,phases    ] GC(2)     Scan RS (ms):             Min:  1.1, Avg:  2.1, Max:  2.6, Diff:  1.4, Sum:  8.5, Workers: 4
[2025-04-11T09:50:20.908+0900][3.603s][debug][gc,phases    ] GC(2)       Scanned Cards:            Min: 66, Avg: 86.2, Max: 106, Diff: 40, Sum: 345, Workers: 4
[2025-04-11T09:50:20.908+0900][3.603s][debug][gc,phases    ] GC(2)       Claimed Cards:            Min: 94, Avg: 190.8, Max: 322, Diff: 228, Sum: 763, Workers: 4
[2025-04-11T09:50:20.908+0900][3.603s][debug][gc,phases    ] GC(2)       Skipped Cards:            Min: 441, Avg: 516.0, Max: 660, Diff: 219, Sum: 2064, Workers: 4
[2025-04-11T09:50:20.909+0900][3.603s][debug][gc,phases    ] GC(2)     Code Root Scanning (ms):  Min:  0.1, Avg:  0.7, Max:  1.0, Diff:  1.0, Sum:  3.0, Workers: 4
[2025-04-11T09:50:20.909+0900][3.603s][debug][gc,phases    ] GC(2)     AOT Root Scanning (ms):   skipped
[2025-04-11T09:50:20.909+0900][3.603s][debug][gc,phases    ] GC(2)     Object Copy (ms):         Min:  0.9, Avg:  4.9, Max:  8.7, Diff:  7.8, Sum: 19.7, Workers: 4
[2025-04-11T09:50:20.909+0900][3.603s][debug][gc,phases    ] GC(2)     Termination (ms):         Min:  0.0, Avg:  0.1, Max:  0.2, Diff:  0.2, Sum:  0.6, Workers: 4
[2025-04-11T09:50:20.909+0900][3.603s][debug][gc,phases    ] GC(2)       Termination Attempts:     Min: 1, Avg:  1.0, Max: 1, Diff: 0, Sum: 4, Workers: 4
[2025-04-11T09:50:20.909+0900][3.603s][debug][gc,phases    ] GC(2)     GC Worker Other (ms):     Min:  0.0, Avg:  0.0, Max:  0.0, Diff:  0.0, Sum:  0.0, Workers: 4
[2025-04-11T09:50:20.909+0900][3.603s][debug][gc,phases    ] GC(2)     GC Worker Total (ms):     Min:  8.3, Avg: 11.0, Max: 11.9, Diff:  3.6, Sum: 44.0, Workers: 4
[2025-04-11T09:50:20.909+0900][3.603s][info ][gc,phases    ] GC(2)   Post Evacuate Collection Set: 0.8ms
[2025-04-11T09:50:20.909+0900][3.603s][debug][gc,phases    ] GC(2)     Code Roots Fixup: 0.1ms
[2025-04-11T09:50:20.909+0900][3.603s][debug][gc,phases    ] GC(2)     Clear Card Table: 0.1ms
[2025-04-11T09:50:20.909+0900][3.603s][debug][gc,phases    ] GC(2)     Reference Processing: 0.4ms
[2025-04-11T09:50:20.909+0900][3.603s][debug][gc,phases    ] GC(2)     Weak Processing: 0.0ms
[2025-04-11T09:50:20.909+0900][3.603s][debug][gc,phases    ] GC(2)     Merge Per-Thread State: 0.0ms
[2025-04-11T09:50:20.909+0900][3.603s][debug][gc,phases    ] GC(2)     Code Roots Purge: 0.0ms
[2025-04-11T09:50:20.909+0900][3.603s][debug][gc,phases    ] GC(2)     Redirty Cards: 0.0ms
[2025-04-11T09:50:20.909+0900][3.603s][debug][gc,phases    ] GC(2)     DerivedPointerTable Update: 0.0ms
[2025-04-11T09:50:20.909+0900][3.603s][debug][gc,phases    ] GC(2)     Free Collection Set: 0.3ms
[2025-04-11T09:50:20.909+0900][3.603s][debug][gc,phases    ] GC(2)     Humongous Reclaim: 0.0ms
[2025-04-11T09:50:20.909+0900][3.603s][debug][gc,phases    ] GC(2)     Start New Collection Set: 0.0ms
[2025-04-11T09:50:20.909+0900][3.603s][debug][gc,phases    ] GC(2)     Resize TLABs: 0.0ms
[2025-04-11T09:50:20.909+0900][3.603s][debug][gc,phases    ] GC(2)     Expand Heap After Collection: 0.0ms
[2025-04-11T09:50:20.909+0900][3.603s][info ][gc,phases    ] GC(2)   Other: 0.4ms
[2025-04-11T09:50:20.909+0900][3.603s][info ][gc,heap      ] GC(2) Eden regions: 41->0(98)
[2025-04-11T09:50:20.909+0900][3.603s][info ][gc,heap      ] GC(2) Survivor regions: 5->4(11)
[2025-04-11T09:50:20.909+0900][3.603s][info ][gc,heap      ] GC(2) Old regions: 2->2
[2025-04-11T09:50:20.909+0900][3.603s][info ][gc,heap      ] GC(2) Humongous regions: 0->0
[2025-04-11T09:50:20.909+0900][3.603s][info ][gc,metaspace ] GC(2) Metaspace: 20280K->20280K(1069056K)
[2025-04-11T09:50:20.909+0900][3.603s][debug][gc,heap      ] GC(2) Heap after GC invocations=3 (full 0): garbage-first heap   total 6291456K, used 18962K [0x0000000680000000, 0x0000000800000000)
[2025-04-11T09:50:20.909+0900][3.603s][debug][gc,heap      ] GC(2)   region size 4096K, 4 young (16384K), 4 survivors (16384K)
[2025-04-11T09:50:20.909+0900][3.603s][debug][gc,heap      ] GC(2)  Metaspace       used 20280K, capacity 20971K, committed 21296K, reserved 1069056K
[2025-04-11T09:50:20.909+0900][3.603s][debug][gc,heap      ] GC(2)   class space    used 2171K, capacity 2418K, committed 2432K, reserved 1048576K
[2025-04-11T09:50:20.909+0900][3.603s][info ][gc           ] GC(2) Pause Young (Concurrent Start) (Metadata GC Threshold) 184M->18M(6144M) 13.334ms
[2025-04-11T09:50:20.909+0900][3.603s][info ][gc,cpu       ] GC(2) User=0.04s Sys=0.00s Real=0.01s
[2025-04-11T09:50:20.909+0900][3.603s][info ][gc           ] GC(3) Concurrent Cycle
[2025-04-11T09:50:20.909+0900][3.603s][info ][gc,marking   ] GC(3) Concurrent Clear Claimed Marks
[2025-04-11T09:50:20.909+0900][3.603s][info ][gc,marking   ] GC(3) Concurrent Clear Claimed Marks 0.021ms
[2025-04-11T09:50:20.909+0900][3.603s][info ][gc,marking   ] GC(3) Concurrent Scan Root Regions
[2025-04-11T09:50:20.916+0900][3.610s][info ][gc,marking   ] GC(3) Concurrent Scan Root Regions 6.975ms
[2025-04-11T09:50:20.916+0900][3.610s][info ][gc,marking   ] GC(3) Concurrent Mark (3.610s)
[2025-04-11T09:50:20.916+0900][3.610s][info ][gc,marking   ] GC(3) Concurrent Mark From Roots
[2025-04-11T09:50:20.916+0900][3.610s][info ][gc,task      ] GC(3) Using 1 workers of 1 for marking
[2025-04-11T09:50:20.919+0900][3.613s][info ][gc,marking   ] GC(3) Concurrent Mark From Roots 3.206ms
[2025-04-11T09:50:20.919+0900][3.613s][info ][gc,marking   ] GC(3) Concurrent Preclean
[2025-04-11T09:50:20.919+0900][3.613s][debug][gc,ref       ] GC(3) Preclean SoftReferences 0.021ms
[2025-04-11T09:50:20.919+0900][3.613s][debug][gc,ref       ] GC(3) Preclean WeakReferences 0.013ms
[2025-04-11T09:50:20.919+0900][3.613s][debug][gc,ref       ] GC(3) Preclean FinalReferences 0.014ms
[2025-04-11T09:50:20.919+0900][3.613s][debug][gc,ref       ] GC(3) Preclean PhantomReferences 0.013ms
[2025-04-11T09:50:20.919+0900][3.613s][info ][gc,marking   ] GC(3) Concurrent Preclean 0.097ms
[2025-04-11T09:50:20.919+0900][3.613s][info ][gc,marking   ] GC(3) Concurrent Mark (3.610s, 3.613s) 3.334ms
[2025-04-11T09:50:20.919+0900][3.613s][info ][gc,start     ] GC(3) Pause Remark
[2025-04-11T09:50:20.919+0900][3.614s][debug][gc,phases    ] GC(3) Finalize Marking 0.262ms
[2025-04-11T09:50:20.919+0900][3.614s][debug][gc,ref       ] GC(3) Skipped phase1 of Reference Processing due to unavailable references
[2025-04-11T09:50:20.919+0900][3.614s][debug][gc,ref       ] GC(3) Skipped phase2 of Reference Processing due to unavailable references
[2025-04-11T09:50:20.919+0900][3.614s][debug][gc,ref       ] GC(3) Skipped phase3 of Reference Processing due to unavailable references
[2025-04-11T09:50:20.919+0900][3.614s][debug][gc,ref       ] GC(3) Skipped phase4 of Reference Processing due to unavailable references
[2025-04-11T09:50:20.919+0900][3.614s][debug][gc,phases    ] GC(3) Reference Processing 0.027ms
[2025-04-11T09:50:20.919+0900][3.614s][debug][gc,phases    ] GC(3) Weak Processing 0.011ms
[2025-04-11T09:50:20.920+0900][3.614s][debug][gc,phases    ] GC(3) ClassLoaderData 0.141ms
[2025-04-11T09:50:20.920+0900][3.614s][debug][gc,phases    ] GC(3) ProtectionDomainCacheTable 0.003ms
[2025-04-11T09:50:20.922+0900][3.617s][info ][gc,stringtable] GC(3) Cleaned string and symbol table, strings: 15464 processed, 0 removed, symbols: 56772 processed, 154 removed
[2025-04-11T09:50:20.922+0900][3.617s][debug][gc,phases     ] GC(3) Class Unloading 2.990ms
[2025-04-11T09:50:20.922+0900][3.617s][debug][gc,phases     ] GC(3) Flush Task Caches 0.008ms
[2025-04-11T09:50:20.923+0900][3.617s][debug][gc,phases     ] GC(3) Update Remembered Set Tracking Before Rebuild 0.131ms
[2025-04-11T09:50:20.923+0900][3.617s][debug][gc,phases     ] GC(3) Reclaim Empty Regions 0.109ms
[2025-04-11T09:50:20.923+0900][3.617s][debug][gc,phases     ] GC(3) Purge Metaspace 0.000ms
[2025-04-11T09:50:20.923+0900][3.617s][debug][gc,phases     ] GC(3) Report Object Count 0.000ms
[2025-04-11T09:50:20.923+0900][3.617s][info ][gc            ] GC(3) Pause Remark 21M->21M(6144M) 3.618ms
[2025-04-11T09:50:20.923+0900][3.617s][info ][gc,cpu        ] GC(3) User=0.01s Sys=0.00s Real=0.01s
[2025-04-11T09:50:20.923+0900][3.617s][info ][gc,marking    ] GC(3) Concurrent Rebuild Remembered Sets
[2025-04-11T09:50:20.923+0900][3.617s][info ][gc,marking    ] GC(3) Concurrent Rebuild Remembered Sets 0.398ms
[2025-04-11T09:50:20.923+0900][3.617s][info ][gc,start      ] GC(3) Pause Cleanup
[2025-04-11T09:50:20.923+0900][3.617s][debug][gc,phases     ] GC(3) Update Remembered Set Tracking After Rebuild 0.035ms
[2025-04-11T09:50:20.923+0900][3.618s][debug][gc,phases     ] GC(3) Finalize Concurrent Mark Cleanup 0.193ms
[2025-04-11T09:50:20.923+0900][3.618s][info ][gc            ] GC(3) Pause Cleanup 21M->21M(6144M) 0.257ms
[2025-04-11T09:50:20.923+0900][3.618s][info ][gc,cpu        ] GC(3) User=0.00s Sys=0.00s Real=0.00s
[2025-04-11T09:50:20.923+0900][3.618s][info ][gc,marking    ] GC(3) Concurrent Cleanup for Next Mark
[2025-04-11T09:50:20.946+0900][3.640s][info ][gc,marking    ] GC(3) Concurrent Cleanup for Next Mark 22.590ms
[2025-04-11T09:50:20.946+0900][3.640s][info ][gc            ] GC(3) Concurrent Cycle 37.466ms
[2025-04-11T09:50:22.146+0900][4.840s][debug][gc,heap       ] GC(4) Heap before GC invocations=4 (full 0): garbage-first heap   total 6291456K, used 231954K [0x0000000680000000, 0x0000000800000000)
[2025-04-11T09:50:22.146+0900][4.840s][debug][gc,heap       ] GC(4)   region size 4096K, 57 young (233472K), 4 survivors (16384K)
[2025-04-11T09:50:22.146+0900][4.840s][debug][gc,heap       ] GC(4)  Metaspace       used 34474K, capacity 35477K, committed 35708K, reserved 1081344K
[2025-04-11T09:50:22.146+0900][4.840s][debug][gc,heap       ] GC(4)   class space    used 4082K, capacity 4520K, committed 4608K, reserved 1048576K
[2025-04-11T09:50:22.146+0900][4.840s][info ][gc,start      ] GC(4) Pause Young (Concurrent Start) (Metadata GC Threshold)
[2025-04-11T09:50:22.146+0900][4.840s][info ][gc,task       ] GC(4) Using 4 workers of 4 for evacuation
[2025-04-11T09:50:22.146+0900][4.840s][debug][gc,age        ] GC(4) Desired survivor size 29360128 bytes, new threshold 15 (max threshold 15)
[2025-04-11T09:50:22.173+0900][4.867s][debug][gc,ref        ] GC(4) Skipped phase1 of Reference Processing due to unavailable references
[2025-04-11T09:50:22.174+0900][4.868s][info ][gc,phases     ] GC(4)   Pre Evacuate Collection Set: 0.1ms
[2025-04-11T09:50:22.174+0900][4.868s][debug][gc,phases     ] GC(4)     Prepare TLABs: 0.0ms
[2025-04-11T09:50:22.174+0900][4.868s][debug][gc,phases     ] GC(4)     Choose Collection Set: 0.0ms
[2025-04-11T09:50:22.174+0900][4.868s][debug][gc,phases     ] GC(4)     Humongous Register: 0.0ms
[2025-04-11T09:50:22.174+0900][4.868s][debug][gc,phases     ] GC(4)     Clear Claimed Marks: 0.1ms
[2025-04-11T09:50:22.174+0900][4.868s][info ][gc,phases     ] GC(4)   Evacuate Collection Set: 26.2ms
[2025-04-11T09:50:22.174+0900][4.868s][debug][gc,phases     ] GC(4)     Ext Root Scanning (ms):   Min:  0.9, Avg: 10.8, Max: 15.9, Diff: 15.0, Sum: 43.1, Workers: 4
[2025-04-11T09:50:22.174+0900][4.868s][debug][gc,phases     ] GC(4)     Update RS (ms):           Min:  0.0, Avg:  2.6, Max:  5.2, Diff:  5.2, Sum: 10.5, Workers: 4
[2025-04-11T09:50:22.174+0900][4.868s][debug][gc,phases     ] GC(4)       Processed Buffers:        Min: 0, Avg:  1.2, Max: 2, Diff: 2, Sum: 5, Workers: 4
[2025-04-11T09:50:22.174+0900][4.868s][debug][gc,phases     ] GC(4)       Scanned Cards:            Min: 0, Avg: 98.0, Max: 189, Diff: 189, Sum: 392, Workers: 4
[2025-04-11T09:50:22.174+0900][4.868s][debug][gc,phases     ] GC(4)       Skipped Cards:            Min: 0, Avg:  1.2, Max: 5, Diff: 5, Sum: 5, Workers: 4
[2025-04-11T09:50:22.174+0900][4.868s][debug][gc,phases     ] GC(4)     Scan RS (ms):             Min:  0.8, Avg:  2.6, Max:  4.3, Diff:  3.5, Sum: 10.4, Workers: 4
[2025-04-11T09:50:22.174+0900][4.868s][debug][gc,phases     ] GC(4)       Scanned Cards:            Min: 33, Avg: 96.8, Max: 214, Diff: 181, Sum: 387, Workers: 4
[2025-04-11T09:50:22.174+0900][4.868s][debug][gc,phases     ] GC(4)       Claimed Cards:            Min: 128, Avg: 219.8, Max: 384, Diff: 256, Sum: 879, Workers: 4
[2025-04-11T09:50:22.174+0900][4.868s][debug][gc,phases     ] GC(4)       Skipped Cards:            Min: 257, Avg: 503.5, Max: 751, Diff: 494, Sum: 2014, Workers: 4
[2025-04-11T09:50:22.174+0900][4.868s][debug][gc,phases     ] GC(4)     Code Root Scanning (ms):  Min:  0.0, Avg:  1.1, Max:  3.2, Diff:  3.2, Sum:  4.6, Workers: 4
[2025-04-11T09:50:22.174+0900][4.868s][debug][gc,phases     ] GC(4)     AOT Root Scanning (ms):   skipped
[2025-04-11T09:50:22.174+0900][4.868s][debug][gc,phases     ] GC(4)     Object Copy (ms):         Min:  2.2, Avg:  8.6, Max: 19.3, Diff: 17.1, Sum: 34.4, Workers: 4
[2025-04-11T09:50:22.174+0900][4.868s][debug][gc,phases     ] GC(4)     Termination (ms):         Min:  0.0, Avg:  0.0, Max:  0.0, Diff:  0.0, Sum:  0.0, Workers: 4
[2025-04-11T09:50:22.174+0900][4.868s][debug][gc,phases     ] GC(4)       Termination Attempts:     Min: 1, Avg:  1.0, Max: 1, Diff: 0, Sum: 4, Workers: 4
[2025-04-11T09:50:22.174+0900][4.868s][debug][gc,phases     ] GC(4)     GC Worker Other (ms):     Min:  0.0, Avg:  0.0, Max:  0.0, Diff:  0.0, Sum:  0.1, Workers: 4
[2025-04-11T09:50:22.174+0900][4.868s][debug][gc,phases     ] GC(4)     GC Worker Total (ms):     Min: 24.5, Avg: 25.8, Max: 26.2, Diff:  1.7, Sum: 103.0, Workers: 4
[2025-04-11T09:50:22.174+0900][4.868s][info ][gc,phases     ] GC(4)   Post Evacuate Collection Set: 0.9ms
[2025-04-11T09:50:22.174+0900][4.868s][debug][gc,phases     ] GC(4)     Code Roots Fixup: 0.1ms
[2025-04-11T09:50:22.174+0900][4.868s][debug][gc,phases     ] GC(4)     Clear Card Table: 0.1ms
[2025-04-11T09:50:22.174+0900][4.868s][debug][gc,phases     ] GC(4)     Reference Processing: 0.2ms
[2025-04-11T09:50:22.174+0900][4.868s][debug][gc,phases     ] GC(4)     Weak Processing: 0.1ms
[2025-04-11T09:50:22.174+0900][4.868s][debug][gc,phases     ] GC(4)     Merge Per-Thread State: 0.0ms
[2025-04-11T09:50:22.174+0900][4.868s][debug][gc,phases     ] GC(4)     Code Roots Purge: 0.0ms
[2025-04-11T09:50:22.174+0900][4.868s][debug][gc,phases     ] GC(4)     Redirty Cards: 0.0ms
[2025-04-11T09:50:22.174+0900][4.868s][debug][gc,phases     ] GC(4)     DerivedPointerTable Update: 0.0ms
[2025-04-11T09:50:22.174+0900][4.868s][debug][gc,phases     ] GC(4)     Free Collection Set: 0.3ms
[2025-04-11T09:50:22.174+0900][4.868s][debug][gc,phases     ] GC(4)     Humongous Reclaim: 0.0ms
[2025-04-11T09:50:22.174+0900][4.868s][debug][gc,phases     ] GC(4)     Start New Collection Set: 0.0ms
[2025-04-11T09:50:22.174+0900][4.868s][debug][gc,phases     ] GC(4)     Resize TLABs: 0.0ms
[2025-04-11T09:50:22.174+0900][4.868s][debug][gc,phases     ] GC(4)     Expand Heap After Collection: 0.0ms
[2025-04-11T09:50:22.174+0900][4.868s][info ][gc,phases     ] GC(4)   Other: 0.4ms
[2025-04-11T09:50:22.174+0900][4.868s][info ][gc,heap       ] GC(4) Eden regions: 53->0(87)
[2025-04-11T09:50:22.174+0900][4.868s][info ][gc,heap       ] GC(4) Survivor regions: 4->6(14)
[2025-04-11T09:50:22.174+0900][4.868s][info ][gc,heap       ] GC(4) Old regions: 2->2
[2025-04-11T09:50:22.174+0900][4.868s][info ][gc,heap       ] GC(4) Humongous regions: 0->0
[2025-04-11T09:50:22.174+0900][4.868s][info ][gc,metaspace  ] GC(4) Metaspace: 34474K->34474K(1081344K)
[2025-04-11T09:50:22.174+0900][4.868s][debug][gc,heap       ] GC(4) Heap after GC invocations=5 (full 0): garbage-first heap   total 6291456K, used 27030K [0x0000000680000000, 0x0000000800000000)
[2025-04-11T09:50:22.174+0900][4.868s][debug][gc,heap       ] GC(4)   region size 4096K, 6 young (24576K), 6 survivors (24576K)
[2025-04-11T09:50:22.174+0900][4.868s][debug][gc,heap       ] GC(4)  Metaspace       used 34474K, capacity 35477K, committed 35708K, reserved 1081344K
[2025-04-11T09:50:22.174+0900][4.868s][debug][gc,heap       ] GC(4)   class space    used 4082K, capacity 4520K, committed 4608K, reserved 1048576K
[2025-04-11T09:50:22.174+0900][4.868s][info ][gc            ] GC(4) Pause Young (Concurrent Start) (Metadata GC Threshold) 230M->26M(6144M) 27.746ms
[2025-04-11T09:50:22.174+0900][4.868s][info ][gc,cpu        ] GC(4) User=0.06s Sys=0.00s Real=0.03s
[2025-04-11T09:50:22.174+0900][4.868s][info ][gc            ] GC(5) Concurrent Cycle
[2025-04-11T09:50:22.174+0900][4.868s][info ][gc,marking    ] GC(5) Concurrent Clear Claimed Marks
[2025-04-11T09:50:22.174+0900][4.868s][info ][gc,marking    ] GC(5) Concurrent Clear Claimed Marks 0.032ms
[2025-04-11T09:50:22.174+0900][4.868s][info ][gc,marking    ] GC(5) Concurrent Scan Root Regions
[2025-04-11T09:50:22.184+0900][4.878s][info ][gc,marking    ] GC(5) Concurrent Scan Root Regions 9.833ms
[2025-04-11T09:50:22.184+0900][4.878s][info ][gc,marking    ] GC(5) Concurrent Mark (4.878s)
[2025-04-11T09:50:22.184+0900][4.878s][info ][gc,marking    ] GC(5) Concurrent Mark From Roots
[2025-04-11T09:50:22.184+0900][4.878s][info ][gc,task       ] GC(5) Using 1 workers of 1 for marking
[2025-04-11T09:50:22.186+0900][4.880s][info ][gc,marking    ] GC(5) Concurrent Mark From Roots 2.166ms
[2025-04-11T09:50:22.186+0900][4.880s][info ][gc,marking    ] GC(5) Concurrent Preclean
[2025-04-11T09:50:22.186+0900][4.880s][debug][gc,ref        ] GC(5) Preclean SoftReferences 0.013ms
[2025-04-11T09:50:22.186+0900][4.880s][debug][gc,ref        ] GC(5) Preclean WeakReferences 0.011ms
[2025-04-11T09:50:22.186+0900][4.880s][debug][gc,ref        ] GC(5) Preclean FinalReferences 0.011ms
[2025-04-11T09:50:22.186+0900][4.880s][debug][gc,ref        ] GC(5) Preclean PhantomReferences 0.011ms
[2025-04-11T09:50:22.186+0900][4.880s][info ][gc,marking    ] GC(5) Concurrent Preclean 0.069ms
[2025-04-11T09:50:22.186+0900][4.880s][info ][gc,marking    ] GC(5) Concurrent Mark (4.878s, 4.880s) 2.263ms
[2025-04-11T09:50:22.186+0900][4.880s][info ][gc,start      ] GC(5) Pause Remark
[2025-04-11T09:50:22.187+0900][4.881s][debug][gc,phases     ] GC(5) Finalize Marking 0.251ms
[2025-04-11T09:50:22.187+0900][4.881s][debug][gc,ref        ] GC(5) Skipped phase1 of Reference Processing due to unavailable references
[2025-04-11T09:50:22.187+0900][4.881s][debug][gc,ref        ] GC(5) Skipped phase2 of Reference Processing due to unavailable references
[2025-04-11T09:50:22.187+0900][4.881s][debug][gc,ref        ] GC(5) Skipped phase3 of Reference Processing due to unavailable references
[2025-04-11T09:50:22.187+0900][4.881s][debug][gc,ref        ] GC(5) Skipped phase4 of Reference Processing due to unavailable references
[2025-04-11T09:50:22.187+0900][4.881s][debug][gc,phases     ] GC(5) Reference Processing 0.026ms
[2025-04-11T09:50:22.187+0900][4.881s][debug][gc,phases     ] GC(5) Weak Processing 0.016ms
[2025-04-11T09:50:22.187+0900][4.881s][debug][gc,phases     ] GC(5) ClassLoaderData 0.120ms
[2025-04-11T09:50:22.187+0900][4.881s][debug][gc,phases     ] GC(5) ProtectionDomainCacheTable 0.003ms
[2025-04-11T09:50:22.192+0900][4.886s][info ][gc,stringtable] GC(5) Cleaned string and symbol table, strings: 19677 processed, 0 removed, symbols: 97962 processed, 261 removed
[2025-04-11T09:50:22.192+0900][4.886s][debug][gc,phases     ] GC(5) Class Unloading 5.094ms
[2025-04-11T09:50:22.192+0900][4.886s][debug][gc,phases     ] GC(5) Flush Task Caches 0.008ms
[2025-04-11T09:50:22.192+0900][4.886s][debug][gc,phases     ] GC(5) Update Remembered Set Tracking Before Rebuild 0.081ms
[2025-04-11T09:50:22.192+0900][4.886s][debug][gc,phases     ] GC(5) Reclaim Empty Regions 0.093ms
[2025-04-11T09:50:22.192+0900][4.886s][debug][gc,phases     ] GC(5) Purge Metaspace 0.000ms
[2025-04-11T09:50:22.192+0900][4.886s][debug][gc,phases     ] GC(5) Report Object Count 0.000ms
[2025-04-11T09:50:22.192+0900][4.886s][info ][gc            ] GC(5) Pause Remark 28M->28M(6144M) 5.650ms
[2025-04-11T09:50:22.192+0900][4.886s][info ][gc,cpu        ] GC(5) User=0.02s Sys=0.00s Real=0.00s
[2025-04-11T09:50:22.192+0900][4.886s][info ][gc,marking    ] GC(5) Concurrent Rebuild Remembered Sets
[2025-04-11T09:50:22.193+0900][4.887s][info ][gc,marking    ] GC(5) Concurrent Rebuild Remembered Sets 1.363ms
[2025-04-11T09:50:22.193+0900][4.888s][info ][gc,start      ] GC(5) Pause Cleanup
[2025-04-11T09:50:22.193+0900][4.888s][debug][gc,phases     ] GC(5) Update Remembered Set Tracking After Rebuild 0.019ms
[2025-04-11T09:50:22.194+0900][4.888s][debug][gc,phases     ] GC(5) Finalize Concurrent Mark Cleanup 0.188ms
[2025-04-11T09:50:22.194+0900][4.888s][info ][gc            ] GC(5) Pause Cleanup 28M->28M(6144M) 0.234ms
[2025-04-11T09:50:22.194+0900][4.888s][info ][gc,cpu        ] GC(5) User=0.00s Sys=0.00s Real=0.00s
[2025-04-11T09:50:22.194+0900][4.888s][info ][gc,marking    ] GC(5) Concurrent Cleanup for Next Mark
[2025-04-11T09:50:22.222+0900][4.916s][info ][gc,marking    ] GC(5) Concurrent Cleanup for Next Mark 28.174ms
[2025-04-11T09:50:22.222+0900][4.916s][info ][gc            ] GC(5) Concurrent Cycle 47.991ms
[2025-04-11T09:50:25.201+0900][7.895s][debug][gc,heap       ] GC(6) Heap before GC invocations=6 (full 0): garbage-first heap   total 6291456K, used 399766K [0x0000000680000000, 0x0000000800000000)
[2025-04-11T09:50:25.201+0900][7.895s][debug][gc,heap       ] GC(6)   region size 4096K, 97 young (397312K), 6 survivors (24576K)
[2025-04-11T09:50:25.201+0900][7.895s][debug][gc,heap       ] GC(6)  Metaspace       used 57264K, capacity 59266K, committed 59388K, reserved 1101824K
[2025-04-11T09:50:25.201+0900][7.895s][debug][gc,heap       ] GC(6)   class space    used 6485K, capacity 7202K, committed 7296K, reserved 1048576K
[2025-04-11T09:50:25.201+0900][7.895s][info ][gc,start      ] GC(6) Pause Young (Normal) (G1 Evacuation Pause)
[2025-04-11T09:50:25.201+0900][7.895s][info ][gc,task       ] GC(6) Using 4 workers of 4 for evacuation
[2025-04-11T09:50:25.201+0900][7.895s][debug][gc,age        ] GC(6) Desired survivor size 27262976 bytes, new threshold 15 (max threshold 15)
[2025-04-11T09:50:25.257+0900][7.951s][debug][gc,ref        ] GC(6) Skipped phase1 of Reference Processing due to unavailable references
[2025-04-11T09:50:25.259+0900][7.953s][info ][gc,phases     ] GC(6)   Pre Evacuate Collection Set: 0.1ms
[2025-04-11T09:50:25.259+0900][7.953s][debug][gc,phases     ] GC(6)     Prepare TLABs: 0.0ms
[2025-04-11T09:50:25.259+0900][7.953s][debug][gc,phases     ] GC(6)     Choose Collection Set: 0.0ms
[2025-04-11T09:50:25.259+0900][7.953s][debug][gc,phases     ] GC(6)     Humongous Register: 0.1ms
[2025-04-11T09:50:25.259+0900][7.953s][info ][gc,phases     ] GC(6)   Evacuate Collection Set: 55.6ms
[2025-04-11T09:50:25.259+0900][7.953s][debug][gc,phases     ] GC(6)     Ext Root Scanning (ms):   Min:  1.1, Avg:  2.1, Max:  3.6, Diff:  2.5, Sum:  8.4, Workers: 4
[2025-04-11T09:50:25.259+0900][7.953s][debug][gc,phases     ] GC(6)     Update RS (ms):           Min:  0.0, Avg:  5.1, Max: 15.7, Diff: 15.7, Sum: 20.4, Workers: 4
[2025-04-11T09:50:25.259+0900][7.953s][debug][gc,phases     ] GC(6)       Processed Buffers:        Min: 0, Avg:  1.2, Max: 4, Diff: 4, Sum: 5, Workers: 4
[2025-04-11T09:50:25.259+0900][7.953s][debug][gc,phases     ] GC(6)       Scanned Cards:            Min: 0, Avg: 98.0, Max: 239, Diff: 239, Sum: 392, Workers: 4
[2025-04-11T09:50:25.259+0900][7.953s][debug][gc,phases     ] GC(6)       Skipped Cards:            Min: 0, Avg: 50.5, Max: 103, Diff: 103, Sum: 202, Workers: 4
[2025-04-11T09:50:25.259+0900][7.953s][debug][gc,phases     ] GC(6)     Scan RS (ms):             Min:  0.0, Avg:  5.0, Max: 15.2, Diff: 15.2, Sum: 20.1, Workers: 4
[2025-04-11T09:50:25.259+0900][7.953s][debug][gc,phases     ] GC(6)       Scanned Cards:            Min: 0, Avg: 98.0, Max: 223, Diff: 223, Sum: 392, Workers: 4
[2025-04-11T09:50:25.259+0900][7.953s][debug][gc,phases     ] GC(6)       Claimed Cards:            Min: 0, Avg: 211.0, Max: 425, Diff: 425, Sum: 844, Workers: 4
[2025-04-11T09:50:25.259+0900][7.953s][debug][gc,phases     ] GC(6)       Skipped Cards:            Min: 0, Avg: 201.8, Max: 425, Diff: 425, Sum: 807, Workers: 4
[2025-04-11T09:50:25.259+0900][7.953s][debug][gc,phases     ] GC(6)     Code Root Scanning (ms):  Min:  0.0, Avg:  4.6, Max: 17.0, Diff: 17.0, Sum: 18.5, Workers: 4
[2025-04-11T09:50:25.259+0900][7.953s][debug][gc,phases     ] GC(6)     AOT Root Scanning (ms):   skipped
[2025-04-11T09:50:25.259+0900][7.954s][debug][gc,phases     ] GC(6)     Object Copy (ms):         Min: 11.2, Avg: 33.5, Max: 54.2, Diff: 43.0, Sum: 134.0, Workers: 4
[2025-04-11T09:50:25.259+0900][7.954s][debug][gc,phases     ] GC(6)     Termination (ms):         Min:  0.0, Avg:  0.3, Max:  0.9, Diff:  0.9, Sum:  1.4, Workers: 4
[2025-04-11T09:50:25.259+0900][7.954s][debug][gc,phases     ] GC(6)       Termination Attempts:     Min: 1, Avg:  6.5, Max: 14, Diff: 13, Sum: 26, Workers: 4
[2025-04-11T09:50:25.259+0900][7.954s][debug][gc,phases     ] GC(6)     GC Worker Other (ms):     Min:  0.0, Avg:  0.0, Max:  0.0, Diff:  0.0, Sum:  0.1, Workers: 4
[2025-04-11T09:50:25.259+0900][7.954s][debug][gc,phases     ] GC(6)     GC Worker Total (ms):     Min: 45.3, Avg: 50.7, Max: 55.6, Diff: 10.3, Sum: 202.8, Workers: 4
[2025-04-11T09:50:25.259+0900][7.954s][info ][gc,phases     ] GC(6)   Post Evacuate Collection Set: 2.6ms
[2025-04-11T09:50:25.259+0900][7.954s][debug][gc,phases     ] GC(6)     Code Roots Fixup: 0.4ms
[2025-04-11T09:50:25.259+0900][7.954s][debug][gc,phases     ] GC(6)     Clear Card Table: 0.1ms
[2025-04-11T09:50:25.259+0900][7.954s][debug][gc,phases     ] GC(6)     Reference Processing: 1.3ms
[2025-04-11T09:50:25.259+0900][7.954s][debug][gc,phases     ] GC(6)     Weak Processing: 0.1ms
[2025-04-11T09:50:25.259+0900][7.954s][debug][gc,phases     ] GC(6)     Merge Per-Thread State: 0.0ms
[2025-04-11T09:50:25.259+0900][7.954s][debug][gc,phases     ] GC(6)     Code Roots Purge: 0.0ms
[2025-04-11T09:50:25.259+0900][7.954s][debug][gc,phases     ] GC(6)     Redirty Cards: 0.0ms
[2025-04-11T09:50:25.259+0900][7.954s][debug][gc,phases     ] GC(6)     DerivedPointerTable Update: 0.0ms
[2025-04-11T09:50:25.259+0900][7.954s][debug][gc,phases     ] GC(6)     Free Collection Set: 0.6ms
[2025-04-11T09:50:25.259+0900][7.954s][debug][gc,phases     ] GC(6)     Humongous Reclaim: 0.0ms
[2025-04-11T09:50:25.259+0900][7.954s][debug][gc,phases     ] GC(6)     Start New Collection Set: 0.0ms
[2025-04-11T09:50:25.259+0900][7.954s][debug][gc,phases     ] GC(6)     Resize TLABs: 0.0ms
[2025-04-11T09:50:25.259+0900][7.954s][debug][gc,phases     ] GC(6)     Expand Heap After Collection: 0.0ms
[2025-04-11T09:50:25.259+0900][7.954s][info ][gc,phases     ] GC(6)   Other: 0.3ms
[2025-04-11T09:50:25.259+0900][7.954s][info ][gc,heap       ] GC(6) Eden regions: 91->0(100)
[2025-04-11T09:50:25.259+0900][7.954s][info ][gc,heap       ] GC(6) Survivor regions: 6->11(13)
[2025-04-11T09:50:25.259+0900][7.954s][info ][gc,heap       ] GC(6) Old regions: 2->2
[2025-04-11T09:50:25.259+0900][7.954s][info ][gc,heap       ] GC(6) Humongous regions: 0->0
[2025-04-11T09:50:25.259+0900][7.954s][info ][gc,metaspace  ] GC(6) Metaspace: 57264K->57264K(1101824K)
[2025-04-11T09:50:25.259+0900][7.954s][debug][gc,heap       ] GC(6) Heap after GC invocations=7 (full 0): garbage-first heap   total 6291456K, used 45737K [0x0000000680000000, 0x0000000800000000)
[2025-04-11T09:50:25.259+0900][7.954s][debug][gc,heap       ] GC(6)   region size 4096K, 11 young (45056K), 11 survivors (45056K)
[2025-04-11T09:50:25.259+0900][7.954s][debug][gc,heap       ] GC(6)  Metaspace       used 57264K, capacity 59266K, committed 59388K, reserved 1101824K
[2025-04-11T09:50:25.259+0900][7.954s][debug][gc,heap       ] GC(6)   class space    used 6485K, capacity 7202K, committed 7296K, reserved 1048576K
[2025-04-11T09:50:25.260+0900][7.954s][info ][gc            ] GC(6) Pause Young (Normal) (G1 Evacuation Pause) 390M->44M(6144M) 58.748ms
[2025-04-11T09:50:25.260+0900][7.954s][info ][gc,cpu        ] GC(6) User=0.21s Sys=0.01s Real=0.06s
[2025-04-11T09:50:25.373+0900][8.067s][debug][gc,heap       ] GC(7) Heap before GC invocations=7 (full 0): garbage-first heap   total 6291456K, used 62121K [0x0000000680000000, 0x0000000800000000)
[2025-04-11T09:50:25.373+0900][8.067s][debug][gc,heap       ] GC(7)   region size 4096K, 16 young (65536K), 11 survivors (45056K)
[2025-04-11T09:50:25.373+0900][8.067s][debug][gc,heap       ] GC(7)  Metaspace       used 57809K, capacity 59826K, committed 59900K, reserved 1101824K
[2025-04-11T09:50:25.373+0900][8.067s][debug][gc,heap       ] GC(7)   class space    used 6556K, capacity 7279K, committed 7296K, reserved 1048576K
[2025-04-11T09:50:25.373+0900][8.067s][info ][gc,start      ] GC(7) Pause Young (Concurrent Start) (Metadata GC Threshold)
[2025-04-11T09:50:25.373+0900][8.067s][info ][gc,task       ] GC(7) Using 4 workers of 4 for evacuation
[2025-04-11T09:50:25.373+0900][8.067s][debug][gc,age        ] GC(7) Desired survivor size 29360128 bytes, new threshold 5 (max threshold 15)
[2025-04-11T09:50:25.416+0900][8.110s][debug][gc,ref        ] GC(7) Skipped phase1 of Reference Processing due to unavailable references
[2025-04-11T09:50:25.416+0900][8.110s][debug][gc,ref        ] GC(7) Skipped phase3 of Reference Processing due to unavailable references
[2025-04-11T09:50:25.416+0900][8.110s][info ][gc,phases     ] GC(7)   Pre Evacuate Collection Set: 0.2ms
[2025-04-11T09:50:25.416+0900][8.110s][debug][gc,phases     ] GC(7)     Prepare TLABs: 0.0ms
[2025-04-11T09:50:25.416+0900][8.110s][debug][gc,phases     ] GC(7)     Choose Collection Set: 0.0ms
[2025-04-11T09:50:25.416+0900][8.110s][debug][gc,phases     ] GC(7)     Humongous Register: 0.0ms
[2025-04-11T09:50:25.416+0900][8.110s][debug][gc,phases     ] GC(7)     Clear Claimed Marks: 0.1ms
[2025-04-11T09:50:25.416+0900][8.110s][info ][gc,phases     ] GC(7)   Evacuate Collection Set: 41.7ms
[2025-04-11T09:50:25.416+0900][8.110s][debug][gc,phases     ] GC(7)     Ext Root Scanning (ms):   Min:  1.9, Avg: 15.5, Max: 23.8, Diff: 21.9, Sum: 62.0, Workers: 4
[2025-04-11T09:50:25.416+0900][8.110s][debug][gc,phases     ] GC(7)     Update RS (ms):           Min:  0.4, Avg:  2.7, Max:  4.0, Diff:  3.6, Sum: 10.7, Workers: 4
[2025-04-11T09:50:25.416+0900][8.110s][debug][gc,phases     ] GC(7)       Processed Buffers:        Min: 1, Avg:  1.0, Max: 1, Diff: 0, Sum: 4, Workers: 4
[2025-04-11T09:50:25.416+0900][8.110s][debug][gc,phases     ] GC(7)       Scanned Cards:            Min: 25, Avg: 98.0, Max: 150, Diff: 125, Sum: 392, Workers: 4
[2025-04-11T09:50:25.416+0900][8.110s][debug][gc,phases     ] GC(7)       Skipped Cards:            Min: 5, Avg: 66.2, Max: 132, Diff: 127, Sum: 265, Workers: 4
[2025-04-11T09:50:25.416+0900][8.110s][debug][gc,phases     ] GC(7)     Scan RS (ms):             Min:  0.0, Avg:  0.8, Max:  1.7, Diff:  1.7, Sum:  3.3, Workers: 4
[2025-04-11T09:50:25.416+0900][8.110s][debug][gc,phases     ] GC(7)       Scanned Cards:            Min: 0, Avg: 30.8, Max: 46, Diff: 46, Sum: 123, Workers: 4
[2025-04-11T09:50:25.416+0900][8.110s][debug][gc,phases     ] GC(7)       Claimed Cards:            Min: 0, Avg: 48.8, Max: 66, Diff: 66, Sum: 195, Workers: 4
[2025-04-11T09:50:25.416+0900][8.110s][debug][gc,phases     ] GC(7)       Skipped Cards:            Min: 46, Avg: 70.2, Max: 110, Diff: 64, Sum: 281, Workers: 4
[2025-04-11T09:50:25.416+0900][8.110s][debug][gc,phases     ] GC(7)     Code Root Scanning (ms):  Min:  0.0, Avg:  2.6, Max:  6.0, Diff:  6.0, Sum: 10.2, Workers: 4
[2025-04-11T09:50:25.416+0900][8.110s][debug][gc,phases     ] GC(7)     AOT Root Scanning (ms):   skipped
[2025-04-11T09:50:25.416+0900][8.110s][debug][gc,phases     ] GC(7)     Object Copy (ms):         Min: 11.0, Avg: 18.5, Max: 32.2, Diff: 21.2, Sum: 74.1, Workers: 4
[2025-04-11T09:50:25.416+0900][8.110s][debug][gc,phases     ] GC(7)     Termination (ms):         Min:  0.0, Avg:  0.7, Max:  1.0, Diff:  1.0, Sum:  2.9, Workers: 4
[2025-04-11T09:50:25.416+0900][8.111s][debug][gc,phases     ] GC(7)       Termination Attempts:     Min: 1, Avg:  1.0, Max: 1, Diff: 0, Sum: 4, Workers: 4
[2025-04-11T09:50:25.416+0900][8.111s][debug][gc,phases     ] GC(7)     GC Worker Other (ms):     Min:  0.0, Avg:  0.0, Max:  0.0, Diff:  0.0, Sum:  0.0, Workers: 4
[2025-04-11T09:50:25.416+0900][8.111s][debug][gc,phases     ] GC(7)     GC Worker Total (ms):     Min: 38.9, Avg: 40.8, Max: 41.7, Diff:  2.8, Sum: 163.2, Workers: 4
[2025-04-11T09:50:25.416+0900][8.111s][info ][gc,phases     ] GC(7)   Post Evacuate Collection Set: 1.0ms
[2025-04-11T09:50:25.416+0900][8.111s][debug][gc,phases     ] GC(7)     Code Roots Fixup: 0.3ms
[2025-04-11T09:50:25.416+0900][8.111s][debug][gc,phases     ] GC(7)     Clear Card Table: 0.0ms
[2025-04-11T09:50:25.416+0900][8.111s][debug][gc,phases     ] GC(7)     Reference Processing: 0.2ms
[2025-04-11T09:50:25.416+0900][8.111s][debug][gc,phases     ] GC(7)     Weak Processing: 0.1ms
[2025-04-11T09:50:25.416+0900][8.111s][debug][gc,phases     ] GC(7)     Merge Per-Thread State: 0.0ms
[2025-04-11T09:50:25.416+0900][8.111s][debug][gc,phases     ] GC(7)     Code Roots Purge: 0.0ms
[2025-04-11T09:50:25.416+0900][8.111s][debug][gc,phases     ] GC(7)     Redirty Cards: 0.0ms
[2025-04-11T09:50:25.416+0900][8.111s][debug][gc,phases     ] GC(7)     DerivedPointerTable Update: 0.0ms
[2025-04-11T09:50:25.416+0900][8.111s][debug][gc,phases     ] GC(7)     Free Collection Set: 0.4ms
[2025-04-11T09:50:25.416+0900][8.111s][debug][gc,phases     ] GC(7)     Humongous Reclaim: 0.0ms
[2025-04-11T09:50:25.416+0900][8.111s][debug][gc,phases     ] GC(7)     Start New Collection Set: 0.0ms
[2025-04-11T09:50:25.416+0900][8.111s][debug][gc,phases     ] GC(7)     Resize TLABs: 0.0ms
[2025-04-11T09:50:25.416+0900][8.111s][debug][gc,phases     ] GC(7)     Expand Heap After Collection: 0.0ms
[2025-04-11T09:50:25.416+0900][8.111s][info ][gc,phases     ] GC(7)   Other: 0.4ms
[2025-04-11T09:50:25.416+0900][8.111s][info ][gc,heap       ] GC(7) Eden regions: 5->0(108)
[2025-04-11T09:50:25.416+0900][8.111s][info ][gc,heap       ] GC(7) Survivor regions: 11->8(14)
[2025-04-11T09:50:25.416+0900][8.111s][info ][gc,heap       ] GC(7) Old regions: 2->5
[2025-04-11T09:50:25.416+0900][8.111s][info ][gc,heap       ] GC(7) Humongous regions: 0->0
[2025-04-11T09:50:25.416+0900][8.111s][info ][gc,metaspace  ] GC(7) Metaspace: 57809K->57809K(1101824K)
[2025-04-11T09:50:25.416+0900][8.111s][debug][gc,heap       ] GC(7) Heap after GC invocations=8 (full 0): garbage-first heap   total 6291456K, used 46250K [0x0000000680000000, 0x0000000800000000)
[2025-04-11T09:50:25.416+0900][8.111s][debug][gc,heap       ] GC(7)   region size 4096K, 8 young (32768K), 8 survivors (32768K)
[2025-04-11T09:50:25.416+0900][8.111s][debug][gc,heap       ] GC(7)  Metaspace       used 57809K, capacity 59826K, committed 59900K, reserved 1101824K
[2025-04-11T09:50:25.416+0900][8.111s][debug][gc,heap       ] GC(7)   class space    used 6556K, capacity 7279K, committed 7296K, reserved 1048576K
[2025-04-11T09:50:25.417+0900][8.111s][info ][gc            ] GC(7) Pause Young (Concurrent Start) (Metadata GC Threshold) 62M->45M(6144M) 43.507ms
[2025-04-11T09:50:25.417+0900][8.111s][info ][gc,cpu        ] GC(7) User=0.11s Sys=0.01s Real=0.04s
[2025-04-11T09:50:25.417+0900][8.111s][info ][gc            ] GC(8) Concurrent Cycle
[2025-04-11T09:50:25.417+0900][8.111s][info ][gc,marking    ] GC(8) Concurrent Clear Claimed Marks
[2025-04-11T09:50:25.417+0900][8.111s][info ][gc,marking    ] GC(8) Concurrent Clear Claimed Marks 0.057ms
[2025-04-11T09:50:25.417+0900][8.111s][info ][gc,marking    ] GC(8) Concurrent Scan Root Regions
[2025-04-11T09:50:25.438+0900][8.132s][info ][gc,marking    ] GC(8) Concurrent Scan Root Regions 21.154ms
[2025-04-11T09:50:25.438+0900][8.132s][info ][gc,marking    ] GC(8) Concurrent Mark (8.132s)
[2025-04-11T09:50:25.438+0900][8.132s][info ][gc,marking    ] GC(8) Concurrent Mark From Roots
[2025-04-11T09:50:25.438+0900][8.132s][info ][gc,task       ] GC(8) Using 1 workers of 1 for marking
[2025-04-11T09:50:25.461+0900][8.155s][info ][gc,marking    ] GC(8) Concurrent Mark From Roots 22.832ms
[2025-04-11T09:50:25.461+0900][8.155s][info ][gc,marking    ] GC(8) Concurrent Preclean
[2025-04-11T09:50:25.461+0900][8.155s][debug][gc,ref        ] GC(8) Preclean SoftReferences 0.016ms
[2025-04-11T09:50:25.461+0900][8.155s][debug][gc,ref        ] GC(8) Preclean WeakReferences 0.038ms
[2025-04-11T09:50:25.461+0900][8.155s][debug][gc,ref        ] GC(8) Preclean FinalReferences 0.014ms
[2025-04-11T09:50:25.461+0900][8.155s][debug][gc,ref        ] GC(8) Preclean PhantomReferences 0.037ms
[2025-04-11T09:50:25.461+0900][8.155s][info ][gc,marking    ] GC(8) Concurrent Preclean 0.152ms
[2025-04-11T09:50:25.461+0900][8.155s][info ][gc,marking    ] GC(8) Concurrent Mark (8.132s, 8.155s) 23.041ms
[2025-04-11T09:50:25.461+0900][8.155s][info ][gc,start      ] GC(8) Pause Remark
[2025-04-11T09:50:25.463+0900][8.157s][debug][gc,phases     ] GC(8) Finalize Marking 2.120ms
[2025-04-11T09:50:25.463+0900][8.157s][debug][gc,ref        ] GC(8) Skipped phase1 of Reference Processing due to unavailable references
[2025-04-11T09:50:25.463+0900][8.157s][debug][gc,ref        ] GC(8) Skipped phase2 of Reference Processing due to unavailable references
[2025-04-11T09:50:25.463+0900][8.157s][debug][gc,ref        ] GC(8) Skipped phase3 of Reference Processing due to unavailable references
[2025-04-11T09:50:25.463+0900][8.157s][debug][gc,ref        ] GC(8) Skipped phase4 of Reference Processing due to unavailable references
[2025-04-11T09:50:25.463+0900][8.158s][debug][gc,phases     ] GC(8) Reference Processing 0.045ms
[2025-04-11T09:50:25.463+0900][8.158s][debug][gc,phases     ] GC(8) Weak Processing 0.046ms
[2025-04-11T09:50:25.464+0900][8.158s][debug][gc,phases     ] GC(8) ClassLoaderData 0.229ms
[2025-04-11T09:50:25.464+0900][8.158s][debug][gc,phases     ] GC(8) ProtectionDomainCacheTable 0.005ms
[2025-04-11T09:50:25.474+0900][8.168s][info ][gc,stringtable] GC(8) Cleaned string and symbol table, strings: 30587 processed, 0 removed, symbols: 142237 processed, 224 removed
[2025-04-11T09:50:25.474+0900][8.168s][debug][gc,phases     ] GC(8) Class Unloading 10.542ms
[2025-04-11T09:50:25.474+0900][8.168s][debug][gc,phases     ] GC(8) Flush Task Caches 0.011ms
[2025-04-11T09:50:25.474+0900][8.168s][debug][gc,phases     ] GC(8) Update Remembered Set Tracking Before Rebuild 0.134ms
[2025-04-11T09:50:25.474+0900][8.168s][debug][gc,phases     ] GC(8) Reclaim Empty Regions 0.161ms
[2025-04-11T09:50:25.474+0900][8.168s][debug][gc,phases     ] GC(8) Purge Metaspace 0.000ms
[2025-04-11T09:50:25.474+0900][8.168s][debug][gc,phases     ] GC(8) Report Object Count 0.000ms
[2025-04-11T09:50:25.474+0900][8.168s][info ][gc            ] GC(8) Pause Remark 53M->53M(6144M) 13.182ms
[2025-04-11T09:50:25.474+0900][8.168s][info ][gc,cpu        ] GC(8) User=0.06s Sys=0.00s Real=0.02s
[2025-04-11T09:50:25.474+0900][8.169s][info ][gc,marking    ] GC(8) Concurrent Rebuild Remembered Sets
[2025-04-11T09:50:25.484+0900][8.179s][info ][gc,marking    ] GC(8) Concurrent Rebuild Remembered Sets 10.052ms
[2025-04-11T09:50:25.488+0900][8.182s][info ][gc,start      ] GC(8) Pause Cleanup
[2025-04-11T09:50:25.488+0900][8.182s][debug][gc,phases     ] GC(8) Update Remembered Set Tracking After Rebuild 0.058ms
[2025-04-11T09:50:25.489+0900][8.183s][debug][gc,phases     ] GC(8) Finalize Concurrent Mark Cleanup 0.335ms
[2025-04-11T09:50:25.489+0900][8.183s][info ][gc            ] GC(8) Pause Cleanup 53M->53M(6144M) 0.444ms
[2025-04-11T09:50:25.489+0900][8.183s][info ][gc,cpu        ] GC(8) User=0.00s Sys=0.00s Real=0.00s
[2025-04-11T09:50:25.490+0900][8.184s][info ][gc,marking    ] GC(8) Concurrent Cleanup for Next Mark
[2025-04-11T09:50:25.506+0900][8.200s][info ][gc,marking    ] GC(8) Concurrent Cleanup for Next Mark 15.718ms
[2025-04-11T09:50:25.506+0900][8.200s][info ][gc            ] GC(8) Concurrent Cycle 89.426ms
[2025-04-11T09:50:27.495+0900][10.189s][debug][gc,heap       ] GC(9) Heap before GC invocations=9 (full 0): garbage-first heap   total 6291456K, used 500906K [0x0000000680000000, 0x0000000800000000)
[2025-04-11T09:50:27.495+0900][10.189s][debug][gc,heap       ] GC(9)   region size 4096K, 119 young (487424K), 8 survivors (32768K)
[2025-04-11T09:50:27.495+0900][10.190s][debug][gc,heap       ] GC(9)  Metaspace       used 60612K, capacity 62782K, committed 63088K, reserved 1105920K
[2025-04-11T09:50:27.495+0900][10.190s][debug][gc,heap       ] GC(9)   class space    used 6808K, capacity 7569K, committed 7668K, reserved 1048576K
[2025-04-11T09:50:27.495+0900][10.190s][info ][gc,start      ] GC(9) Pause Young (Normal) (G1 Evacuation Pause)
[2025-04-11T09:50:27.495+0900][10.190s][info ][gc,task       ] GC(9) Using 4 workers of 4 for evacuation
[2025-04-11T09:50:27.495+0900][10.190s][debug][gc,age        ] GC(9) Desired survivor size 31457280 bytes, new threshold 15 (max threshold 15)
[2025-04-11T09:50:27.541+0900][10.236s][debug][gc,ref        ] GC(9) Skipped phase1 of Reference Processing due to unavailable references
[2025-04-11T09:50:27.543+0900][10.237s][info ][gc,phases     ] GC(9)   Pre Evacuate Collection Set: 0.1ms
[2025-04-11T09:50:27.543+0900][10.237s][debug][gc,phases     ] GC(9)     Prepare TLABs: 0.0ms
[2025-04-11T09:50:27.543+0900][10.237s][debug][gc,phases     ] GC(9)     Choose Collection Set: 0.0ms
[2025-04-11T09:50:27.543+0900][10.237s][debug][gc,phases     ] GC(9)     Humongous Register: 0.1ms
[2025-04-11T09:50:27.543+0900][10.237s][info ][gc,phases     ] GC(9)   Evacuate Collection Set: 45.4ms
[2025-04-11T09:50:27.543+0900][10.237s][debug][gc,phases     ] GC(9)     Ext Root Scanning (ms):   Min:  0.0, Avg:  1.5, Max:  3.1, Diff:  3.1, Sum:  5.9, Workers: 4
[2025-04-11T09:50:27.543+0900][10.237s][debug][gc,phases     ] GC(9)     Update RS (ms):           Min:  0.4, Avg:  1.4, Max:  2.4, Diff:  2.1, Sum:  5.8, Workers: 4
[2025-04-11T09:50:27.543+0900][10.237s][debug][gc,phases     ] GC(9)       Processed Buffers:        Min: 1, Avg:  2.8, Max: 5, Diff: 4, Sum: 11, Workers: 4
[2025-04-11T09:50:27.543+0900][10.237s][debug][gc,phases     ] GC(9)       Scanned Cards:            Min: 256, Avg: 395.2, Max: 501, Diff: 245, Sum: 1581, Workers: 4
[2025-04-11T09:50:27.543+0900][10.237s][debug][gc,phases     ] GC(9)       Skipped Cards:            Min: 0, Avg:  1.2, Max: 5, Diff: 5, Sum: 5, Workers: 4
[2025-04-11T09:50:27.543+0900][10.237s][debug][gc,phases     ] GC(9)     Scan RS (ms):             Min:  0.0, Avg:  1.2, Max:  4.5, Diff:  4.5, Sum:  4.6, Workers: 4
[2025-04-11T09:50:27.543+0900][10.237s][debug][gc,phases     ] GC(9)       Scanned Cards:            Min: 0, Avg: 276.8, Max: 955, Diff: 955, Sum: 1107, Workers: 4
[2025-04-11T09:50:27.543+0900][10.237s][debug][gc,phases     ] GC(9)       Claimed Cards:            Min: 0, Avg: 342.8, Max: 1208, Diff: 1208, Sum: 1371, Workers: 4
[2025-04-11T09:50:27.543+0900][10.237s][debug][gc,phases     ] GC(9)       Skipped Cards:            Min: 0, Avg:  0.0, Max: 0, Diff: 0, Sum: 0, Workers: 4
[2025-04-11T09:50:27.543+0900][10.237s][debug][gc,phases     ] GC(9)     Code Root Scanning (ms):  Min:  0.0, Avg:  3.9, Max: 11.2, Diff: 11.2, Sum: 15.5, Workers: 4
[2025-04-11T09:50:27.543+0900][10.237s][debug][gc,phases     ] GC(9)     AOT Root Scanning (ms):   skipped
[2025-04-11T09:50:27.543+0900][10.237s][debug][gc,phases     ] GC(9)     Object Copy (ms):         Min: 27.0, Avg: 33.4, Max: 43.2, Diff: 16.3, Sum: 133.7, Workers: 4
[2025-04-11T09:50:27.543+0900][10.237s][debug][gc,phases     ] GC(9)     Termination (ms):         Min:  0.0, Avg:  0.2, Max:  0.2, Diff:  0.2, Sum:  0.6, Workers: 4
[2025-04-11T09:50:27.543+0900][10.237s][debug][gc,phases     ] GC(9)       Termination Attempts:     Min: 1, Avg:  1.0, Max: 1, Diff: 0, Sum: 4, Workers: 4
[2025-04-11T09:50:27.543+0900][10.237s][debug][gc,phases     ] GC(9)     GC Worker Other (ms):     Min:  0.0, Avg:  0.1, Max:  0.2, Diff:  0.2, Sum:  0.3, Workers: 4
[2025-04-11T09:50:27.543+0900][10.237s][debug][gc,phases     ] GC(9)     GC Worker Total (ms):     Min: 35.8, Avg: 41.6, Max: 45.4, Diff:  9.6, Sum: 166.4, Workers: 4
[2025-04-11T09:50:27.543+0900][10.237s][info ][gc,phases     ] GC(9)   Post Evacuate Collection Set: 2.1ms
[2025-04-11T09:50:27.543+0900][10.237s][debug][gc,phases     ] GC(9)     Code Roots Fixup: 0.1ms
[2025-04-11T09:50:27.543+0900][10.237s][debug][gc,phases     ] GC(9)     Clear Card Table: 0.2ms
[2025-04-11T09:50:27.543+0900][10.237s][debug][gc,phases     ] GC(9)     Reference Processing: 1.3ms
[2025-04-11T09:50:27.543+0900][10.237s][debug][gc,phases     ] GC(9)     Weak Processing: 0.1ms
[2025-04-11T09:50:27.543+0900][10.237s][debug][gc,phases     ] GC(9)     Merge Per-Thread State: 0.0ms
[2025-04-11T09:50:27.543+0900][10.237s][debug][gc,phases     ] GC(9)     Code Roots Purge: 0.0ms
[2025-04-11T09:50:27.543+0900][10.237s][debug][gc,phases     ] GC(9)     Redirty Cards: 0.0ms
[2025-04-11T09:50:27.543+0900][10.237s][debug][gc,phases     ] GC(9)     DerivedPointerTable Update: 0.0ms
[2025-04-11T09:50:27.543+0900][10.237s][debug][gc,phases     ] GC(9)     Free Collection Set: 0.3ms
[2025-04-11T09:50:27.543+0900][10.237s][debug][gc,phases     ] GC(9)     Humongous Reclaim: 0.0ms
[2025-04-11T09:50:27.543+0900][10.237s][debug][gc,phases     ] GC(9)     Start New Collection Set: 0.0ms
[2025-04-11T09:50:27.543+0900][10.237s][debug][gc,phases     ] GC(9)     Resize TLABs: 0.0ms
[2025-04-11T09:50:27.543+0900][10.238s][debug][gc,phases     ] GC(9)     Expand Heap After Collection: 0.0ms
[2025-04-11T09:50:27.543+0900][10.238s][info ][gc,phases     ] GC(9)   Other: 0.3ms
[2025-04-11T09:50:27.543+0900][10.238s][info ][gc,heap       ] GC(9) Eden regions: 111->0(217)
[2025-04-11T09:50:27.543+0900][10.238s][info ][gc,heap       ] GC(9) Survivor regions: 8->12(15)
[2025-04-11T09:50:27.543+0900][10.238s][info ][gc,heap       ] GC(9) Old regions: 5->5
[2025-04-11T09:50:27.543+0900][10.238s][info ][gc,heap       ] GC(9) Humongous regions: 0->0
[2025-04-11T09:50:27.543+0900][10.238s][info ][gc,metaspace  ] GC(9) Metaspace: 60612K->60612K(1105920K)
[2025-04-11T09:50:27.543+0900][10.238s][debug][gc,heap       ] GC(9) Heap after GC invocations=10 (full 0): garbage-first heap   total 6291456K, used 62391K [0x0000000680000000, 0x0000000800000000)
[2025-04-11T09:50:27.543+0900][10.238s][debug][gc,heap       ] GC(9)   region size 4096K, 12 young (49152K), 12 survivors (49152K)
[2025-04-11T09:50:27.543+0900][10.238s][debug][gc,heap       ] GC(9)  Metaspace       used 60612K, capacity 62782K, committed 63088K, reserved 1105920K
[2025-04-11T09:50:27.543+0900][10.238s][debug][gc,heap       ] GC(9)   class space    used 6808K, capacity 7569K, committed 7668K, reserved 1048576K
[2025-04-11T09:50:27.543+0900][10.238s][info ][gc            ] GC(9) Pause Young (Normal) (G1 Evacuation Pause) 489M->60M(6144M) 48.023ms
[2025-04-11T09:50:27.543+0900][10.238s][info ][gc,cpu        ] GC(9) User=0.17s Sys=0.01s Real=0.05s
[2025-04-11T09:50:31.429+0900][14.123s][debug][gc,heap       ] GC(10) Heap before GC invocations=10 (full 0): garbage-first heap   total 6291456K, used 955319K [0x0000000680000000, 0x0000000800000000)
[2025-04-11T09:50:31.429+0900][14.124s][debug][gc,heap       ] GC(10)   region size 4096K, 229 young (937984K), 12 survivors (49152K)
[2025-04-11T09:50:31.429+0900][14.124s][debug][gc,heap       ] GC(10)  Metaspace       used 86645K, capacity 89375K, committed 89712K, reserved 1128448K
[2025-04-11T09:50:31.429+0900][14.124s][debug][gc,heap       ] GC(10)   class space    used 10160K, capacity 11147K, committed 11252K, reserved 1048576K
[2025-04-11T09:50:31.429+0900][14.124s][info ][gc,start      ] GC(10) Pause Young (Normal) (G1 Evacuation Pause)
[2025-04-11T09:50:31.429+0900][14.124s][info ][gc,task       ] GC(10) Using 4 workers of 4 for evacuation
[2025-04-11T09:50:31.429+0900][14.124s][debug][gc,age        ] GC(10) Desired survivor size 60817408 bytes, new threshold 15 (max threshold 15)
[2025-04-11T09:50:31.472+0900][14.167s][debug][gc,ref        ] GC(10) Skipped phase1 of Reference Processing due to unavailable references
[2025-04-11T09:50:31.474+0900][14.168s][info ][gc,phases     ] GC(10)   Pre Evacuate Collection Set: 0.1ms
[2025-04-11T09:50:31.474+0900][14.168s][debug][gc,phases     ] GC(10)     Prepare TLABs: 0.0ms
[2025-04-11T09:50:31.474+0900][14.168s][debug][gc,phases     ] GC(10)     Choose Collection Set: 0.0ms
[2025-04-11T09:50:31.474+0900][14.168s][debug][gc,phases     ] GC(10)     Humongous Register: 0.1ms
[2025-04-11T09:50:31.474+0900][14.168s][info ][gc,phases     ] GC(10)   Evacuate Collection Set: 42.2ms
[2025-04-11T09:50:31.474+0900][14.168s][debug][gc,phases     ] GC(10)     Ext Root Scanning (ms):   Min:  1.2, Avg:  2.3, Max:  3.7, Diff:  2.5, Sum:  9.1, Workers: 4
[2025-04-11T09:50:31.474+0900][14.168s][debug][gc,phases     ] GC(10)     Update RS (ms):           Min:  0.0, Avg:  1.2, Max:  1.8, Diff:  1.8, Sum:  4.8, Workers: 4
[2025-04-11T09:50:31.474+0900][14.168s][debug][gc,phases     ] GC(10)       Processed Buffers:        Min: 0, Avg:  2.5, Max: 7, Diff: 7, Sum: 10, Workers: 4
[2025-04-11T09:50:31.474+0900][14.168s][debug][gc,phases     ] GC(10)       Scanned Cards:            Min: 0, Avg: 271.8, Max: 482, Diff: 482, Sum: 1087, Workers: 4
[2025-04-11T09:50:31.474+0900][14.168s][debug][gc,phases     ] GC(10)       Skipped Cards:            Min: 0, Avg:  5.0, Max: 17, Diff: 17, Sum: 20, Workers: 4
[2025-04-11T09:50:31.474+0900][14.168s][debug][gc,phases     ] GC(10)     Scan RS (ms):             Min:  0.0, Avg:  0.1, Max:  0.4, Diff:  0.4, Sum:  0.5, Workers: 4
[2025-04-11T09:50:31.474+0900][14.168s][debug][gc,phases     ] GC(10)       Scanned Cards:            Min: 0, Avg: 65.5, Max: 262, Diff: 262, Sum: 262, Workers: 4
[2025-04-11T09:50:31.474+0900][14.168s][debug][gc,phases     ] GC(10)       Claimed Cards:            Min: 0, Avg: 71.2, Max: 285, Diff: 285, Sum: 285, Workers: 4
[2025-04-11T09:50:31.474+0900][14.168s][debug][gc,phases     ] GC(10)       Skipped Cards:            Min: 0, Avg:  0.0, Max: 0, Diff: 0, Sum: 0, Workers: 4
[2025-04-11T09:50:31.474+0900][14.168s][debug][gc,phases     ] GC(10)     Code Root Scanning (ms):  Min:  0.0, Avg:  2.5, Max:  9.3, Diff:  9.3, Sum:  9.9, Workers: 4
[2025-04-11T09:50:31.474+0900][14.168s][debug][gc,phases     ] GC(10)     AOT Root Scanning (ms):   skipped
[2025-04-11T09:50:31.474+0900][14.168s][debug][gc,phases     ] GC(10)     Object Copy (ms):         Min: 27.8, Avg: 33.7, Max: 37.2, Diff:  9.5, Sum: 135.0, Workers: 4
[2025-04-11T09:50:31.474+0900][14.168s][debug][gc,phases     ] GC(10)     Termination (ms):         Min:  0.0, Avg:  0.3, Max:  0.4, Diff:  0.4, Sum:  1.1, Workers: 4
[2025-04-11T09:50:31.474+0900][14.168s][debug][gc,phases     ] GC(10)       Termination Attempts:     Min: 1, Avg:  1.0, Max: 1, Diff: 0, Sum: 4, Workers: 4
[2025-04-11T09:50:31.474+0900][14.168s][debug][gc,phases     ] GC(10)     GC Worker Other (ms):     Min:  0.0, Avg:  0.0, Max:  0.1, Diff:  0.1, Sum:  0.2, Workers: 4
[2025-04-11T09:50:31.474+0900][14.168s][debug][gc,phases     ] GC(10)     GC Worker Total (ms):     Min: 37.8, Avg: 40.2, Max: 42.1, Diff:  4.3, Sum: 160.7, Workers: 4
[2025-04-11T09:50:31.474+0900][14.168s][info ][gc,phases     ] GC(10)   Post Evacuate Collection Set: 1.7ms
[2025-04-11T09:50:31.474+0900][14.168s][debug][gc,phases     ] GC(10)     Code Roots Fixup: 0.3ms
[2025-04-11T09:50:31.474+0900][14.168s][debug][gc,phases     ] GC(10)     Clear Card Table: 0.2ms
[2025-04-11T09:50:31.474+0900][14.168s][debug][gc,phases     ] GC(10)     Reference Processing: 0.5ms
[2025-04-11T09:50:31.474+0900][14.168s][debug][gc,phases     ] GC(10)     Weak Processing: 0.1ms
[2025-04-11T09:50:31.474+0900][14.168s][debug][gc,phases     ] GC(10)     Merge Per-Thread State: 0.0ms
[2025-04-11T09:50:31.474+0900][14.168s][debug][gc,phases     ] GC(10)     Code Roots Purge: 0.0ms
[2025-04-11T09:50:31.474+0900][14.168s][debug][gc,phases     ] GC(10)     Redirty Cards: 0.0ms
[2025-04-11T09:50:31.474+0900][14.168s][debug][gc,phases     ] GC(10)     DerivedPointerTable Update: 0.0ms
[2025-04-11T09:50:31.474+0900][14.168s][debug][gc,phases     ] GC(10)     Free Collection Set: 0.5ms
[2025-04-11T09:50:31.474+0900][14.168s][debug][gc,phases     ] GC(10)     Humongous Reclaim: 0.0ms
[2025-04-11T09:50:31.474+0900][14.168s][debug][gc,phases     ] GC(10)     Start New Collection Set: 0.0ms
[2025-04-11T09:50:31.474+0900][14.168s][debug][gc,phases     ] GC(10)     Resize TLABs: 0.0ms
[2025-04-11T09:50:31.474+0900][14.168s][debug][gc,phases     ] GC(10)     Expand Heap After Collection: 0.0ms
[2025-04-11T09:50:31.474+0900][14.168s][info ][gc,phases     ] GC(10)   Other: 0.3ms
[2025-04-11T09:50:31.474+0900][14.168s][info ][gc,heap       ] GC(10) Eden regions: 217->0(624)
[2025-04-11T09:50:31.474+0900][14.168s][info ][gc,heap       ] GC(10) Survivor regions: 12->15(29)
[2025-04-11T09:50:31.474+0900][14.168s][info ][gc,heap       ] GC(10) Old regions: 5->5
[2025-04-11T09:50:31.474+0900][14.168s][info ][gc,heap       ] GC(10) Humongous regions: 1->0
[2025-04-11T09:50:31.474+0900][14.168s][info ][gc,metaspace  ] GC(10) Metaspace: 86645K->86645K(1128448K)
[2025-04-11T09:50:31.474+0900][14.168s][debug][gc,heap       ] GC(10) Heap after GC invocations=11 (full 0): garbage-first heap   total 6291456K, used 75200K [0x0000000680000000, 0x0000000800000000)
[2025-04-11T09:50:31.474+0900][14.168s][debug][gc,heap       ] GC(10)   region size 4096K, 15 young (61440K), 15 survivors (61440K)
[2025-04-11T09:50:31.474+0900][14.168s][debug][gc,heap       ] GC(10)  Metaspace       used 86645K, capacity 89375K, committed 89712K, reserved 1128448K
[2025-04-11T09:50:31.474+0900][14.168s][debug][gc,heap       ] GC(10)   class space    used 10160K, capacity 11147K, committed 11252K, reserved 1048576K
[2025-04-11T09:50:31.474+0900][14.168s][info ][gc            ] GC(10) Pause Young (Normal) (G1 Evacuation Pause) 932M->73M(6144M) 44.472ms
[2025-04-11T09:50:31.474+0900][14.168s][info ][gc,cpu        ] GC(10) User=0.16s Sys=0.01s Real=0.05s
[2025-04-11T09:50:32.544+0900][15.238s][debug][gc,heap       ] GC(11) Heap before GC invocations=11 (full 0): garbage-first heap   total 6291456K, used 165312K [0x0000000680000000, 0x0000000800000000)
[2025-04-11T09:50:32.544+0900][15.238s][debug][gc,heap       ] GC(11)   region size 4096K, 38 young (155648K), 15 survivors (61440K)
[2025-04-11T09:50:32.544+0900][15.238s][debug][gc,heap       ] GC(11)  Metaspace       used 97620K, capacity 100353K, committed 100456K, reserved 1136640K
[2025-04-11T09:50:32.544+0900][15.238s][debug][gc,heap       ] GC(11)   class space    used 11521K, capacity 12497K, committed 12532K, reserved 1048576K
[2025-04-11T09:50:32.544+0900][15.238s][info ][gc,start      ] GC(11) Pause Young (Concurrent Start) (Metadata GC Threshold)
[2025-04-11T09:50:32.544+0900][15.238s][info ][gc,task       ] GC(11) Using 4 workers of 4 for evacuation
[2025-04-11T09:50:32.544+0900][15.238s][debug][gc,age        ] GC(11) Desired survivor size 167772160 bytes, new threshold 15 (max threshold 15)
[2025-04-11T09:50:32.602+0900][15.296s][debug][gc,ref        ] GC(11) Skipped phase1 of Reference Processing due to unavailable references
[2025-04-11T09:50:32.603+0900][15.297s][info ][gc,phases     ] GC(11)   Pre Evacuate Collection Set: 0.2ms
[2025-04-11T09:50:32.603+0900][15.297s][debug][gc,phases     ] GC(11)     Prepare TLABs: 0.0ms
[2025-04-11T09:50:32.603+0900][15.297s][debug][gc,phases     ] GC(11)     Choose Collection Set: 0.0ms
[2025-04-11T09:50:32.603+0900][15.297s][debug][gc,phases     ] GC(11)     Humongous Register: 0.0ms
[2025-04-11T09:50:32.603+0900][15.297s][debug][gc,phases     ] GC(11)     Clear Claimed Marks: 0.2ms
[2025-04-11T09:50:32.603+0900][15.297s][info ][gc,phases     ] GC(11)   Evacuate Collection Set: 57.4ms
[2025-04-11T09:50:32.603+0900][15.297s][debug][gc,phases     ] GC(11)     Ext Root Scanning (ms):   Min:  1.0, Avg: 11.1, Max: 19.0, Diff: 18.1, Sum: 44.5, Workers: 4
[2025-04-11T09:50:32.603+0900][15.297s][debug][gc,phases     ] GC(11)     Update RS (ms):           Min:  0.0, Avg:  1.5, Max:  2.3, Diff:  2.3, Sum:  5.9, Workers: 4
[2025-04-11T09:50:32.603+0900][15.297s][debug][gc,phases     ] GC(11)       Processed Buffers:        Min: 0, Avg:  2.8, Max: 6, Diff: 6, Sum: 11, Workers: 4
[2025-04-11T09:50:32.603+0900][15.297s][debug][gc,phases     ] GC(11)       Scanned Cards:            Min: 0, Avg: 454.2, Max: 856, Diff: 856, Sum: 1817, Workers: 4
[2025-04-11T09:50:32.603+0900][15.297s][debug][gc,phases     ] GC(11)       Skipped Cards:            Min: 0, Avg:  3.2, Max: 8, Diff: 8, Sum: 13, Workers: 4
[2025-04-11T09:50:32.603+0900][15.297s][debug][gc,phases     ] GC(11)     Scan RS (ms):             Min:  0.0, Avg:  0.0, Max:  0.2, Diff:  0.2, Sum:  0.2, Workers: 4
[2025-04-11T09:50:32.603+0900][15.297s][debug][gc,phases     ] GC(11)       Scanned Cards:            Min: 0, Avg:  2.0, Max: 8, Diff: 8, Sum: 8, Workers: 4
[2025-04-11T09:50:32.603+0900][15.297s][debug][gc,phases     ] GC(11)       Claimed Cards:            Min: 0, Avg:  3.5, Max: 14, Diff: 14, Sum: 14, Workers: 4
[2025-04-11T09:50:32.603+0900][15.297s][debug][gc,phases     ] GC(11)       Skipped Cards:            Min: 0, Avg:  0.0, Max: 0, Diff: 0, Sum: 0, Workers: 4
[2025-04-11T09:50:32.603+0900][15.297s][debug][gc,phases     ] GC(11)     Code Root Scanning (ms):  Min:  0.0, Avg:  2.4, Max:  9.5, Diff:  9.5, Sum:  9.5, Workers: 4
[2025-04-11T09:50:32.603+0900][15.297s][debug][gc,phases     ] GC(11)     AOT Root Scanning (ms):   skipped
[2025-04-11T09:50:32.603+0900][15.297s][debug][gc,phases     ] GC(11)     Object Copy (ms):         Min: 18.1, Avg: 39.8, Max: 54.8, Diff: 36.8, Sum: 159.0, Workers: 4
[2025-04-11T09:50:32.603+0900][15.297s][debug][gc,phases     ] GC(11)     Termination (ms):         Min:  0.0, Avg:  0.2, Max:  0.2, Diff:  0.2, Sum:  0.7, Workers: 4
[2025-04-11T09:50:32.603+0900][15.297s][debug][gc,phases     ] GC(11)       Termination Attempts:     Min: 1, Avg:  1.0, Max: 1, Diff: 0, Sum: 4, Workers: 4
[2025-04-11T09:50:32.603+0900][15.297s][debug][gc,phases     ] GC(11)     GC Worker Other (ms):     Min:  0.0, Avg:  0.0, Max:  0.0, Diff:  0.0, Sum:  0.1, Workers: 4
[2025-04-11T09:50:32.603+0900][15.297s][debug][gc,phases     ] GC(11)     GC Worker Total (ms):     Min: 49.0, Avg: 54.9, Max: 57.3, Diff:  8.3, Sum: 219.8, Workers: 4
[2025-04-11T09:50:32.603+0900][15.297s][info ][gc,phases     ] GC(11)   Post Evacuate Collection Set: 1.6ms
[2025-04-11T09:50:32.603+0900][15.297s][debug][gc,phases     ] GC(11)     Code Roots Fixup: 0.3ms
[2025-04-11T09:50:32.603+0900][15.297s][debug][gc,phases     ] GC(11)     Clear Card Table: 0.1ms
[2025-04-11T09:50:32.603+0900][15.297s][debug][gc,phases     ] GC(11)     Reference Processing: 0.6ms
[2025-04-11T09:50:32.603+0900][15.298s][debug][gc,phases     ] GC(11)     Weak Processing: 0.2ms
[2025-04-11T09:50:32.603+0900][15.298s][debug][gc,phases     ] GC(11)     Merge Per-Thread State: 0.0ms
[2025-04-11T09:50:32.603+0900][15.298s][debug][gc,phases     ] GC(11)     Code Roots Purge: 0.0ms
[2025-04-11T09:50:32.603+0900][15.298s][debug][gc,phases     ] GC(11)     Redirty Cards: 0.0ms
[2025-04-11T09:50:32.603+0900][15.298s][debug][gc,phases     ] GC(11)     DerivedPointerTable Update: 0.0ms
[2025-04-11T09:50:32.603+0900][15.298s][debug][gc,phases     ] GC(11)     Free Collection Set: 0.4ms
[2025-04-11T09:50:32.603+0900][15.298s][debug][gc,phases     ] GC(11)     Humongous Reclaim: 0.0ms
[2025-04-11T09:50:32.603+0900][15.298s][debug][gc,phases     ] GC(11)     Start New Collection Set: 0.0ms
[2025-04-11T09:50:32.603+0900][15.298s][debug][gc,phases     ] GC(11)     Resize TLABs: 0.0ms
[2025-04-11T09:50:32.603+0900][15.298s][debug][gc,phases     ] GC(11)     Expand Heap After Collection: 0.0ms
[2025-04-11T09:50:32.603+0900][15.298s][info ][gc,phases     ] GC(11)   Other: 0.4ms
[2025-04-11T09:50:32.603+0900][15.298s][info ][gc,heap       ] GC(11) Eden regions: 23->0(905)
[2025-04-11T09:50:32.603+0900][15.298s][info ][gc,heap       ] GC(11) Survivor regions: 15->16(80)
[2025-04-11T09:50:32.603+0900][15.298s][info ][gc,heap       ] GC(11) Old regions: 5->5
[2025-04-11T09:50:32.603+0900][15.298s][info ][gc,heap       ] GC(11) Humongous regions: 0->0
[2025-04-11T09:50:32.603+0900][15.298s][info ][gc,metaspace  ] GC(11) Metaspace: 97620K->97620K(1136640K)
[2025-04-11T09:50:32.603+0900][15.298s][debug][gc,heap       ] GC(11) Heap after GC invocations=12 (full 0): garbage-first heap   total 6291456K, used 79353K [0x0000000680000000, 0x0000000800000000)
[2025-04-11T09:50:32.603+0900][15.298s][debug][gc,heap       ] GC(11)   region size 4096K, 16 young (65536K), 16 survivors (65536K)
[2025-04-11T09:50:32.603+0900][15.298s][debug][gc,heap       ] GC(11)  Metaspace       used 97620K, capacity 100353K, committed 100456K, reserved 1136640K
[2025-04-11T09:50:32.603+0900][15.298s][debug][gc,heap       ] GC(11)   class space    used 11521K, capacity 12497K, committed 12532K, reserved 1048576K
[2025-04-11T09:50:32.604+0900][15.298s][info ][gc            ] GC(11) Pause Young (Concurrent Start) (Metadata GC Threshold) 163M->77M(6144M) 59.865ms
[2025-04-11T09:50:32.604+0900][15.298s][info ][gc,cpu        ] GC(11) User=0.22s Sys=0.00s Real=0.06s
[2025-04-11T09:50:32.604+0900][15.298s][info ][gc            ] GC(12) Concurrent Cycle
[2025-04-11T09:50:32.604+0900][15.298s][info ][gc,marking    ] GC(12) Concurrent Clear Claimed Marks
[2025-04-11T09:50:32.604+0900][15.298s][info ][gc,marking    ] GC(12) Concurrent Clear Claimed Marks 0.148ms
[2025-04-11T09:50:32.604+0900][15.298s][info ][gc,marking    ] GC(12) Concurrent Scan Root Regions
[2025-04-11T09:50:32.667+0900][15.361s][info ][gc,marking    ] GC(12) Concurrent Scan Root Regions 63.510ms
[2025-04-11T09:50:32.667+0900][15.361s][info ][gc,marking    ] GC(12) Concurrent Mark (15.361s)
[2025-04-11T09:50:32.667+0900][15.361s][info ][gc,marking    ] GC(12) Concurrent Mark From Roots
[2025-04-11T09:50:32.667+0900][15.361s][info ][gc,task       ] GC(12) Using 1 workers of 1 for marking
[2025-04-11T09:50:32.703+0900][15.398s][info ][gc,marking    ] GC(12) Concurrent Mark From Roots 36.126ms
[2025-04-11T09:50:32.703+0900][15.398s][info ][gc,marking    ] GC(12) Concurrent Preclean
[2025-04-11T09:50:32.704+0900][15.398s][debug][gc,ref        ] GC(12) Preclean SoftReferences 0.018ms
[2025-04-11T09:50:32.704+0900][15.398s][debug][gc,ref        ] GC(12) Preclean WeakReferences 0.047ms
[2025-04-11T09:50:32.704+0900][15.398s][debug][gc,ref        ] GC(12) Preclean FinalReferences 0.015ms
[2025-04-11T09:50:32.704+0900][15.398s][debug][gc,ref        ] GC(12) Preclean PhantomReferences 0.026ms
[2025-04-11T09:50:32.704+0900][15.398s][info ][gc,marking    ] GC(12) Concurrent Preclean 0.149ms
[2025-04-11T09:50:32.704+0900][15.398s][info ][gc,marking    ] GC(12) Concurrent Mark (15.361s, 15.398s) 36.331ms
[2025-04-11T09:50:32.704+0900][15.398s][info ][gc,start      ] GC(12) Pause Remark
[2025-04-11T09:50:32.704+0900][15.398s][debug][gc,phases     ] GC(12) Finalize Marking 0.529ms
[2025-04-11T09:50:32.704+0900][15.398s][debug][gc,ref        ] GC(12) Skipped phase1 of Reference Processing due to unavailable references
[2025-04-11T09:50:32.704+0900][15.398s][debug][gc,ref        ] GC(12) Skipped phase2 of Reference Processing due to unavailable references
[2025-04-11T09:50:32.704+0900][15.398s][debug][gc,ref        ] GC(12) Skipped phase3 of Reference Processing due to unavailable references
[2025-04-11T09:50:32.704+0900][15.398s][debug][gc,ref        ] GC(12) Skipped phase4 of Reference Processing due to unavailable references
[2025-04-11T09:50:32.704+0900][15.398s][debug][gc,phases     ] GC(12) Reference Processing 0.030ms
[2025-04-11T09:50:32.704+0900][15.399s][debug][gc,phases     ] GC(12) Weak Processing 0.046ms
[2025-04-11T09:50:32.706+0900][15.400s][debug][gc,phases     ] GC(12) ClassLoaderData 1.682ms
[2025-04-11T09:50:32.706+0900][15.400s][debug][gc,phases     ] GC(12) Dictionary 0.017ms
[2025-04-11T09:50:32.706+0900][15.400s][debug][gc,phases     ] GC(12) ProtectionDomainCacheTable 0.003ms
[2025-04-11T09:50:32.724+0900][15.418s][info ][gc,stringtable] GC(12) Cleaned string and symbol table, strings: 38942 processed, 69 removed, symbols: 183576 processed, 404 removed
[2025-04-11T09:50:32.724+0900][15.418s][debug][gc,phases     ] GC(12) Class Unloading 19.852ms
[2025-04-11T09:50:32.724+0900][15.418s][debug][gc,phases     ] GC(12) Flush Task Caches 0.009ms
[2025-04-11T09:50:32.724+0900][15.419s][debug][gc,phases     ] GC(12) Update Remembered Set Tracking Before Rebuild 0.142ms
[2025-04-11T09:50:32.725+0900][15.419s][debug][gc,phases     ] GC(12) Reclaim Empty Regions 0.081ms
[2025-04-11T09:50:32.725+0900][15.419s][debug][gc,phases     ] GC(12) Purge Metaspace 0.011ms
[2025-04-11T09:50:32.725+0900][15.419s][debug][gc,phases     ] GC(12) Report Object Count 0.000ms
[2025-04-11T09:50:32.725+0900][15.419s][info ][gc            ] GC(12) Pause Remark 91M->91M(6144M) 20.794ms
[2025-04-11T09:50:32.725+0900][15.419s][info ][gc,cpu        ] GC(12) User=0.07s Sys=0.00s Real=0.02s
[2025-04-11T09:50:32.725+0900][15.419s][info ][gc,marking    ] GC(12) Concurrent Rebuild Remembered Sets
[2025-04-11T09:50:32.733+0900][15.427s][info ][gc,marking    ] GC(12) Concurrent Rebuild Remembered Sets 8.622ms
[2025-04-11T09:50:32.733+0900][15.427s][info ][gc,start      ] GC(12) Pause Cleanup
[2025-04-11T09:50:32.733+0900][15.428s][debug][gc,phases     ] GC(12) Update Remembered Set Tracking After Rebuild 0.039ms
[2025-04-11T09:50:32.734+0900][15.428s][debug][gc,phases     ] GC(12) Finalize Concurrent Mark Cleanup 0.120ms
[2025-04-11T09:50:32.734+0900][15.428s][info ][gc            ] GC(12) Pause Cleanup 91M->91M(6144M) 0.189ms
[2025-04-11T09:50:32.734+0900][15.428s][info ][gc,cpu        ] GC(12) User=0.00s Sys=0.00s Real=0.00s
[2025-04-11T09:50:32.734+0900][15.428s][info ][gc,marking    ] GC(12) Concurrent Cleanup for Next Mark
[2025-04-11T09:50:32.750+0900][15.444s][info ][gc,marking    ] GC(12) Concurrent Cleanup for Next Mark 16.340ms
[2025-04-11T09:50:32.750+0900][15.444s][info ][gc            ] GC(12) Concurrent Cycle 146.410ms
[2025-04-11T09:50:45.540+0900][28.234s][debug][gc,heap       ] GC(13) Heap before GC invocations=13 (full 0): garbage-first heap   total 6291456K, used 2811385K [0x0000000680000000, 0x0000000800000000)
[2025-04-11T09:50:45.540+0900][28.234s][debug][gc,heap       ] GC(13)   region size 4096K, 682 young (2793472K), 16 survivors (65536K)
[2025-04-11T09:50:45.540+0900][28.234s][debug][gc,heap       ] GC(13)  Metaspace       used 163129K, capacity 168102K, committed 168316K, reserved 1198080K
[2025-04-11T09:50:45.540+0900][28.234s][debug][gc,heap       ] GC(13)   class space    used 18362K, capacity 20044K, committed 20160K, reserved 1048576K
[2025-04-11T09:50:45.540+0900][28.234s][info ][gc,start      ] GC(13) Pause Young (Concurrent Start) (Metadata GC Threshold)
[2025-04-11T09:50:45.540+0900][28.234s][info ][gc,task       ] GC(13) Using 4 workers of 4 for evacuation
[2025-04-11T09:50:45.540+0900][28.234s][debug][gc,age        ] GC(13) Desired survivor size 243269632 bytes, new threshold 15 (max threshold 15)
[2025-04-11T09:50:45.658+0900][28.352s][debug][gc,ref        ] GC(13) Skipped phase1 of Reference Processing due to unavailable references
[2025-04-11T09:50:45.661+0900][28.355s][info ][gc,phases     ] GC(13)   Pre Evacuate Collection Set: 0.4ms
[2025-04-11T09:50:45.661+0900][28.355s][debug][gc,phases     ] GC(13)     Prepare TLABs: 0.0ms
[2025-04-11T09:50:45.661+0900][28.355s][debug][gc,phases     ] GC(13)     Choose Collection Set: 0.0ms
[2025-04-11T09:50:45.661+0900][28.355s][debug][gc,phases     ] GC(13)     Humongous Register: 0.0ms
[2025-04-11T09:50:45.661+0900][28.355s][debug][gc,phases     ] GC(13)     Clear Claimed Marks: 0.4ms
[2025-04-11T09:50:45.661+0900][28.355s][info ][gc,phases     ] GC(13)   Evacuate Collection Set: 116.4ms
[2025-04-11T09:50:45.661+0900][28.355s][debug][gc,phases     ] GC(13)     Ext Root Scanning (ms):   Min:  2.7, Avg: 31.6, Max: 77.6, Diff: 74.8, Sum: 126.2, Workers: 4
[2025-04-11T09:50:45.661+0900][28.355s][debug][gc,phases     ] GC(13)     Update RS (ms):           Min:  0.0, Avg:  0.9, Max:  2.0, Diff:  2.0, Sum:  3.5, Workers: 4
[2025-04-11T09:50:45.661+0900][28.355s][debug][gc,phases     ] GC(13)       Processed Buffers:        Min: 0, Avg:  3.8, Max: 11, Diff: 11, Sum: 15, Workers: 4
[2025-04-11T09:50:45.661+0900][28.355s][debug][gc,phases     ] GC(13)       Scanned Cards:            Min: 0, Avg: 330.2, Max: 604, Diff: 604, Sum: 1321, Workers: 4
[2025-04-11T09:50:45.661+0900][28.355s][debug][gc,phases     ] GC(13)       Skipped Cards:            Min: 0, Avg:  1.2, Max: 3, Diff: 3, Sum: 5, Workers: 4
[2025-04-11T09:50:45.661+0900][28.355s][debug][gc,phases     ] GC(13)     Scan RS (ms):             Min:  0.0, Avg:  1.2, Max:  2.4, Diff:  2.4, Sum:  5.0, Workers: 4
[2025-04-11T09:50:45.661+0900][28.355s][debug][gc,phases     ] GC(13)       Scanned Cards:            Min: 0, Avg: 406.8, Max: 1025, Diff: 1025, Sum: 1627, Workers: 4
[2025-04-11T09:50:45.661+0900][28.355s][debug][gc,phases     ] GC(13)       Claimed Cards:            Min: 0, Avg: 542.8, Max: 1223, Diff: 1223, Sum: 2171, Workers: 4
[2025-04-11T09:50:45.661+0900][28.356s][debug][gc,phases     ] GC(13)       Skipped Cards:            Min: 0, Avg: 246.0, Max: 600, Diff: 600, Sum: 984, Workers: 4
[2025-04-11T09:50:45.661+0900][28.356s][debug][gc,phases     ] GC(13)     Code Root Scanning (ms):  Min:  0.0, Avg:  5.9, Max: 15.8, Diff: 15.8, Sum: 23.7, Workers: 4
[2025-04-11T09:50:45.661+0900][28.356s][debug][gc,phases     ] GC(13)     AOT Root Scanning (ms):   skipped
[2025-04-11T09:50:45.661+0900][28.356s][debug][gc,phases     ] GC(13)     Object Copy (ms):         Min: 24.2, Avg: 75.3, Max: 100.4, Diff: 76.2, Sum: 301.2, Workers: 4
[2025-04-11T09:50:45.661+0900][28.356s][debug][gc,phases     ] GC(13)     Termination (ms):         Min:  0.0, Avg:  0.0, Max:  0.0, Diff:  0.0, Sum:  0.0, Workers: 4
[2025-04-11T09:50:45.661+0900][28.356s][debug][gc,phases     ] GC(13)       Termination Attempts:     Min: 1, Avg:  1.0, Max: 1, Diff: 0, Sum: 4, Workers: 4
[2025-04-11T09:50:45.661+0900][28.356s][debug][gc,phases     ] GC(13)     GC Worker Other (ms):     Min:  0.0, Avg:  0.1, Max:  0.1, Diff:  0.1, Sum:  0.3, Workers: 4
[2025-04-11T09:50:45.661+0900][28.356s][debug][gc,phases     ] GC(13)     GC Worker Total (ms):     Min: 110.8, Avg: 115.0, Max: 116.4, Diff:  5.5, Sum: 459.9, Workers: 4
[2025-04-11T09:50:45.661+0900][28.356s][info ][gc,phases     ] GC(13)   Post Evacuate Collection Set: 4.4ms
[2025-04-11T09:50:45.661+0900][28.356s][debug][gc,phases     ] GC(13)     Code Roots Fixup: 0.8ms
[2025-04-11T09:50:45.661+0900][28.356s][debug][gc,phases     ] GC(13)     Clear Card Table: 0.5ms
[2025-04-11T09:50:45.661+0900][28.356s][debug][gc,phases     ] GC(13)     Reference Processing: 1.7ms
[2025-04-11T09:50:45.661+0900][28.356s][debug][gc,phases     ] GC(13)     Weak Processing: 0.2ms
[2025-04-11T09:50:45.661+0900][28.356s][debug][gc,phases     ] GC(13)     Merge Per-Thread State: 0.0ms
[2025-04-11T09:50:45.661+0900][28.356s][debug][gc,phases     ] GC(13)     Code Roots Purge: 0.1ms
[2025-04-11T09:50:45.661+0900][28.356s][debug][gc,phases     ] GC(13)     Redirty Cards: 0.0ms
[2025-04-11T09:50:45.661+0900][28.356s][debug][gc,phases     ] GC(13)     DerivedPointerTable Update: 0.0ms
[2025-04-11T09:50:45.661+0900][28.356s][debug][gc,phases     ] GC(13)     Free Collection Set: 0.9ms
[2025-04-11T09:50:45.661+0900][28.356s][debug][gc,phases     ] GC(13)     Humongous Reclaim: 0.0ms
[2025-04-11T09:50:45.661+0900][28.356s][debug][gc,phases     ] GC(13)     Start New Collection Set: 0.0ms
[2025-04-11T09:50:45.661+0900][28.356s][debug][gc,phases     ] GC(13)     Resize TLABs: 0.0ms
[2025-04-11T09:50:45.661+0900][28.356s][debug][gc,phases     ] GC(13)     Expand Heap After Collection: 0.0ms
[2025-04-11T09:50:45.661+0900][28.356s][info ][gc,phases     ] GC(13)   Other: 0.5ms
[2025-04-11T09:50:45.661+0900][28.356s][info ][gc,heap       ] GC(13) Eden regions: 666->0(671)
[2025-04-11T09:50:45.661+0900][28.356s][info ][gc,heap       ] GC(13) Survivor regions: 16->34(116)
[2025-04-11T09:50:45.661+0900][28.356s][info ][gc,heap       ] GC(13) Old regions: 5->5
[2025-04-11T09:50:45.661+0900][28.356s][info ][gc,heap       ] GC(13) Humongous regions: 3->0
[2025-04-11T09:50:45.662+0900][28.356s][info ][gc,metaspace  ] GC(13) Metaspace: 163129K->163129K(1198080K)
[2025-04-11T09:50:45.662+0900][28.356s][debug][gc,heap       ] GC(13) Heap after GC invocations=14 (full 0): garbage-first heap   total 6291456K, used 153081K [0x0000000680000000, 0x0000000800000000)
[2025-04-11T09:50:45.662+0900][28.356s][debug][gc,heap       ] GC(13)   region size 4096K, 34 young (139264K), 34 survivors (139264K)
[2025-04-11T09:50:45.662+0900][28.356s][debug][gc,heap       ] GC(13)  Metaspace       used 163129K, capacity 168102K, committed 168316K, reserved 1198080K
[2025-04-11T09:50:45.662+0900][28.356s][debug][gc,heap       ] GC(13)   class space    used 18362K, capacity 20044K, committed 20160K, reserved 1048576K
[2025-04-11T09:50:45.662+0900][28.356s][info ][gc            ] GC(13) Pause Young (Concurrent Start) (Metadata GC Threshold) 2753M->149M(6144M) 121.799ms
[2025-04-11T09:50:45.662+0900][28.356s][info ][gc,cpu        ] GC(13) User=0.33s Sys=0.03s Real=0.12s
[2025-04-11T09:50:45.662+0900][28.356s][info ][gc            ] GC(14) Concurrent Cycle
[2025-04-11T09:50:45.662+0900][28.356s][info ][gc,marking    ] GC(14) Concurrent Clear Claimed Marks
[2025-04-11T09:50:45.662+0900][28.356s][info ][gc,marking    ] GC(14) Concurrent Clear Claimed Marks 0.396ms
[2025-04-11T09:50:45.662+0900][28.356s][info ][gc,marking    ] GC(14) Concurrent Scan Root Regions
[2025-04-11T09:50:45.755+0900][28.450s][info ][gc,marking    ] GC(14) Concurrent Scan Root Regions 93.429ms
[2025-04-11T09:50:45.755+0900][28.450s][info ][gc,marking    ] GC(14) Concurrent Mark (28.450s)
[2025-04-11T09:50:45.755+0900][28.450s][info ][gc,marking    ] GC(14) Concurrent Mark From Roots
[2025-04-11T09:50:45.755+0900][28.450s][info ][gc,task       ] GC(14) Using 1 workers of 1 for marking
[2025-04-11T09:50:45.779+0900][28.473s][info ][gc,marking    ] GC(14) Concurrent Mark From Roots 23.389ms
[2025-04-11T09:50:45.779+0900][28.473s][info ][gc,marking    ] GC(14) Concurrent Preclean
[2025-04-11T09:50:45.779+0900][28.473s][debug][gc,ref        ] GC(14) Preclean SoftReferences 0.016ms
[2025-04-11T09:50:45.779+0900][28.473s][debug][gc,ref        ] GC(14) Preclean WeakReferences 0.041ms
[2025-04-11T09:50:45.779+0900][28.473s][debug][gc,ref        ] GC(14) Preclean FinalReferences 0.014ms
[2025-04-11T09:50:45.779+0900][28.473s][debug][gc,ref        ] GC(14) Preclean PhantomReferences 0.024ms
[2025-04-11T09:50:45.779+0900][28.473s][info ][gc,marking    ] GC(14) Concurrent Preclean 0.131ms
[2025-04-11T09:50:45.779+0900][28.473s][info ][gc,marking    ] GC(14) Concurrent Mark (28.450s, 28.473s) 23.568ms
[2025-04-11T09:50:45.779+0900][28.474s][info ][gc,start      ] GC(14) Pause Remark
[2025-04-11T09:50:45.780+0900][28.474s][debug][gc,phases     ] GC(14) Finalize Marking 0.821ms
[2025-04-11T09:50:45.780+0900][28.474s][debug][gc,ref        ] GC(14) Skipped phase1 of Reference Processing due to unavailable references
[2025-04-11T09:50:45.780+0900][28.474s][debug][gc,ref        ] GC(14) Skipped phase2 of Reference Processing due to unavailable references
[2025-04-11T09:50:45.780+0900][28.474s][debug][gc,ref        ] GC(14) Skipped phase3 of Reference Processing due to unavailable references
[2025-04-11T09:50:45.780+0900][28.474s][debug][gc,ref        ] GC(14) Skipped phase4 of Reference Processing due to unavailable references
[2025-04-11T09:50:45.780+0900][28.474s][debug][gc,phases     ] GC(14) Reference Processing 0.059ms
[2025-04-11T09:50:45.780+0900][28.475s][debug][gc,phases     ] GC(14) Weak Processing 0.092ms
[2025-04-11T09:50:45.781+0900][28.475s][debug][gc,phases     ] GC(14) ClassLoaderData 0.517ms
[2025-04-11T09:50:45.781+0900][28.475s][debug][gc,phases     ] GC(14) ProtectionDomainCacheTable 0.005ms
[2025-04-11T09:50:45.795+0900][28.489s][info ][gc,stringtable] GC(14) Cleaned string and symbol table, strings: 44118 processed, 0 removed, symbols: 192939 processed, 457 removed
[2025-04-11T09:50:45.795+0900][28.489s][debug][gc,phases     ] GC(14) Class Unloading 14.731ms
[2025-04-11T09:50:45.795+0900][28.489s][debug][gc,phases     ] GC(14) Flush Task Caches 0.009ms
[2025-04-11T09:50:45.795+0900][28.490s][debug][gc,phases     ] GC(14) Update Remembered Set Tracking Before Rebuild 0.156ms
[2025-04-11T09:50:45.796+0900][28.490s][debug][gc,phases     ] GC(14) Reclaim Empty Regions 0.117ms
[2025-04-11T09:50:45.796+0900][28.490s][debug][gc,phases     ] GC(14) Purge Metaspace 0.000ms
[2025-04-11T09:50:45.796+0900][28.490s][debug][gc,phases     ] GC(14) Report Object Count 0.001ms
[2025-04-11T09:50:45.796+0900][28.490s][info ][gc            ] GC(14) Pause Remark 163M->163M(6144M) 16.093ms
[2025-04-11T09:50:45.796+0900][28.490s][info ][gc,cpu        ] GC(14) User=0.05s Sys=0.00s Real=0.02s
[2025-04-11T09:50:45.796+0900][28.490s][info ][gc,marking    ] GC(14) Concurrent Rebuild Remembered Sets
[2025-04-11T09:50:45.806+0900][28.500s][info ][gc,marking    ] GC(14) Concurrent Rebuild Remembered Sets 10.011ms
[2025-04-11T09:50:45.806+0900][28.500s][info ][gc,start      ] GC(14) Pause Cleanup
[2025-04-11T09:50:45.806+0900][28.500s][debug][gc,phases     ] GC(14) Update Remembered Set Tracking After Rebuild 0.058ms
[2025-04-11T09:50:45.806+0900][28.500s][debug][gc,phases     ] GC(14) Finalize Concurrent Mark Cleanup 0.373ms
[2025-04-11T09:50:45.806+0900][28.500s][info ][gc            ] GC(14) Pause Cleanup 165M->165M(6144M) 0.467ms
[2025-04-11T09:50:45.806+0900][28.500s][info ][gc,cpu        ] GC(14) User=0.00s Sys=0.00s Real=0.00s
[2025-04-11T09:50:45.806+0900][28.500s][info ][gc,marking    ] GC(14) Concurrent Cleanup for Next Mark
[2025-04-11T09:50:45.822+0900][28.516s][info ][gc,marking    ] GC(14) Concurrent Cleanup for Next Mark 15.733ms
[2025-04-11T09:50:45.822+0900][28.516s][info ][gc            ] GC(14) Concurrent Cycle 160.460ms
[2025-04-11T09:50:59.462+0900][42.156s][debug][gc,heap       ] GC(15) Heap before GC invocations=15 (full 0): garbage-first heap   total 6291456K, used 2950649K [0x0000000680000000, 0x0000000800000000)
[2025-04-11T09:50:59.462+0900][42.156s][debug][gc,heap       ] GC(15)   region size 4096K, 714 young (2924544K), 34 survivors (139264K)
[2025-04-11T09:50:59.462+0900][42.156s][debug][gc,heap       ] GC(15)  Metaspace       used 261506K, capacity 269263K, committed 269420K, reserved 1288192K
[2025-04-11T09:50:59.462+0900][42.156s][debug][gc,heap       ] GC(15)   class space    used 29474K, capacity 32089K, committed 32192K, reserved 1048576K
[2025-04-11T09:50:59.462+0900][42.156s][info ][gc,start      ] GC(15) Pause Young (Concurrent Start) (G1 Evacuation Pause)
[2025-04-11T09:50:59.462+0900][42.156s][info ][gc,task       ] GC(15) Using 4 workers of 4 for evacuation
[2025-04-11T09:50:59.462+0900][42.157s][debug][gc,age        ] GC(15) Desired survivor size 188743680 bytes, new threshold 15 (max threshold 15)
[2025-04-11T09:50:59.673+0900][42.367s][debug][gc,ref        ] GC(15) Skipped phase1 of Reference Processing due to unavailable references
[2025-04-11T09:50:59.676+0900][42.370s][info ][gc,phases     ] GC(15)   Pre Evacuate Collection Set: 0.6ms
[2025-04-11T09:50:59.676+0900][42.370s][debug][gc,phases     ] GC(15)     Prepare TLABs: 0.0ms
[2025-04-11T09:50:59.676+0900][42.370s][debug][gc,phases     ] GC(15)     Choose Collection Set: 0.0ms
[2025-04-11T09:50:59.676+0900][42.370s][debug][gc,phases     ] GC(15)     Humongous Register: 0.0ms
[2025-04-11T09:50:59.676+0900][42.370s][debug][gc,phases     ] GC(15)     Clear Claimed Marks: 0.6ms
[2025-04-11T09:50:59.676+0900][42.370s][info ][gc,phases     ] GC(15)   Evacuate Collection Set: 207.5ms
[2025-04-11T09:50:59.676+0900][42.370s][debug][gc,phases     ] GC(15)     Ext Root Scanning (ms):   Min:  3.6, Avg: 69.2, Max: 112.6, Diff: 109.1, Sum: 276.9, Workers: 4
[2025-04-11T09:50:59.676+0900][42.370s][debug][gc,phases     ] GC(15)     Update RS (ms):           Min:  0.0, Avg:  1.6, Max:  3.2, Diff:  3.2, Sum:  6.3, Workers: 4
[2025-04-11T09:50:59.676+0900][42.370s][debug][gc,phases     ] GC(15)       Processed Buffers:        Min: 0, Avg:  3.5, Max: 11, Diff: 11, Sum: 14, Workers: 4
[2025-04-11T09:50:59.676+0900][42.370s][debug][gc,phases     ] GC(15)       Scanned Cards:            Min: 0, Avg: 507.5, Max: 1346, Diff: 1346, Sum: 2030, Workers: 4
[2025-04-11T09:50:59.676+0900][42.370s][debug][gc,phases     ] GC(15)       Skipped Cards:            Min: 0, Avg:  1.8, Max: 6, Diff: 6, Sum: 7, Workers: 4
[2025-04-11T09:50:59.676+0900][42.370s][debug][gc,phases     ] GC(15)     Scan RS (ms):             Min:  0.0, Avg:  1.4, Max:  2.2, Diff:  2.2, Sum:  5.5, Workers: 4
[2025-04-11T09:50:59.676+0900][42.370s][debug][gc,phases     ] GC(15)       Scanned Cards:            Min: 0, Avg: 390.0, Max: 838, Diff: 838, Sum: 1560, Workers: 4
[2025-04-11T09:50:59.676+0900][42.370s][debug][gc,phases     ] GC(15)       Claimed Cards:            Min: 0, Avg: 550.5, Max: 973, Diff: 973, Sum: 2202, Workers: 4
[2025-04-11T09:50:59.676+0900][42.370s][debug][gc,phases     ] GC(15)       Skipped Cards:            Min: 0, Avg: 538.0, Max: 1069, Diff: 1069, Sum: 2152, Workers: 4
[2025-04-11T09:50:59.676+0900][42.370s][debug][gc,phases     ] GC(15)     Code Root Scanning (ms):  Min:  0.0, Avg: 10.2, Max: 22.7, Diff: 22.7, Sum: 40.9, Workers: 4
[2025-04-11T09:50:59.676+0900][42.370s][debug][gc,phases     ] GC(15)     AOT Root Scanning (ms):   skipped
[2025-04-11T09:50:59.676+0900][42.370s][debug][gc,phases     ] GC(15)     Object Copy (ms):         Min: 82.7, Avg: 125.0, Max: 176.7, Diff: 94.0, Sum: 500.1, Workers: 4
[2025-04-11T09:50:59.676+0900][42.370s][debug][gc,phases     ] GC(15)     Termination (ms):         Min:  0.0, Avg:  0.0, Max:  0.0, Diff:  0.0, Sum:  0.0, Workers: 4
[2025-04-11T09:50:59.676+0900][42.371s][debug][gc,phases     ] GC(15)       Termination Attempts:     Min: 1, Avg:  1.0, Max: 1, Diff: 0, Sum: 4, Workers: 4
[2025-04-11T09:50:59.676+0900][42.371s][debug][gc,phases     ] GC(15)     GC Worker Other (ms):     Min:  0.0, Avg:  0.1, Max:  0.1, Diff:  0.1, Sum:  0.4, Workers: 4
[2025-04-11T09:50:59.676+0900][42.371s][debug][gc,phases     ] GC(15)     GC Worker Total (ms):     Min: 207.5, Avg: 207.5, Max: 207.5, Diff:  0.0, Sum: 830.0, Workers: 4
[2025-04-11T09:50:59.676+0900][42.371s][info ][gc,phases     ] GC(15)   Post Evacuate Collection Set: 5.3ms
[2025-04-11T09:50:59.676+0900][42.371s][debug][gc,phases     ] GC(15)     Code Roots Fixup: 1.4ms
[2025-04-11T09:50:59.676+0900][42.371s][debug][gc,phases     ] GC(15)     Clear Card Table: 0.6ms
[2025-04-11T09:50:59.676+0900][42.371s][debug][gc,phases     ] GC(15)     Reference Processing: 1.6ms
[2025-04-11T09:50:59.676+0900][42.371s][debug][gc,phases     ] GC(15)     Weak Processing: 0.4ms
[2025-04-11T09:50:59.676+0900][42.371s][debug][gc,phases     ] GC(15)     Merge Per-Thread State: 0.0ms
[2025-04-11T09:50:59.676+0900][42.371s][debug][gc,phases     ] GC(15)     Code Roots Purge: 0.1ms
[2025-04-11T09:50:59.676+0900][42.371s][debug][gc,phases     ] GC(15)     Redirty Cards: 0.0ms
[2025-04-11T09:50:59.676+0900][42.371s][debug][gc,phases     ] GC(15)     DerivedPointerTable Update: 0.0ms
[2025-04-11T09:50:59.676+0900][42.371s][debug][gc,phases     ] GC(15)     Free Collection Set: 1.2ms
[2025-04-11T09:50:59.676+0900][42.371s][debug][gc,phases     ] GC(15)     Humongous Reclaim: 0.0ms
[2025-04-11T09:50:59.676+0900][42.371s][debug][gc,phases     ] GC(15)     Start New Collection Set: 0.0ms
[2025-04-11T09:50:59.676+0900][42.371s][debug][gc,phases     ] GC(15)     Resize TLABs: 0.0ms
[2025-04-11T09:50:59.676+0900][42.371s][debug][gc,phases     ] GC(15)     Expand Heap After Collection: 0.0ms
[2025-04-11T09:50:59.676+0900][42.371s][info ][gc,phases     ] GC(15)   Other: 0.5ms
[2025-04-11T09:50:59.676+0900][42.371s][info ][gc,heap       ] GC(15) Eden regions: 680->0(623)
[2025-04-11T09:50:59.676+0900][42.371s][info ][gc,heap       ] GC(15) Survivor regions: 34->56(90)
[2025-04-11T09:50:59.676+0900][42.371s][info ][gc,heap       ] GC(15) Old regions: 5->5
[2025-04-11T09:50:59.676+0900][42.371s][info ][gc,heap       ] GC(15) Humongous regions: 4->0
[2025-04-11T09:50:59.676+0900][42.371s][info ][gc,metaspace  ] GC(15) Metaspace: 261506K->261506K(1288192K)
[2025-04-11T09:50:59.676+0900][42.371s][debug][gc,heap       ] GC(15) Heap after GC invocations=16 (full 0): garbage-first heap   total 6291456K, used 243193K [0x0000000680000000, 0x0000000800000000)
[2025-04-11T09:50:59.676+0900][42.371s][debug][gc,heap       ] GC(15)   region size 4096K, 56 young (229376K), 56 survivors (229376K)
[2025-04-11T09:50:59.676+0900][42.371s][debug][gc,heap       ] GC(15)  Metaspace       used 261506K, capacity 269263K, committed 269420K, reserved 1288192K
[2025-04-11T09:50:59.676+0900][42.371s][debug][gc,heap       ] GC(15)   class space    used 29474K, capacity 32089K, committed 32192K, reserved 1048576K
[2025-04-11T09:50:59.677+0900][42.371s][info ][gc            ] GC(15) Pause Young (Concurrent Start) (G1 Evacuation Pause) 2885M->237M(6144M) 214.133ms
[2025-04-11T09:50:59.677+0900][42.371s][info ][gc,cpu        ] GC(15) User=0.53s Sys=0.05s Real=0.21s
[2025-04-11T09:50:59.677+0900][42.371s][info ][gc            ] GC(16) Concurrent Cycle
[2025-04-11T09:50:59.677+0900][42.371s][info ][gc,marking    ] GC(16) Concurrent Clear Claimed Marks
[2025-04-11T09:50:59.677+0900][42.371s][info ][gc,marking    ] GC(16) Concurrent Clear Claimed Marks 0.565ms
[2025-04-11T09:50:59.677+0900][42.371s][info ][gc,marking    ] GC(16) Concurrent Scan Root Regions
[2025-04-11T09:50:59.811+0900][42.505s][info ][gc,marking    ] GC(16) Concurrent Scan Root Regions 133.594ms
[2025-04-11T09:50:59.811+0900][42.505s][info ][gc,marking    ] GC(16) Concurrent Mark (42.505s)
[2025-04-11T09:50:59.811+0900][42.505s][info ][gc,marking    ] GC(16) Concurrent Mark From Roots
[2025-04-11T09:50:59.811+0900][42.505s][info ][gc,task       ] GC(16) Using 1 workers of 1 for marking
[2025-04-11T09:50:59.825+0900][42.519s][info ][gc,marking    ] GC(16) Concurrent Mark From Roots 14.296ms
[2025-04-11T09:50:59.825+0900][42.519s][info ][gc,marking    ] GC(16) Concurrent Preclean
[2025-04-11T09:50:59.825+0900][42.519s][debug][gc,ref        ] GC(16) Preclean SoftReferences 0.013ms
[2025-04-11T09:50:59.825+0900][42.519s][debug][gc,ref        ] GC(16) Preclean WeakReferences 0.030ms
[2025-04-11T09:50:59.825+0900][42.519s][debug][gc,ref        ] GC(16) Preclean FinalReferences 0.011ms
[2025-04-11T09:50:59.825+0900][42.519s][debug][gc,ref        ] GC(16) Preclean PhantomReferences 0.019ms
[2025-04-11T09:50:59.825+0900][42.519s][info ][gc,marking    ] GC(16) Concurrent Preclean 0.097ms
[2025-04-11T09:50:59.825+0900][42.519s][info ][gc,marking    ] GC(16) Concurrent Mark (42.505s, 42.519s) 14.425ms
[2025-04-11T09:50:59.825+0900][42.520s][info ][gc,start      ] GC(16) Pause Remark
[2025-04-11T09:50:59.826+0900][42.520s][debug][gc,phases     ] GC(16) Finalize Marking 0.258ms
[2025-04-11T09:50:59.826+0900][42.520s][debug][gc,ref        ] GC(16) Skipped phase1 of Reference Processing due to unavailable references
[2025-04-11T09:50:59.826+0900][42.520s][debug][gc,ref        ] GC(16) Skipped phase2 of Reference Processing due to unavailable references
[2025-04-11T09:50:59.826+0900][42.520s][debug][gc,ref        ] GC(16) Skipped phase3 of Reference Processing due to unavailable references
[2025-04-11T09:50:59.826+0900][42.520s][debug][gc,ref        ] GC(16) Skipped phase4 of Reference Processing due to unavailable references
[2025-04-11T09:50:59.826+0900][42.520s][debug][gc,phases     ] GC(16) Reference Processing 0.029ms
[2025-04-11T09:50:59.826+0900][42.520s][debug][gc,phases     ] GC(16) Weak Processing 0.110ms
[2025-04-11T09:50:59.827+0900][42.521s][debug][gc,phases     ] GC(16) ClassLoaderData 0.810ms
[2025-04-11T09:50:59.827+0900][42.521s][debug][gc,phases     ] GC(16) ProtectionDomainCacheTable 0.007ms
[2025-04-11T09:50:59.845+0900][42.540s][info ][gc,stringtable] GC(16) Cleaned string and symbol table, strings: 45681 processed, 0 removed, symbols: 196793 processed, 456 removed
[2025-04-11T09:50:59.845+0900][42.540s][debug][gc,phases     ] GC(16) Class Unloading 19.651ms
[2025-04-11T09:50:59.846+0900][42.540s][debug][gc,phases     ] GC(16) Flush Task Caches 0.009ms
[2025-04-11T09:50:59.846+0900][42.540s][debug][gc,phases     ] GC(16) Update Remembered Set Tracking Before Rebuild 0.116ms
[2025-04-11T09:50:59.846+0900][42.540s][debug][gc,phases     ] GC(16) Reclaim Empty Regions 0.118ms
[2025-04-11T09:50:59.846+0900][42.540s][debug][gc,phases     ] GC(16) Purge Metaspace 0.000ms
[2025-04-11T09:50:59.846+0900][42.540s][debug][gc,phases     ] GC(16) Report Object Count 0.000ms
[2025-04-11T09:50:59.846+0900][42.540s][info ][gc            ] GC(16) Pause Remark 303M->303M(6144M) 20.367ms
[2025-04-11T09:50:59.846+0900][42.540s][info ][gc,cpu        ] GC(16) User=0.07s Sys=0.00s Real=0.02s
[2025-04-11T09:50:59.846+0900][42.540s][info ][gc,marking    ] GC(16) Concurrent Rebuild Remembered Sets
[2025-04-11T09:50:59.852+0900][42.546s][info ][gc,marking    ] GC(16) Concurrent Rebuild Remembered Sets 6.475ms
[2025-04-11T09:50:59.852+0900][42.547s][info ][gc,start      ] GC(16) Pause Cleanup
[2025-04-11T09:50:59.852+0900][42.547s][debug][gc,phases     ] GC(16) Update Remembered Set Tracking After Rebuild 0.035ms
[2025-04-11T09:50:59.853+0900][42.547s][debug][gc,phases     ] GC(16) Finalize Concurrent Mark Cleanup 0.126ms
[2025-04-11T09:50:59.853+0900][42.547s][info ][gc            ] GC(16) Pause Cleanup 307M->307M(6144M) 0.195ms
[2025-04-11T09:50:59.853+0900][42.547s][info ][gc,cpu        ] GC(16) User=0.00s Sys=0.00s Real=0.00s
[2025-04-11T09:50:59.853+0900][42.547s][info ][gc,marking    ] GC(16) Concurrent Cleanup for Next Mark
[2025-04-11T09:50:59.868+0900][42.562s][info ][gc,marking    ] GC(16) Concurrent Cleanup for Next Mark 15.144ms
[2025-04-11T09:50:59.868+0900][42.562s][info ][gc            ] GC(16) Concurrent Cycle 191.264ms
[2025-04-11T09:53:47.634+0900][210.329s][debug][gc,heap       ] GC(17) Heap before GC invocations=17 (full 0): garbage-first heap   total 6291456K, used 5113337K [0x0000000680000000, 0x0000000800000000)
[2025-04-11T09:53:47.634+0900][210.329s][debug][gc,heap       ] GC(17)   region size 4096K, 728 young (2981888K), 56 survivors (229376K)
[2025-04-11T09:53:47.635+0900][210.329s][debug][gc,heap       ] GC(17)  Metaspace       used 322601K, capacity 332418K, committed 332688K, reserved 1343488K
[2025-04-11T09:53:47.635+0900][210.329s][debug][gc,heap       ] GC(17)   class space    used 36154K, capacity 39457K, committed 39488K, reserved 1048576K
[2025-04-11T09:53:47.635+0900][210.329s][info ][gc,start      ] GC(17) Pause Young (Normal) (G1 Evacuation Pause)
[2025-04-11T09:53:47.635+0900][210.329s][info ][gc,task       ] GC(17) Using 4 workers of 4 for evacuation
[2025-04-11T09:53:47.635+0900][210.329s][debug][gc,age        ] GC(17) Desired survivor size 190840832 bytes, new threshold 5 (max threshold 15)
[2025-04-11T09:53:47.922+0900][210.616s][debug][gc,ref        ] GC(17) Skipped phase1 of Reference Processing due to unavailable references
[2025-04-11T09:53:48.554+0900][211.248s][info ][gc,mmu        ] GC(17) MMU target violated: 501.0ms (500.0ms/501.0ms)
[2025-04-11T09:53:48.554+0900][211.248s][info ][gc,phases     ] GC(17)   Pre Evacuate Collection Set: 0.3ms
[2025-04-11T09:53:48.554+0900][211.248s][debug][gc,phases     ] GC(17)     Prepare TLABs: 0.0ms
[2025-04-11T09:53:48.554+0900][211.248s][debug][gc,phases     ] GC(17)     Choose Collection Set: 0.0ms
[2025-04-11T09:53:48.554+0900][211.248s][debug][gc,phases     ] GC(17)     Humongous Register: 0.3ms
[2025-04-11T09:53:48.554+0900][211.248s][info ][gc,phases     ] GC(17)   Evacuate Collection Set: 284.4ms
[2025-04-11T09:53:48.554+0900][211.248s][debug][gc,phases     ] GC(17)     Ext Root Scanning (ms):   Min:  1.1, Avg: 17.7, Max: 64.7, Diff: 63.6, Sum: 70.9, Workers: 4
[2025-04-11T09:53:48.554+0900][211.248s][debug][gc,phases     ] GC(17)     Update RS (ms):           Min:  0.0, Avg:  4.6, Max: 14.5, Diff: 14.5, Sum: 18.4, Workers: 4
[2025-04-11T09:53:48.554+0900][211.248s][debug][gc,phases     ] GC(17)       Processed Buffers:        Min: 0, Avg:  6.8, Max: 19, Diff: 19, Sum: 27, Workers: 4
[2025-04-11T09:53:48.554+0900][211.248s][debug][gc,phases     ] GC(17)       Scanned Cards:            Min: 0, Avg: 557.8, Max: 800, Diff: 800, Sum: 2231, Workers: 4
[2025-04-11T09:53:48.554+0900][211.248s][debug][gc,phases     ] GC(17)       Skipped Cards:            Min: 0, Avg:  3.8, Max: 10, Diff: 10, Sum: 15, Workers: 4
[2025-04-11T09:53:48.554+0900][211.248s][debug][gc,phases     ] GC(17)     Scan RS (ms):             Min:  0.0, Avg:  2.6, Max:  7.5, Diff:  7.5, Sum: 10.4, Workers: 4
[2025-04-11T09:53:48.554+0900][211.248s][debug][gc,phases     ] GC(17)       Scanned Cards:            Min: 0, Avg: 453.2, Max: 1518, Diff: 1518, Sum: 1813, Workers: 4
[2025-04-11T09:53:48.554+0900][211.248s][debug][gc,phases     ] GC(17)       Claimed Cards:            Min: 0, Avg: 543.8, Max: 1556, Diff: 1556, Sum: 2175, Workers: 4
[2025-04-11T09:53:48.554+0900][211.248s][debug][gc,phases     ] GC(17)       Skipped Cards:            Min: 0, Avg: 189.8, Max: 562, Diff: 562, Sum: 759, Workers: 4
[2025-04-11T09:53:48.554+0900][211.248s][debug][gc,phases     ] GC(17)     Code Root Scanning (ms):  Min:  0.0, Avg: 33.8, Max: 77.2, Diff: 77.2, Sum: 135.1, Workers: 4
[2025-04-11T09:53:48.554+0900][211.248s][debug][gc,phases     ] GC(17)     AOT Root Scanning (ms):   skipped
[2025-04-11T09:53:48.554+0900][211.248s][debug][gc,phases     ] GC(17)     Object Copy (ms):         Min: 168.6, Avg: 194.0, Max: 219.6, Diff: 51.0, Sum: 775.9, Workers: 4
[2025-04-11T09:53:48.554+0900][211.248s][debug][gc,phases     ] GC(17)     Termination (ms):         Min:  0.0, Avg: 31.5, Max: 47.3, Diff: 47.3, Sum: 126.1, Workers: 4
[2025-04-11T09:53:48.554+0900][211.248s][debug][gc,phases     ] GC(17)       Termination Attempts:     Min: 1, Avg: 135.5, Max: 268, Diff: 267, Sum: 542, Workers: 4
[2025-04-11T09:53:48.554+0900][211.248s][debug][gc,phases     ] GC(17)     GC Worker Other (ms):     Min:  0.1, Avg:  0.2, Max:  0.5, Diff:  0.5, Sum:  0.8, Workers: 4
[2025-04-11T09:53:48.554+0900][211.248s][debug][gc,phases     ] GC(17)     GC Worker Total (ms):     Min: 284.4, Avg: 284.4, Max: 284.4, Diff:  0.0, Sum: 1137.6, Workers: 4
[2025-04-11T09:53:48.554+0900][211.248s][info ][gc,phases     ] GC(17)   Post Evacuate Collection Set: 632.2ms
[2025-04-11T09:53:48.554+0900][211.248s][debug][gc,phases     ] GC(17)     Code Roots Fixup: 2.1ms
[2025-04-11T09:53:48.554+0900][211.248s][debug][gc,phases     ] GC(17)     Clear Card Table: 0.6ms
[2025-04-11T09:53:48.554+0900][211.248s][debug][gc,phases     ] GC(17)     Reference Processing: 1.9ms
[2025-04-11T09:53:48.554+0900][211.248s][debug][gc,phases     ] GC(17)     Weak Processing: 1.0ms
[2025-04-11T09:53:48.554+0900][211.248s][debug][gc,phases     ] GC(17)     Merge Per-Thread State: 0.0ms
[2025-04-11T09:53:48.554+0900][211.248s][debug][gc,phases     ] GC(17)     Code Roots Purge: 0.8ms
[2025-04-11T09:53:48.554+0900][211.248s][debug][gc,phases     ] GC(17)     Redirty Cards: 0.0ms
[2025-04-11T09:53:48.554+0900][211.248s][debug][gc,phases     ] GC(17)     DerivedPointerTable Update: 0.0ms
[2025-04-11T09:53:48.554+0900][211.248s][debug][gc,phases     ] GC(17)     Free Collection Set: 405.0ms
[2025-04-11T09:53:48.554+0900][211.248s][debug][gc,phases     ] GC(17)     Humongous Reclaim: 220.7ms
[2025-04-11T09:53:48.554+0900][211.248s][debug][gc,phases     ] GC(17)     Start New Collection Set: 1.2ms
[2025-04-11T09:53:48.554+0900][211.248s][debug][gc,phases     ] GC(17)     Resize TLABs: 0.0ms
[2025-04-11T09:53:48.554+0900][211.248s][debug][gc,phases     ] GC(17)     Expand Heap After Collection: 0.0ms
[2025-04-11T09:53:48.554+0900][211.248s][info ][gc,phases     ] GC(17)   Other: 2.7ms
[2025-04-11T09:53:48.554+0900][211.248s][info ][gc,heap       ] GC(17) Eden regions: 672->0(20)
[2025-04-11T09:53:48.554+0900][211.248s][info ][gc,heap       ] GC(17) Survivor regions: 56->56(91)
[2025-04-11T09:53:48.554+0900][211.248s][info ][gc,heap       ] GC(17) Old regions: 5->15
[2025-04-11T09:53:48.554+0900][211.248s][info ][gc,heap       ] GC(17) Humongous regions: 518->126
[2025-04-11T09:53:48.554+0900][211.248s][info ][gc,metaspace  ] GC(17) Metaspace: 322601K->322601K(1343488K)
[2025-04-11T09:53:48.554+0900][211.248s][debug][gc,heap       ] GC(17) Heap after GC invocations=18 (full 0): garbage-first heap   total 6291456K, used 798344K [0x0000000680000000, 0x0000000800000000)
[2025-04-11T09:53:48.554+0900][211.249s][debug][gc,heap       ] GC(17)   region size 4096K, 56 young (229376K), 56 survivors (229376K)
[2025-04-11T09:53:48.554+0900][211.249s][debug][gc,heap       ] GC(17)  Metaspace       used 322601K, capacity 332418K, committed 332688K, reserved 1343488K
[2025-04-11T09:53:48.554+0900][211.249s][debug][gc,heap       ] GC(17)   class space    used 36154K, capacity 39457K, committed 39488K, reserved 1048576K
[2025-04-11T09:53:48.554+0900][211.249s][info ][gc            ] GC(17) Pause Young (Normal) (G1 Evacuation Pause) 4997M->779M(6144M) 919.869ms
[2025-04-11T09:53:48.554+0900][211.249s][info ][gc,cpu        ] GC(17) User=0.92s Sys=0.05s Real=0.92s
[2025-04-11T09:54:16.719+0900][239.413s][debug][gc,heap       ] GC(18) Heap before GC invocations=18 (full 0): garbage-first heap   total 6291456K, used 876168K [0x0000000680000000, 0x0000000800000000)
[2025-04-11T09:54:16.719+0900][239.413s][debug][gc,heap       ] GC(18)   region size 4096K, 76 young (311296K), 56 survivors (229376K)
[2025-04-11T09:54:16.719+0900][239.413s][debug][gc,heap       ] GC(18)  Metaspace       used 322615K, capacity 332482K, committed 332688K, reserved 1343488K
[2025-04-11T09:54:16.719+0900][239.413s][debug][gc,heap       ] GC(18)   class space    used 36154K, capacity 39457K, committed 39488K, reserved 1048576K
[2025-04-11T09:54:16.719+0900][239.413s][info ][gc,start      ] GC(18) Pause Young (Normal) (G1 Evacuation Pause)
[2025-04-11T09:54:16.719+0900][239.413s][info ][gc,task       ] GC(18) Using 4 workers of 4 for evacuation
[2025-04-11T09:54:16.719+0900][239.413s][debug][gc,age        ] GC(18) Desired survivor size 20971520 bytes, new threshold 1 (max threshold 15)
[2025-04-11T09:54:16.859+0900][239.553s][debug][gc,ref        ] GC(18) Skipped phase1 of Reference Processing due to unavailable references
[2025-04-11T09:54:16.859+0900][239.553s][debug][gc,ref        ] GC(18) Skipped phase2 of Reference Processing due to unavailable references
[2025-04-11T09:54:16.859+0900][239.553s][debug][gc,ref        ] GC(18) Skipped phase3 of Reference Processing due to unavailable references
[2025-04-11T09:54:16.859+0900][239.553s][debug][gc,ref        ] GC(18) Skipped phase4 of Reference Processing due to unavailable references
[2025-04-11T09:54:16.884+0900][239.578s][info ][gc,phases     ] GC(18)   Pre Evacuate Collection Set: 0.1ms
[2025-04-11T09:54:16.884+0900][239.578s][debug][gc,phases     ] GC(18)     Prepare TLABs: 0.0ms
[2025-04-11T09:54:16.884+0900][239.578s][debug][gc,phases     ] GC(18)     Choose Collection Set: 0.0ms
[2025-04-11T09:54:16.884+0900][239.578s][debug][gc,phases     ] GC(18)     Humongous Register: 0.1ms
[2025-04-11T09:54:16.884+0900][239.578s][info ][gc,phases     ] GC(18)   Evacuate Collection Set: 138.8ms
[2025-04-11T09:54:16.884+0900][239.578s][debug][gc,phases     ] GC(18)     Ext Root Scanning (ms):   Min:  0.3, Avg:  3.1, Max:  9.5, Diff:  9.2, Sum: 12.4, Workers: 4
[2025-04-11T09:54:16.884+0900][239.578s][debug][gc,phases     ] GC(18)     Update RS (ms):           Min:  0.0, Avg:  1.1, Max:  3.1, Diff:  3.1, Sum:  4.4, Workers: 4
[2025-04-11T09:54:16.884+0900][239.578s][debug][gc,phases     ] GC(18)       Processed Buffers:        Min: 0, Avg:  4.5, Max: 15, Diff: 15, Sum: 18, Workers: 4
[2025-04-11T09:54:16.884+0900][239.578s][debug][gc,phases     ] GC(18)       Scanned Cards:            Min: 0, Avg: 563.0, Max: 1491, Diff: 1491, Sum: 2252, Workers: 4
[2025-04-11T09:54:16.884+0900][239.578s][debug][gc,phases     ] GC(18)       Skipped Cards:            Min: 0, Avg:  6.8, Max: 20, Diff: 20, Sum: 27, Workers: 4
[2025-04-11T09:54:16.884+0900][239.578s][debug][gc,phases     ] GC(18)     Scan RS (ms):             Min:  0.0, Avg:  0.5, Max:  1.3, Diff:  1.3, Sum:  2.1, Workers: 4
[2025-04-11T09:54:16.884+0900][239.578s][debug][gc,phases     ] GC(18)       Scanned Cards:            Min: 0, Avg: 260.8, Max: 1010, Diff: 1010, Sum: 1043, Workers: 4
[2025-04-11T09:54:16.884+0900][239.578s][debug][gc,phases     ] GC(18)       Claimed Cards:            Min: 0, Avg: 282.5, Max: 1094, Diff: 1094, Sum: 1130, Workers: 4
[2025-04-11T09:54:16.884+0900][239.578s][debug][gc,phases     ] GC(18)       Skipped Cards:            Min: 0, Avg:  0.0, Max: 0, Diff: 0, Sum: 0, Workers: 4
[2025-04-11T09:54:16.884+0900][239.578s][debug][gc,phases     ] GC(18)     Code Root Scanning (ms):  Min:  0.0, Avg:  8.6, Max: 14.4, Diff: 14.4, Sum: 34.4, Workers: 4
[2025-04-11T09:54:16.884+0900][239.578s][debug][gc,phases     ] GC(18)     AOT Root Scanning (ms):   skipped
[2025-04-11T09:54:16.884+0900][239.578s][debug][gc,phases     ] GC(18)     Object Copy (ms):         Min: 120.1, Avg: 125.1, Max: 130.5, Diff: 10.4, Sum: 500.4, Workers: 4
[2025-04-11T09:54:16.884+0900][239.578s][debug][gc,phases     ] GC(18)     Termination (ms):         Min:  0.2, Avg:  0.3, Max:  0.5, Diff:  0.3, Sum:  1.3, Workers: 4
[2025-04-11T09:54:16.884+0900][239.578s][debug][gc,phases     ] GC(18)       Termination Attempts:     Min: 1, Avg: 39.0, Max: 77, Diff: 76, Sum: 156, Workers: 4
[2025-04-11T09:54:16.884+0900][239.578s][debug][gc,phases     ] GC(18)     GC Worker Other (ms):     Min:  0.0, Avg:  0.0, Max:  0.0, Diff:  0.0, Sum:  0.1, Workers: 4
[2025-04-11T09:54:16.884+0900][239.578s][debug][gc,phases     ] GC(18)     GC Worker Total (ms):     Min: 138.8, Avg: 138.8, Max: 138.8, Diff:  0.1, Sum: 555.1, Workers: 4
[2025-04-11T09:54:16.884+0900][239.578s][info ][gc,phases     ] GC(18)   Post Evacuate Collection Set: 26.2ms
[2025-04-11T09:54:16.884+0900][239.578s][debug][gc,phases     ] GC(18)     Code Roots Fixup: 1.3ms
[2025-04-11T09:54:16.884+0900][239.578s][debug][gc,phases     ] GC(18)     Clear Card Table: 0.1ms
[2025-04-11T09:54:16.884+0900][239.578s][debug][gc,phases     ] GC(18)     Reference Processing: 0.1ms
[2025-04-11T09:54:16.884+0900][239.578s][debug][gc,phases     ] GC(18)     Weak Processing: 0.4ms
[2025-04-11T09:54:16.884+0900][239.578s][debug][gc,phases     ] GC(18)     Merge Per-Thread State: 0.0ms
[2025-04-11T09:54:16.884+0900][239.578s][debug][gc,phases     ] GC(18)     Code Roots Purge: 0.1ms
[2025-04-11T09:54:16.884+0900][239.578s][debug][gc,phases     ] GC(18)     Redirty Cards: 0.0ms
[2025-04-11T09:54:16.884+0900][239.578s][debug][gc,phases     ] GC(18)     DerivedPointerTable Update: 0.0ms
[2025-04-11T09:54:16.884+0900][239.578s][debug][gc,phases     ] GC(18)     Free Collection Set: 24.3ms
[2025-04-11T09:54:16.884+0900][239.578s][debug][gc,phases     ] GC(18)     Humongous Reclaim: 0.0ms
[2025-04-11T09:54:16.884+0900][239.578s][debug][gc,phases     ] GC(18)     Start New Collection Set: 0.0ms
[2025-04-11T09:54:16.884+0900][239.578s][debug][gc,phases     ] GC(18)     Resize TLABs: 0.0ms
[2025-04-11T09:54:16.884+0900][239.578s][debug][gc,phases     ] GC(18)     Expand Heap After Collection: 0.0ms
[2025-04-11T09:54:16.884+0900][239.578s][info ][gc,phases     ] GC(18)   Other: 0.3ms
[2025-04-11T09:54:16.884+0900][239.578s][info ][gc,heap       ] GC(18) Eden regions: 20->0(919)
[2025-04-11T09:54:16.884+0900][239.578s][info ][gc,heap       ] GC(18) Survivor regions: 56->2(10)
[2025-04-11T09:54:16.884+0900][239.578s][info ][gc,heap       ] GC(18) Old regions: 15->70
[2025-04-11T09:54:16.884+0900][239.578s][info ][gc,heap       ] GC(18) Humongous regions: 126->126
[2025-04-11T09:54:16.884+0900][239.578s][info ][gc,metaspace  ] GC(18) Metaspace: 322615K->322615K(1343488K)
[2025-04-11T09:54:16.884+0900][239.578s][debug][gc,heap       ] GC(18) Heap after GC invocations=19 (full 0): garbage-first heap   total 6291456K, used 803906K [0x0000000680000000, 0x0000000800000000)
[2025-04-11T09:54:16.884+0900][239.578s][debug][gc,heap       ] GC(18)   region size 4096K, 2 young (8192K), 2 survivors (8192K)
[2025-04-11T09:54:16.884+0900][239.578s][debug][gc,heap       ] GC(18)  Metaspace       used 322615K, capacity 332482K, committed 332688K, reserved 1343488K
[2025-04-11T09:54:16.884+0900][239.578s][debug][gc,heap       ] GC(18)   class space    used 36154K, capacity 39457K, committed 39488K, reserved 1048576K
[2025-04-11T09:54:16.885+0900][239.579s][info ][gc            ] GC(18) Pause Young (Normal) (G1 Evacuation Pause) 859M->785M(6144M) 166.243ms
[2025-04-11T09:54:16.885+0900][239.579s][info ][gc,cpu        ] GC(18) User=0.54s Sys=0.01s Real=0.17s
[2025-04-11T10:00:57.133+0900][639.828s][debug][gc,heap       ] GC(19) Heap before GC invocations=19 (full 0): garbage-first heap   total 6291456K, used 4039746K [0x0000000680000000, 0x0000000800000000)
[2025-04-11T10:00:57.134+0900][639.828s][debug][gc,heap       ] GC(19)   region size 4096K, 403 young (1650688K), 2 survivors (8192K)
[2025-04-11T10:00:57.134+0900][639.828s][debug][gc,heap       ] GC(19)  Metaspace       used 323094K, capacity 333084K, committed 333328K, reserved 1343488K
[2025-04-11T10:00:57.134+0900][639.828s][debug][gc,heap       ] GC(19)   class space    used 36173K, capacity 39518K, committed 39616K, reserved 1048576K
[2025-04-11T10:00:57.159+0900][639.853s][info ][gc,start      ] GC(19) Pause Young (Concurrent Start) (G1 Humongous Allocation)
[2025-04-11T10:00:57.159+0900][639.853s][info ][gc,task       ] GC(19) Using 4 workers of 4 for evacuation
[2025-04-11T10:00:57.159+0900][639.853s][debug][gc,age        ] GC(19) Desired survivor size 243269632 bytes, new threshold 15 (max threshold 15)
[2025-04-11T10:00:57.578+0900][640.272s][debug][gc,ref        ] GC(19) Skipped phase1 of Reference Processing due to unavailable references
[2025-04-11T10:00:57.581+0900][640.275s][info ][gc,phases     ] GC(19)   Pre Evacuate Collection Set: 1.2ms
[2025-04-11T10:00:57.581+0900][640.275s][debug][gc,phases     ] GC(19)     Prepare TLABs: 0.0ms
[2025-04-11T10:00:57.581+0900][640.275s][debug][gc,phases     ] GC(19)     Choose Collection Set: 0.0ms
[2025-04-11T10:00:57.581+0900][640.275s][debug][gc,phases     ] GC(19)     Humongous Register: 0.0ms
[2025-04-11T10:00:57.581+0900][640.275s][debug][gc,phases     ] GC(19)     Clear Claimed Marks: 1.2ms
[2025-04-11T10:00:57.581+0900][640.275s][info ][gc,phases     ] GC(19)   Evacuate Collection Set: 95.2ms
[2025-04-11T10:00:57.581+0900][640.275s][debug][gc,phases     ] GC(19)     Ext Root Scanning (ms):   Min: 51.1, Avg: 69.2, Max: 83.3, Diff: 32.2, Sum: 276.9, Workers: 4
[2025-04-11T10:00:57.581+0900][640.275s][debug][gc,phases     ] GC(19)     Update RS (ms):           Min:  0.0, Avg:  5.1, Max: 10.3, Diff: 10.3, Sum: 20.6, Workers: 4
[2025-04-11T10:00:57.581+0900][640.275s][debug][gc,phases     ] GC(19)       Processed Buffers:        Min: 0, Avg:  8.0, Max: 20, Diff: 20, Sum: 32, Workers: 4
[2025-04-11T10:00:57.581+0900][640.275s][debug][gc,phases     ] GC(19)       Scanned Cards:            Min: 0, Avg: 178.5, Max: 535, Diff: 535, Sum: 714, Workers: 4
[2025-04-11T10:00:57.581+0900][640.275s][debug][gc,phases     ] GC(19)       Skipped Cards:            Min: 0, Avg:  0.2, Max: 1, Diff: 1, Sum: 1, Workers: 4
[2025-04-11T10:00:57.581+0900][640.275s][debug][gc,phases     ] GC(19)     Scan RS (ms):             Min:  0.0, Avg:  0.0, Max:  0.2, Diff:  0.2, Sum:  0.2, Workers: 4
[2025-04-11T10:00:57.581+0900][640.275s][debug][gc,phases     ] GC(19)       Scanned Cards:            Min: 0, Avg:  0.0, Max: 0, Diff: 0, Sum: 0, Workers: 4
[2025-04-11T10:00:57.581+0900][640.275s][debug][gc,phases     ] GC(19)       Claimed Cards:            Min: 0, Avg:  0.0, Max: 0, Diff: 0, Sum: 0, Workers: 4
[2025-04-11T10:00:57.581+0900][640.275s][debug][gc,phases     ] GC(19)       Skipped Cards:            Min: 0, Avg:  0.0, Max: 0, Diff: 0, Sum: 0, Workers: 4
[2025-04-11T10:00:57.581+0900][640.276s][debug][gc,phases     ] GC(19)     Code Root Scanning (ms):  Min:  0.0, Avg:  0.0, Max:  0.1, Diff:  0.1, Sum:  0.1, Workers: 4
[2025-04-11T10:00:57.581+0900][640.276s][debug][gc,phases     ] GC(19)     AOT Root Scanning (ms):   skipped
[2025-04-11T10:00:57.581+0900][640.276s][debug][gc,phases     ] GC(19)     Object Copy (ms):         Min:  0.0, Avg: 10.1, Max: 29.5, Diff: 29.5, Sum: 40.2, Workers: 4
[2025-04-11T10:00:57.581+0900][640.276s][debug][gc,phases     ] GC(19)     Termination (ms):         Min:  0.0, Avg:  8.9, Max: 12.6, Diff: 12.6, Sum: 35.7, Workers: 4
[2025-04-11T10:00:57.581+0900][640.276s][debug][gc,phases     ] GC(19)       Termination Attempts:     Min: 1, Avg:  1.5, Max: 2, Diff: 1, Sum: 6, Workers: 4
[2025-04-11T10:00:57.581+0900][640.276s][debug][gc,phases     ] GC(19)     GC Worker Other (ms):     Min:  0.0, Avg:  1.7, Max:  6.3, Diff:  6.3, Sum:  6.8, Workers: 4
[2025-04-11T10:00:57.581+0900][640.276s][debug][gc,phases     ] GC(19)     GC Worker Total (ms):     Min: 95.1, Avg: 95.1, Max: 95.2, Diff:  0.0, Sum: 380.6, Workers: 4
[2025-04-11T10:00:57.581+0900][640.276s][info ][gc,phases     ] GC(19)   Post Evacuate Collection Set: 202.8ms
[2025-04-11T10:00:57.581+0900][640.276s][debug][gc,phases     ] GC(19)     Code Roots Fixup: 0.0ms
[2025-04-11T10:00:57.581+0900][640.276s][debug][gc,phases     ] GC(19)     Clear Card Table: 199.9ms
[2025-04-11T10:00:57.581+0900][640.276s][debug][gc,phases     ] GC(19)     Reference Processing: 1.0ms
[2025-04-11T10:00:57.581+0900][640.276s][debug][gc,phases     ] GC(19)     Weak Processing: 0.1ms
[2025-04-11T10:00:57.581+0900][640.276s][debug][gc,phases     ] GC(19)     Merge Per-Thread State: 0.0ms
[2025-04-11T10:00:57.581+0900][640.276s][debug][gc,phases     ] GC(19)     Code Roots Purge: 0.0ms
[2025-04-11T10:00:57.581+0900][640.276s][debug][gc,phases     ] GC(19)     Redirty Cards: 0.0ms
[2025-04-11T10:00:57.581+0900][640.276s][debug][gc,phases     ] GC(19)     DerivedPointerTable Update: 0.0ms
[2025-04-11T10:00:57.581+0900][640.276s][debug][gc,phases     ] GC(19)     Free Collection Set: 0.3ms
[2025-04-11T10:00:57.581+0900][640.276s][debug][gc,phases     ] GC(19)     Humongous Reclaim: 1.5ms
[2025-04-11T10:00:57.581+0900][640.276s][debug][gc,phases     ] GC(19)     Start New Collection Set: 0.0ms
[2025-04-11T10:00:57.581+0900][640.276s][debug][gc,phases     ] GC(19)     Resize TLABs: 0.0ms
[2025-04-11T10:00:57.581+0900][640.276s][debug][gc,phases     ] GC(19)     Expand Heap After Collection: 0.0ms
[2025-04-11T10:00:57.581+0900][640.276s][info ][gc,phases     ] GC(19)   Other: 148.5ms
[2025-04-11T10:00:57.581+0900][640.276s][info ][gc,heap       ] GC(19) Eden regions: 401->0(919)
[2025-04-11T10:00:57.581+0900][640.276s][info ][gc,heap       ] GC(19) Survivor regions: 2->2(116)
[2025-04-11T10:00:57.581+0900][640.276s][info ][gc,heap       ] GC(19) Old regions: 70->70
[2025-04-11T10:00:57.581+0900][640.276s][info ][gc,heap       ] GC(19) Humongous regions: 516->252
[2025-04-11T10:00:57.581+0900][640.276s][info ][gc,metaspace  ] GC(19) Metaspace: 323094K->323094K(1343488K)
[2025-04-11T10:00:57.581+0900][640.276s][debug][gc,heap       ] GC(19) Heap after GC invocations=20 (full 0): garbage-first heap   total 6291456K, used 1320002K [0x0000000680000000, 0x0000000800000000)
[2025-04-11T10:00:57.582+0900][640.276s][debug][gc,heap       ] GC(19)   region size 4096K, 2 young (8192K), 2 survivors (8192K)
[2025-04-11T10:00:57.582+0900][640.276s][debug][gc,heap       ] GC(19)  Metaspace       used 323094K, capacity 333084K, committed 333328K, reserved 1343488K
[2025-04-11T10:00:57.582+0900][640.276s][debug][gc,heap       ] GC(19)   class space    used 36173K, capacity 39518K, committed 39616K, reserved 1048576K
[2025-04-11T10:00:57.582+0900][640.276s][info ][gc            ] GC(19) Pause Young (Concurrent Start) (G1 Humongous Allocation) 3948M->1289M(6144M) 422.659ms
[2025-04-11T10:00:57.582+0900][640.276s][info ][gc,cpu        ] GC(19) User=0.07s Sys=0.00s Real=0.42s
[2025-04-11T10:00:57.587+0900][640.281s][info ][gc            ] GC(20) Concurrent Cycle
[2025-04-11T10:00:57.587+0900][640.281s][info ][gc,marking    ] GC(20) Concurrent Clear Claimed Marks
[2025-04-11T10:00:57.588+0900][640.282s][info ][gc,marking    ] GC(20) Concurrent Clear Claimed Marks 1.169ms
[2025-04-11T10:00:57.588+0900][640.283s][info ][gc,marking    ] GC(20) Concurrent Scan Root Regions
[2025-04-11T10:00:57.611+0900][640.305s][info ][gc,marking    ] GC(20) Concurrent Scan Root Regions 22.242ms
[2025-04-11T10:00:57.611+0900][640.305s][info ][gc,marking    ] GC(20) Concurrent Mark (640.305s)
[2025-04-11T10:00:57.611+0900][640.305s][info ][gc,marking    ] GC(20) Concurrent Mark From Roots
[2025-04-11T10:00:57.611+0900][640.305s][info ][gc,task       ] GC(20) Using 1 workers of 1 for marking
[2025-04-11T10:00:58.941+0900][641.636s][info ][gc,marking    ] GC(20) Concurrent Mark From Roots 1330.725ms
[2025-04-11T10:00:58.941+0900][641.636s][info ][gc,marking    ] GC(20) Concurrent Preclean
[2025-04-11T10:00:58.941+0900][641.636s][debug][gc,ref        ] GC(20) Preclean SoftReferences 0.019ms
[2025-04-11T10:00:58.942+0900][641.636s][debug][gc,ref        ] GC(20) Preclean WeakReferences 0.061ms
[2025-04-11T10:00:58.942+0900][641.636s][debug][gc,ref        ] GC(20) Preclean FinalReferences 0.015ms
[2025-04-11T10:00:58.942+0900][641.636s][debug][gc,ref        ] GC(20) Preclean PhantomReferences 0.033ms
[2025-04-11T10:00:58.942+0900][641.636s][info ][gc,marking    ] GC(20) Concurrent Preclean 0.155ms
[2025-04-11T10:00:58.942+0900][641.636s][info ][gc,marking    ] GC(20) Concurrent Mark (640.305s, 641.636s) 1330.935ms
[2025-04-11T10:00:58.942+0900][641.636s][info ][gc,start      ] GC(20) Pause Remark
[2025-04-11T10:00:58.942+0900][641.637s][debug][gc,phases     ] GC(20) Finalize Marking 0.676ms
[2025-04-11T10:00:58.942+0900][641.637s][debug][gc,ref        ] GC(20) Skipped phase1 of Reference Processing due to unavailable references
[2025-04-11T10:00:58.943+0900][641.637s][debug][gc,ref        ] GC(20) Skipped phase4 of Reference Processing due to unavailable references
[2025-04-11T10:00:58.943+0900][641.637s][debug][gc,phases     ] GC(20) Reference Processing 0.897ms
[2025-04-11T10:00:58.944+0900][641.638s][debug][gc,phases     ] GC(20) Weak Processing 0.186ms
[2025-04-11T10:00:59.061+0900][641.755s][debug][gc,phases     ] GC(20) ClassLoaderData 117.391ms
[2025-04-11T10:00:59.061+0900][641.755s][debug][gc,phases     ] GC(20) ProtectionDomainCacheTable 0.010ms
[2025-04-11T10:00:59.936+0900][642.631s][info ][gc,stringtable] GC(20) Cleaned string and symbol table, strings: 53116 processed, 129 removed, symbols: 218768 processed, 473 removed
[2025-04-11T10:00:59.936+0900][642.631s][debug][gc,phases     ] GC(20) Class Unloading 992.902ms
[2025-04-11T10:00:59.936+0900][642.631s][debug][gc,phases     ] GC(20) Flush Task Caches 0.010ms
[2025-04-11T10:00:59.938+0900][642.632s][debug][gc,phases     ] GC(20) Update Remembered Set Tracking Before Rebuild 1.294ms
[2025-04-11T10:00:59.939+0900][642.633s][debug][gc,phases     ] GC(20) Reclaim Empty Regions 1.238ms
[2025-04-11T10:00:59.939+0900][642.633s][debug][gc,phases     ] GC(20) Purge Metaspace 0.000ms
[2025-04-11T10:00:59.939+0900][642.633s][debug][gc,phases     ] GC(20) Report Object Count 0.001ms
[2025-04-11T10:00:59.939+0900][642.633s][info ][gc,mmu        ] GC(20) MMU target violated: 501.0ms (500.0ms/501.0ms)
[2025-04-11T10:00:59.939+0900][642.633s][info ][gc            ] GC(20) Pause Remark 1827M->1827M(6144M) 997.356ms
[2025-04-11T10:00:59.939+0900][642.633s][info ][gc,cpu        ] GC(20) User=0.10s Sys=0.04s Real=1.00s
[2025-04-11T10:00:59.939+0900][642.633s][info ][gc,marking    ] GC(20) Concurrent Rebuild Remembered Sets
[2025-04-11T10:01:00.229+0900][642.924s][info ][gc,marking    ] GC(20) Concurrent Rebuild Remembered Sets 290.210ms
[2025-04-11T10:01:00.230+0900][642.924s][info ][gc,start      ] GC(20) Pause Cleanup
[2025-04-11T10:01:00.230+0900][642.924s][debug][gc,phases     ] GC(20) Update Remembered Set Tracking After Rebuild 0.080ms
[2025-04-11T10:01:00.231+0900][642.925s][debug][gc,phases     ] GC(20) Finalize Concurrent Mark Cleanup 1.380ms
[2025-04-11T10:01:00.231+0900][642.925s][info ][gc            ] GC(20) Pause Cleanup 1830M->1830M(6144M) 1.502ms
[2025-04-11T10:01:00.231+0900][642.925s][info ][gc,cpu        ] GC(20) User=0.00s Sys=0.00s Real=0.00s
[2025-04-11T10:01:00.231+0900][642.925s][info ][gc,marking    ] GC(20) Concurrent Cleanup for Next Mark
[2025-04-11T10:01:02.092+0900][644.786s][info ][gc,marking    ] GC(20) Concurrent Cleanup for Next Mark 1860.459ms
[2025-04-11T10:01:02.092+0900][644.786s][info ][gc            ] GC(20) Concurrent Cycle 4504.437ms
[2025-04-11T10:07:19.097+0900][1021.791s][debug][gc,heap       ] GC(21) Heap before GC invocations=21 (full 0): garbage-first heap   total 6291456K, used 3630146K [0x0000000680000000, 0x0000000800000000)
[2025-04-11T10:07:19.097+0900][1021.791s][debug][gc,heap       ] GC(21)   region size 4096K, 307 young (1257472K), 2 survivors (8192K)
[2025-04-11T10:07:19.097+0900][1021.791s][debug][gc,heap       ] GC(21)  Metaspace       used 323429K, capacity 333407K, committed 333584K, reserved 1345536K
[2025-04-11T10:07:19.097+0900][1021.791s][debug][gc,heap       ] GC(21)   class space    used 36198K, capacity 39563K, committed 39616K, reserved 1048576K
[2025-04-11T10:07:19.097+0900][1021.791s][info ][gc,start      ] GC(21) Pause Young (Concurrent Start) (G1 Humongous Allocation)
[2025-04-11T10:07:19.097+0900][1021.791s][info ][gc,task       ] GC(21) Using 4 workers of 4 for evacuation
[2025-04-11T10:07:19.097+0900][1021.791s][debug][gc,age        ] GC(21) Desired survivor size 243269632 bytes, new threshold 15 (max threshold 15)
[2025-04-11T10:07:19.103+0900][1021.797s][debug][gc,ref        ] GC(21) Skipped phase1 of Reference Processing due to unavailable references
[2025-04-11T10:07:19.122+0900][1021.816s][info ][gc,phases     ] GC(21)   Pre Evacuate Collection Set: 0.8ms
[2025-04-11T10:07:19.122+0900][1021.816s][debug][gc,phases     ] GC(21)     Prepare TLABs: 0.0ms
[2025-04-11T10:07:19.122+0900][1021.816s][debug][gc,phases     ] GC(21)     Choose Collection Set: 0.0ms
[2025-04-11T10:07:19.122+0900][1021.816s][debug][gc,phases     ] GC(21)     Humongous Register: 0.0ms
[2025-04-11T10:07:19.122+0900][1021.816s][debug][gc,phases     ] GC(21)     Clear Claimed Marks: 0.7ms
[2025-04-11T10:07:19.122+0900][1021.816s][info ][gc,phases     ] GC(21)   Evacuate Collection Set: 3.8ms
[2025-04-11T10:07:19.122+0900][1021.816s][debug][gc,phases     ] GC(21)     Ext Root Scanning (ms):   Min:  2.1, Avg:  2.3, Max:  2.3, Diff:  0.3, Sum:  9.0, Workers: 4
[2025-04-11T10:07:19.122+0900][1021.816s][debug][gc,phases     ] GC(21)     Update RS (ms):           Min:  0.7, Avg:  0.8, Max:  0.9, Diff:  0.2, Sum:  3.2, Workers: 4
[2025-04-11T10:07:19.122+0900][1021.816s][debug][gc,phases     ] GC(21)       Processed Buffers:        Min: 1, Avg:  9.5, Max: 20, Diff: 19, Sum: 38, Workers: 4
[2025-04-11T10:07:19.122+0900][1021.816s][debug][gc,phases     ] GC(21)       Scanned Cards:            Min: 256, Avg: 325.8, Max: 393, Diff: 137, Sum: 1303, Workers: 4
[2025-04-11T10:07:19.122+0900][1021.816s][debug][gc,phases     ] GC(21)       Skipped Cards:            Min: 0, Avg:  0.0, Max: 0, Diff: 0, Sum: 0, Workers: 4
[2025-04-11T10:07:19.122+0900][1021.816s][debug][gc,phases     ] GC(21)     Scan RS (ms):             Min:  0.0, Avg:  0.2, Max:  0.3, Diff:  0.3, Sum:  0.7, Workers: 4
[2025-04-11T10:07:19.122+0900][1021.816s][debug][gc,phases     ] GC(21)       Scanned Cards:            Min: 0, Avg: 57.2, Max: 123, Diff: 123, Sum: 229, Workers: 4
[2025-04-11T10:07:19.122+0900][1021.816s][debug][gc,phases     ] GC(21)       Claimed Cards:            Min: 0, Avg: 85.5, Max: 189, Diff: 189, Sum: 342, Workers: 4
[2025-04-11T10:07:19.122+0900][1021.816s][debug][gc,phases     ] GC(21)       Skipped Cards:            Min: 0, Avg: 141.0, Max: 218, Diff: 218, Sum: 564, Workers: 4
[2025-04-11T10:07:19.122+0900][1021.816s][debug][gc,phases     ] GC(21)     Code Root Scanning (ms):  Min:  0.0, Avg:  0.1, Max:  0.2, Diff:  0.2, Sum:  0.3, Workers: 4
[2025-04-11T10:07:19.122+0900][1021.816s][debug][gc,phases     ] GC(21)     AOT Root Scanning (ms):   skipped
[2025-04-11T10:07:19.122+0900][1021.816s][debug][gc,phases     ] GC(21)     Object Copy (ms):         Min:  0.1, Avg:  0.3, Max:  0.7, Diff:  0.6, Sum:  1.2, Workers: 4
[2025-04-11T10:07:19.122+0900][1021.816s][debug][gc,phases     ] GC(21)     Termination (ms):         Min:  0.0, Avg:  0.0, Max:  0.0, Diff:  0.0, Sum:  0.0, Workers: 4
[2025-04-11T10:07:19.122+0900][1021.816s][debug][gc,phases     ] GC(21)       Termination Attempts:     Min: 1, Avg:  1.0, Max: 1, Diff: 0, Sum: 4, Workers: 4
[2025-04-11T10:07:19.122+0900][1021.816s][debug][gc,phases     ] GC(21)     GC Worker Other (ms):     Min:  0.0, Avg:  0.0, Max:  0.1, Diff:  0.1, Sum:  0.2, Workers: 4
[2025-04-11T10:07:19.122+0900][1021.816s][debug][gc,phases     ] GC(21)     GC Worker Total (ms):     Min:  3.4, Avg:  3.6, Max:  3.7, Diff:  0.3, Sum: 14.6, Workers: 4
[2025-04-11T10:07:19.122+0900][1021.816s][info ][gc,phases     ] GC(21)   Post Evacuate Collection Set: 20.3ms
[2025-04-11T10:07:19.122+0900][1021.816s][debug][gc,phases     ] GC(21)     Code Roots Fixup: 0.0ms
[2025-04-11T10:07:19.122+0900][1021.816s][debug][gc,phases     ] GC(21)     Clear Card Table: 1.4ms
[2025-04-11T10:07:19.122+0900][1021.816s][debug][gc,phases     ] GC(21)     Reference Processing: 0.4ms
[2025-04-11T10:07:19.122+0900][1021.816s][debug][gc,phases     ] GC(21)     Weak Processing: 0.1ms
[2025-04-11T10:07:19.122+0900][1021.816s][debug][gc,phases     ] GC(21)     Merge Per-Thread State: 0.0ms
[2025-04-11T10:07:19.122+0900][1021.816s][debug][gc,phases     ] GC(21)     Code Roots Purge: 0.0ms
[2025-04-11T10:07:19.122+0900][1021.816s][debug][gc,phases     ] GC(21)     Redirty Cards: 0.0ms
[2025-04-11T10:07:19.122+0900][1021.816s][debug][gc,phases     ] GC(21)     DerivedPointerTable Update: 0.0ms
[2025-04-11T10:07:19.122+0900][1021.816s][debug][gc,phases     ] GC(21)     Free Collection Set: 0.2ms
[2025-04-11T10:07:19.122+0900][1021.816s][debug][gc,phases     ] GC(21)     Humongous Reclaim: 18.2ms
[2025-04-11T10:07:19.122+0900][1021.816s][debug][gc,phases     ] GC(21)     Start New Collection Set: 0.0ms
[2025-04-11T10:07:19.122+0900][1021.816s][debug][gc,phases     ] GC(21)     Resize TLABs: 0.0ms
[2025-04-11T10:07:19.122+0900][1021.816s][debug][gc,phases     ] GC(21)     Expand Heap After Collection: 0.0ms
[2025-04-11T10:07:19.122+0900][1021.816s][info ][gc,phases     ] GC(21)   Other: 0.5ms
[2025-04-11T10:07:19.122+0900][1021.816s][info ][gc,heap       ] GC(21) Eden regions: 305->0(920)
[2025-04-11T10:07:19.122+0900][1021.816s][info ][gc,heap       ] GC(21) Survivor regions: 2->1(116)
[2025-04-11T10:07:19.122+0900][1021.816s][info ][gc,heap       ] GC(21) Old regions: 70->70
[2025-04-11T10:07:19.122+0900][1021.816s][info ][gc,heap       ] GC(21) Humongous regions: 513->191
[2025-04-11T10:07:19.122+0900][1021.816s][info ][gc,metaspace  ] GC(21) Metaspace: 323429K->323429K(1345536K)
[2025-04-11T10:07:19.122+0900][1021.816s][debug][gc,heap       ] GC(21) Heap after GC invocations=22 (full 0): garbage-first heap   total 6291456K, used 1064730K [0x0000000680000000, 0x0000000800000000)
[2025-04-11T10:07:19.122+0900][1021.816s][debug][gc,heap       ] GC(21)   region size 4096K, 1 young (4096K), 1 survivors (4096K)
[2025-04-11T10:07:19.122+0900][1021.816s][debug][gc,heap       ] GC(21)  Metaspace       used 323429K, capacity 333407K, committed 333584K, reserved 1345536K
[2025-04-11T10:07:19.122+0900][1021.816s][debug][gc,heap       ] GC(21)   class space    used 36198K, capacity 39563K, committed 39616K, reserved 1048576K
[2025-04-11T10:07:19.123+0900][1021.817s][info ][gc            ] GC(21) Pause Young (Concurrent Start) (G1 Humongous Allocation) 3553M->1039M(6144M) 26.183ms
[2025-04-11T10:07:19.123+0900][1021.817s][info ][gc,cpu        ] GC(21) User=0.02s Sys=0.00s Real=0.03s
[2025-04-11T10:07:19.123+0900][1021.817s][info ][gc            ] GC(22) Concurrent Cycle
[2025-04-11T10:07:19.123+0900][1021.817s][info ][gc,marking    ] GC(22) Concurrent Clear Claimed Marks
[2025-04-11T10:07:19.123+0900][1021.818s][info ][gc,marking    ] GC(22) Concurrent Clear Claimed Marks 0.518ms
[2025-04-11T10:07:19.123+0900][1021.818s][info ][gc,marking    ] GC(22) Concurrent Scan Root Regions
[2025-04-11T10:07:19.126+0900][1021.820s][info ][gc,marking    ] GC(22) Concurrent Scan Root Regions 2.073ms
[2025-04-11T10:07:19.126+0900][1021.820s][info ][gc,marking    ] GC(22) Concurrent Mark (1021.820s)
[2025-04-11T10:07:19.126+0900][1021.820s][info ][gc,marking    ] GC(22) Concurrent Mark From Roots
[2025-04-11T10:07:19.126+0900][1021.820s][info ][gc,task       ] GC(22) Using 1 workers of 1 for marking
[2025-04-11T10:07:19.544+0900][1022.238s][info ][gc,marking    ] GC(22) Concurrent Mark From Roots 418.504ms
[2025-04-11T10:07:19.544+0900][1022.238s][info ][gc,marking    ] GC(22) Concurrent Preclean
[2025-04-11T10:07:19.544+0900][1022.238s][debug][gc,ref        ] GC(22) Preclean SoftReferences 0.014ms
[2025-04-11T10:07:19.544+0900][1022.238s][debug][gc,ref        ] GC(22) Preclean WeakReferences 0.060ms
[2025-04-11T10:07:19.544+0900][1022.238s][debug][gc,ref        ] GC(22) Preclean FinalReferences 0.013ms
[2025-04-11T10:07:19.544+0900][1022.238s][debug][gc,ref        ] GC(22) Preclean PhantomReferences 0.031ms
[2025-04-11T10:07:19.544+0900][1022.238s][info ][gc,marking    ] GC(22) Concurrent Preclean 0.144ms
[2025-04-11T10:07:19.544+0900][1022.238s][info ][gc,marking    ] GC(22) Concurrent Mark (1021.820s, 1022.238s) 418.715ms
[2025-04-11T10:07:19.544+0900][1022.239s][info ][gc,start      ] GC(22) Pause Remark
[2025-04-11T10:07:19.545+0900][1022.239s][debug][gc,phases     ] GC(22) Finalize Marking 0.274ms
[2025-04-11T10:07:19.545+0900][1022.239s][debug][gc,ref        ] GC(22) Skipped phase1 of Reference Processing due to unavailable references
[2025-04-11T10:07:19.545+0900][1022.239s][debug][gc,ref        ] GC(22) Skipped phase2 of Reference Processing due to unavailable references
[2025-04-11T10:07:19.545+0900][1022.239s][debug][gc,ref        ] GC(22) Skipped phase3 of Reference Processing due to unavailable references
[2025-04-11T10:07:19.545+0900][1022.239s][debug][gc,ref        ] GC(22) Skipped phase4 of Reference Processing due to unavailable references
[2025-04-11T10:07:19.545+0900][1022.239s][debug][gc,phases     ] GC(22) Reference Processing 0.038ms
[2025-04-11T10:07:19.545+0900][1022.239s][debug][gc,phases     ] GC(22) Weak Processing 0.173ms
[2025-04-11T10:07:19.546+0900][1022.240s][debug][gc,phases     ] GC(22) ClassLoaderData 0.720ms
[2025-04-11T10:07:19.546+0900][1022.240s][debug][gc,phases     ] GC(22) ProtectionDomainCacheTable 0.008ms
[2025-04-11T10:07:19.569+0900][1022.263s][info ][gc,stringtable] GC(22) Cleaned string and symbol table, strings: 53148 processed, 0 removed, symbols: 218389 processed, 4 removed
[2025-04-11T10:07:19.569+0900][1022.263s][debug][gc,phases     ] GC(22) Class Unloading 23.629ms
[2025-04-11T10:07:19.569+0900][1022.263s][debug][gc,phases     ] GC(22) Flush Task Caches 0.010ms
[2025-04-11T10:07:19.569+0900][1022.263s][debug][gc,phases     ] GC(22) Update Remembered Set Tracking Before Rebuild 0.110ms
[2025-04-11T10:07:19.569+0900][1022.263s][debug][gc,phases     ] GC(22) Reclaim Empty Regions 0.084ms
[2025-04-11T10:07:19.569+0900][1022.263s][debug][gc,phases     ] GC(22) Purge Metaspace 0.000ms
[2025-04-11T10:07:19.569+0900][1022.263s][debug][gc,phases     ] GC(22) Report Object Count 0.001ms
[2025-04-11T10:07:19.569+0900][1022.263s][info ][gc            ] GC(22) Pause Remark 1574M->1574M(6144M) 24.409ms
[2025-04-11T10:07:19.569+0900][1022.263s][info ][gc,cpu        ] GC(22) User=0.09s Sys=0.00s Real=0.02s
[2025-04-11T10:07:19.569+0900][1022.263s][info ][gc,marking    ] GC(22) Concurrent Rebuild Remembered Sets
[2025-04-11T10:07:19.824+0900][1022.518s][info ][gc,marking    ] GC(22) Concurrent Rebuild Remembered Sets 255.348ms
[2025-04-11T10:07:19.824+0900][1022.519s][info ][gc,start      ] GC(22) Pause Cleanup
[2025-04-11T10:07:19.824+0900][1022.519s][debug][gc,phases     ] GC(22) Update Remembered Set Tracking After Rebuild 0.076ms
[2025-04-11T10:07:19.825+0900][1022.519s][debug][gc,phases     ] GC(22) Finalize Concurrent Mark Cleanup 0.148ms
[2025-04-11T10:07:19.825+0900][1022.519s][info ][gc            ] GC(22) Pause Cleanup 1583M->1583M(6144M) 0.272ms
[2025-04-11T10:07:19.825+0900][1022.519s][info ][gc,cpu        ] GC(22) User=0.00s Sys=0.00s Real=0.00s
[2025-04-11T10:07:19.825+0900][1022.519s][info ][gc,marking    ] GC(22) Concurrent Cleanup for Next Mark
[2025-04-11T10:07:21.740+0900][1024.434s][info ][gc,marking    ] GC(22) Concurrent Cleanup for Next Mark 1914.813ms
[2025-04-11T10:07:21.740+0900][1024.434s][info ][gc            ] GC(22) Concurrent Cycle 2616.705ms
[2025-04-11T10:07:35.338+0900][1038.033s][debug][gc,heap       ] GC(23) Heap before GC invocations=23 (full 0): garbage-first heap   total 6291456K, used 2653978K [0x0000000680000000, 0x0000000800000000)
[2025-04-11T10:07:35.338+0900][1038.033s][debug][gc,heap       ] GC(23)   region size 4096K, 135 young (552960K), 1 survivors (4096K)
[2025-04-11T10:07:35.338+0900][1038.033s][debug][gc,heap       ] GC(23)  Metaspace       used 323430K, capacity 333407K, committed 333584K, reserved 1345536K
[2025-04-11T10:07:35.338+0900][1038.033s][debug][gc,heap       ] GC(23)   class space    used 36198K, capacity 39563K, committed 39616K, reserved 1048576K
[2025-04-11T10:07:35.338+0900][1038.033s][info ][gc,start      ] GC(23) Pause Young (Concurrent Start) (G1 Humongous Allocation)
[2025-04-11T10:07:35.338+0900][1038.033s][info ][gc,task       ] GC(23) Using 4 workers of 4 for evacuation
[2025-04-11T10:07:35.338+0900][1038.033s][debug][gc,age        ] GC(23) Desired survivor size 243269632 bytes, new threshold 15 (max threshold 15)
[2025-04-11T10:07:35.343+0900][1038.037s][debug][gc,ref        ] GC(23) Skipped phase1 of Reference Processing due to unavailable references
[2025-04-11T10:07:35.344+0900][1038.038s][info ][gc,phases     ] GC(23)   Pre Evacuate Collection Set: 0.8ms
[2025-04-11T10:07:35.344+0900][1038.038s][debug][gc,phases     ] GC(23)     Prepare TLABs: 0.0ms
[2025-04-11T10:07:35.344+0900][1038.038s][debug][gc,phases     ] GC(23)     Choose Collection Set: 0.0ms
[2025-04-11T10:07:35.344+0900][1038.038s][debug][gc,phases     ] GC(23)     Humongous Register: 0.0ms
[2025-04-11T10:07:35.344+0900][1038.038s][debug][gc,phases     ] GC(23)     Clear Claimed Marks: 0.7ms
[2025-04-11T10:07:35.344+0900][1038.038s][info ][gc,phases     ] GC(23)   Evacuate Collection Set: 3.1ms
[2025-04-11T10:07:35.344+0900][1038.038s][debug][gc,phases     ] GC(23)     Ext Root Scanning (ms):   Min:  1.8, Avg:  1.9, Max:  1.9, Diff:  0.1, Sum:  7.5, Workers: 4
[2025-04-11T10:07:35.344+0900][1038.038s][debug][gc,phases     ] GC(23)     Update RS (ms):           Min:  0.5, Avg:  0.6, Max:  0.7, Diff:  0.2, Sum:  2.3, Workers: 4
[2025-04-11T10:07:35.344+0900][1038.038s][debug][gc,phases     ] GC(23)       Processed Buffers:        Min: 1, Avg:  5.0, Max: 13, Diff: 12, Sum: 20, Workers: 4
[2025-04-11T10:07:35.344+0900][1038.038s][debug][gc,phases     ] GC(23)       Scanned Cards:            Min: 172, Avg: 266.5, Max: 351, Diff: 179, Sum: 1066, Workers: 4
[2025-04-11T10:07:35.344+0900][1038.038s][debug][gc,phases     ] GC(23)       Skipped Cards:            Min: 0, Avg:  0.2, Max: 1, Diff: 1, Sum: 1, Workers: 4
[2025-04-11T10:07:35.344+0900][1038.038s][debug][gc,phases     ] GC(23)     Scan RS (ms):             Min:  0.0, Avg:  0.2, Max:  0.4, Diff:  0.3, Sum:  0.9, Workers: 4
[2025-04-11T10:07:35.344+0900][1038.038s][debug][gc,phases     ] GC(23)       Scanned Cards:            Min: 0, Avg: 87.2, Max: 219, Diff: 219, Sum: 349, Workers: 4
[2025-04-11T10:07:35.344+0900][1038.038s][debug][gc,phases     ] GC(23)       Claimed Cards:            Min: 0, Avg: 98.8, Max: 257, Diff: 257, Sum: 395, Workers: 4
[2025-04-11T10:07:35.344+0900][1038.038s][debug][gc,phases     ] GC(23)       Skipped Cards:            Min: 138, Avg: 295.8, Max: 394, Diff: 256, Sum: 1183, Workers: 4
[2025-04-11T10:07:35.344+0900][1038.038s][debug][gc,phases     ] GC(23)     Code Root Scanning (ms):  Min:  0.0, Avg:  0.1, Max:  0.3, Diff:  0.3, Sum:  0.3, Workers: 4
[2025-04-11T10:07:35.344+0900][1038.038s][debug][gc,phases     ] GC(23)     AOT Root Scanning (ms):   skipped
[2025-04-11T10:07:35.344+0900][1038.038s][debug][gc,phases     ] GC(23)     Object Copy (ms):         Min:  0.1, Avg:  0.2, Max:  0.4, Diff:  0.3, Sum:  0.7, Workers: 4
[2025-04-11T10:07:35.344+0900][1038.038s][debug][gc,phases     ] GC(23)     Termination (ms):         Min:  0.0, Avg:  0.1, Max:  0.2, Diff:  0.2, Sum:  0.6, Workers: 4
[2025-04-11T10:07:35.344+0900][1038.038s][debug][gc,phases     ] GC(23)       Termination Attempts:     Min: 1, Avg:  1.0, Max: 1, Diff: 0, Sum: 4, Workers: 4
[2025-04-11T10:07:35.344+0900][1038.038s][debug][gc,phases     ] GC(23)     GC Worker Other (ms):     Min:  0.0, Avg:  0.0, Max:  0.0, Diff:  0.0, Sum:  0.1, Workers: 4
[2025-04-11T10:07:35.344+0900][1038.038s][debug][gc,phases     ] GC(23)     GC Worker Total (ms):     Min:  3.1, Avg:  3.1, Max:  3.1, Diff:  0.0, Sum: 12.3, Workers: 4
[2025-04-11T10:07:35.344+0900][1038.038s][info ][gc,phases     ] GC(23)   Post Evacuate Collection Set: 1.0ms
[2025-04-11T10:07:35.344+0900][1038.038s][debug][gc,phases     ] GC(23)     Code Roots Fixup: 0.0ms
[2025-04-11T10:07:35.344+0900][1038.038s][debug][gc,phases     ] GC(23)     Clear Card Table: 0.2ms
[2025-04-11T10:07:35.344+0900][1038.038s][debug][gc,phases     ] GC(23)     Reference Processing: 0.1ms
[2025-04-11T10:07:35.344+0900][1038.038s][debug][gc,phases     ] GC(23)     Weak Processing: 0.1ms
[2025-04-11T10:07:35.344+0900][1038.038s][debug][gc,phases     ] GC(23)     Merge Per-Thread State: 0.0ms
[2025-04-11T10:07:35.344+0900][1038.038s][debug][gc,phases     ] GC(23)     Code Roots Purge: 0.0ms
[2025-04-11T10:07:35.344+0900][1038.038s][debug][gc,phases     ] GC(23)     Redirty Cards: 0.0ms
[2025-04-11T10:07:35.344+0900][1038.038s][debug][gc,phases     ] GC(23)     DerivedPointerTable Update: 0.0ms
[2025-04-11T10:07:35.344+0900][1038.038s][debug][gc,phases     ] GC(23)     Free Collection Set: 0.2ms
[2025-04-11T10:07:35.344+0900][1038.038s][debug][gc,phases     ] GC(23)     Humongous Reclaim: 0.4ms
[2025-04-11T10:07:35.344+0900][1038.038s][debug][gc,phases     ] GC(23)     Start New Collection Set: 0.0ms
[2025-04-11T10:07:35.344+0900][1038.038s][debug][gc,phases     ] GC(23)     Resize TLABs: 0.0ms
[2025-04-11T10:07:35.344+0900][1038.038s][debug][gc,phases     ] GC(23)     Expand Heap After Collection: 0.0ms
[2025-04-11T10:07:35.344+0900][1038.038s][info ][gc,phases     ] GC(23)   Other: 0.4ms
[2025-04-11T10:07:35.344+0900][1038.038s][info ][gc,heap       ] GC(23) Eden regions: 134->0(875)
[2025-04-11T10:07:35.344+0900][1038.038s][info ][gc,heap       ] GC(23) Survivor regions: 1->1(116)
[2025-04-11T10:07:35.344+0900][1038.038s][info ][gc,heap       ] GC(23) Old regions: 70->70
[2025-04-11T10:07:35.344+0900][1038.038s][info ][gc,heap       ] GC(23) Humongous regions: 446->252
[2025-04-11T10:07:35.344+0900][1038.038s][info ][gc,metaspace  ] GC(23) Metaspace: 323430K->323430K(1345536K)
[2025-04-11T10:07:35.344+0900][1038.038s][debug][gc,heap       ] GC(23) Heap after GC invocations=24 (full 0): garbage-first heap   total 6291456K, used 1312807K [0x0000000680000000, 0x0000000800000000)
[2025-04-11T10:07:35.344+0900][1038.038s][debug][gc,heap       ] GC(23)   region size 4096K, 1 young (4096K), 1 survivors (4096K)
[2025-04-11T10:07:35.344+0900][1038.038s][debug][gc,heap       ] GC(23)  Metaspace       used 323430K, capacity 333407K, committed 333584K, reserved 1345536K
[2025-04-11T10:07:35.344+0900][1038.038s][debug][gc,heap       ] GC(23)   class space    used 36198K, capacity 39563K, committed 39616K, reserved 1048576K
[2025-04-11T10:07:35.344+0900][1038.038s][info ][gc            ] GC(23) Pause Young (Concurrent Start) (G1 Humongous Allocation) 2595M->1282M(6144M) 5.382ms
[2025-04-11T10:07:35.344+0900][1038.038s][info ][gc,cpu        ] GC(23) User=0.01s Sys=0.00s Real=0.01s
[2025-04-11T10:07:35.344+0900][1038.038s][info ][gc            ] GC(24) Concurrent Cycle
[2025-04-11T10:07:35.344+0900][1038.038s][info ][gc,marking    ] GC(24) Concurrent Clear Claimed Marks
[2025-04-11T10:07:35.344+0900][1038.038s][info ][gc,marking    ] GC(24) Concurrent Clear Claimed Marks 0.464ms
[2025-04-11T10:07:35.344+0900][1038.039s][info ][gc,marking    ] GC(24) Concurrent Scan Root Regions
[2025-04-11T10:07:35.346+0900][1038.040s][info ][gc,marking    ] GC(24) Concurrent Scan Root Regions 1.918ms
[2025-04-11T10:07:35.346+0900][1038.040s][info ][gc,marking    ] GC(24) Concurrent Mark (1038.040s)
[2025-04-11T10:07:35.346+0900][1038.040s][info ][gc,marking    ] GC(24) Concurrent Mark From Roots
[2025-04-11T10:07:35.346+0900][1038.040s][info ][gc,task       ] GC(24) Using 1 workers of 1 for marking
[2025-04-11T10:07:35.757+0900][1038.451s][info ][gc,marking    ] GC(24) Concurrent Mark From Roots 410.601ms
[2025-04-11T10:07:35.757+0900][1038.451s][info ][gc,marking    ] GC(24) Concurrent Preclean
[2025-04-11T10:07:35.757+0900][1038.451s][debug][gc,ref        ] GC(24) Preclean SoftReferences 0.014ms
[2025-04-11T10:07:35.757+0900][1038.451s][debug][gc,ref        ] GC(24) Preclean WeakReferences 0.060ms
[2025-04-11T10:07:35.757+0900][1038.451s][debug][gc,ref        ] GC(24) Preclean FinalReferences 0.013ms
[2025-04-11T10:07:35.757+0900][1038.451s][debug][gc,ref        ] GC(24) Preclean PhantomReferences 0.033ms
[2025-04-11T10:07:35.757+0900][1038.451s][info ][gc,marking    ] GC(24) Concurrent Preclean 0.147ms
[2025-04-11T10:07:35.757+0900][1038.451s][info ][gc,marking    ] GC(24) Concurrent Mark (1038.040s, 1038.451s) 410.805ms
[2025-04-11T10:07:35.757+0900][1038.451s][info ][gc,start      ] GC(24) Pause Remark
[2025-04-11T10:07:35.757+0900][1038.452s][debug][gc,phases     ] GC(24) Finalize Marking 0.090ms
[2025-04-11T10:07:35.757+0900][1038.452s][debug][gc,ref        ] GC(24) Skipped phase1 of Reference Processing due to unavailable references
[2025-04-11T10:07:35.757+0900][1038.452s][debug][gc,ref        ] GC(24) Skipped phase2 of Reference Processing due to unavailable references
[2025-04-11T10:07:35.757+0900][1038.452s][debug][gc,ref        ] GC(24) Skipped phase3 of Reference Processing due to unavailable references
[2025-04-11T10:07:35.757+0900][1038.452s][debug][gc,ref        ] GC(24) Skipped phase4 of Reference Processing due to unavailable references
[2025-04-11T10:07:35.757+0900][1038.452s][debug][gc,phases     ] GC(24) Reference Processing 0.035ms
[2025-04-11T10:07:35.758+0900][1038.452s][debug][gc,phases     ] GC(24) Weak Processing 0.174ms
[2025-04-11T10:07:35.758+0900][1038.452s][debug][gc,phases     ] GC(24) ClassLoaderData 0.713ms
[2025-04-11T10:07:35.758+0900][1038.452s][debug][gc,phases     ] GC(24) ProtectionDomainCacheTable 0.009ms
[2025-04-11T10:07:35.781+0900][1038.475s][info ][gc,stringtable] GC(24) Cleaned string and symbol table, strings: 53153 processed, 0 removed, symbols: 218385 processed, 0 removed
[2025-04-11T10:07:35.781+0900][1038.475s][debug][gc,phases     ] GC(24) Class Unloading 23.085ms
[2025-04-11T10:07:35.781+0900][1038.475s][debug][gc,phases     ] GC(24) Flush Task Caches 0.010ms
[2025-04-11T10:07:35.781+0900][1038.475s][debug][gc,phases     ] GC(24) Update Remembered Set Tracking Before Rebuild 0.141ms
[2025-04-11T10:07:35.781+0900][1038.475s][debug][gc,phases     ] GC(24) Reclaim Empty Regions 0.086ms
[2025-04-11T10:07:35.781+0900][1038.475s][debug][gc,phases     ] GC(24) Purge Metaspace 0.000ms
[2025-04-11T10:07:35.781+0900][1038.475s][debug][gc,phases     ] GC(24) Report Object Count 0.000ms
[2025-04-11T10:07:35.781+0900][1038.475s][info ][gc            ] GC(24) Pause Remark 1800M->1800M(6144M) 23.726ms
[2025-04-11T10:07:35.781+0900][1038.475s][info ][gc,cpu        ] GC(24) User=0.09s Sys=0.00s Real=0.02s
[2025-04-11T10:07:35.781+0900][1038.475s][info ][gc,marking    ] GC(24) Concurrent Rebuild Remembered Sets
[2025-04-11T10:07:36.016+0900][1038.710s][info ][gc,marking    ] GC(24) Concurrent Rebuild Remembered Sets 235.210ms
[2025-04-11T10:07:36.016+0900][1038.711s][info ][gc,start      ] GC(24) Pause Cleanup
[2025-04-11T10:07:36.017+0900][1038.711s][debug][gc,phases     ] GC(24) Update Remembered Set Tracking After Rebuild 0.080ms
[2025-04-11T10:07:36.017+0900][1038.711s][debug][gc,phases     ] GC(24) Finalize Concurrent Mark Cleanup 0.139ms
[2025-04-11T10:07:36.017+0900][1038.711s][info ][gc            ] GC(24) Pause Cleanup 1807M->1807M(6144M) 0.259ms
[2025-04-11T10:07:36.017+0900][1038.711s][info ][gc,cpu        ] GC(24) User=0.00s Sys=0.00s Real=0.00s
[2025-04-11T10:07:36.017+0900][1038.711s][info ][gc,marking    ] GC(24) Concurrent Cleanup for Next Mark
[2025-04-11T10:07:36.032+0900][1038.726s][info ][gc,marking    ] GC(24) Concurrent Cleanup for Next Mark 15.123ms
[2025-04-11T10:07:36.032+0900][1038.726s][info ][gc            ] GC(24) Concurrent Cycle 688.028ms
[2025-04-11T10:25:10.538+0900][2093.232s][info ][gc,heap,exit  ] Heap
[2025-04-11T10:25:10.538+0900][2093.232s][info ][gc,heap,exit  ]  garbage-first heap   total 6291456K, used 3098663K [0x0000000680000000, 0x0000000800000000)
[2025-04-11T10:25:10.538+0900][2093.232s][info ][gc,heap,exit  ]   region size 4096K, 273 young (1118208K), 1 survivors (4096K)
[2025-04-11T10:25:10.538+0900][2093.232s][info ][gc,heap,exit  ]  Metaspace       used 324404K, capacity 334604K, committed 334992K, reserved 1345536K
[2025-04-11T10:25:10.538+0900][2093.232s][info ][gc,heap,exit  ]   class space    used 36251K, capacity 39655K, committed 39744K, reserved 1048576K
